Archive member included to satisfy reference by file (symbol)

app/libapp.a(main.c.obj)      (--whole-archive)
zephyr/libzephyr.a(validate_libc.c.obj)
                              (--whole-archive)
zephyr/libzephyr.a(heap.c.obj)
                              (--whole-archive)
zephyr/libzephyr.a(cbprintf_packaged.c.obj)
                              (--whole-archive)
zephyr/libzephyr.a(clock.c.obj)
                              (--whole-archive)
zephyr/libzephyr.a(printk.c.obj)
                              (--whole-archive)
zephyr/libzephyr.a(sem.c.obj)
                              (--whole-archive)
zephyr/libzephyr.a(thread_entry.c.obj)
                              (--whole-archive)
zephyr/libzephyr.a(cbprintf_complete.c.obj)
                              (--whole-archive)
zephyr/libzephyr.a(assert.c.obj)
                              (--whole-archive)
zephyr/libzephyr.a(dec.c.obj)
                              (--whole-archive)
zephyr/libzephyr.a(hex.c.obj)
                              (--whole-archive)
zephyr/libzephyr.a(rb.c.obj)  (--whole-archive)
zephyr/libzephyr.a(timeutil.c.obj)
                              (--whole-archive)
zephyr/libzephyr.a(bitarray.c.obj)
                              (--whole-archive)
zephyr/libzephyr.a(bitmask.c.obj)
                              (--whole-archive)
zephyr/libzephyr.a(onoff.c.obj)
                              (--whole-archive)
zephyr/libzephyr.a(notify.c.obj)
                              (--whole-archive)
zephyr/libzephyr.a(ring_buffer.c.obj)
                              (--whole-archive)
zephyr/libzephyr.a(last_section_id.c.obj)
                              (--whole-archive)
zephyr/libzephyr.a(configs.c.obj)
                              (--whole-archive)
zephyr/libzephyr.a(thread_info.c.obj)
                              (--whole-archive)
zephyr/libzephyr.a(mem_attr.c.obj)
                              (--whole-archive)
zephyr/libzephyr.a(tracing_none.c.obj)
                              (--whole-archive)
zephyr/arch/common/libarch__common.a(sw_isr_common.c.obj)
                              (--whole-archive)
zephyr/arch/common/libarch__common.a(init.c.obj)
                              (--whole-archive)
zephyr/arch/common/libarch__common.a(xip.c.obj)
                              (--whole-archive)
zephyr/arch/arch/arm/core/libarch__arm__core.a(fatal.c.obj)
                              (--whole-archive)
zephyr/arch/arch/arm/core/libarch__arm__core.a(nmi.c.obj)
                              (--whole-archive)
zephyr/arch/arch/arm/core/libarch__arm__core.a(nmi_on_reset.S.obj)
                              (--whole-archive)
zephyr/arch/arch/arm/core/libarch__arm__core.a(tls.c.obj)
                              (--whole-archive)
zephyr/arch/arch/arm/core/cortex_m/libarch__arm__core__cortex_m.a(exc_exit.c.obj)
                              (--whole-archive)
zephyr/arch/arch/arm/core/cortex_m/libarch__arm__core__cortex_m.a(fault.c.obj)
                              (--whole-archive)
zephyr/arch/arch/arm/core/cortex_m/libarch__arm__core__cortex_m.a(fault_s.S.obj)
                              (--whole-archive)
zephyr/arch/arch/arm/core/cortex_m/libarch__arm__core__cortex_m.a(fpu.c.obj)
                              (--whole-archive)
zephyr/arch/arch/arm/core/cortex_m/libarch__arm__core__cortex_m.a(reset.S.obj)
                              (--whole-archive)
zephyr/arch/arch/arm/core/cortex_m/libarch__arm__core__cortex_m.a(scb.c.obj)
                              (--whole-archive)
zephyr/arch/arch/arm/core/cortex_m/libarch__arm__core__cortex_m.a(thread_abort.c.obj)
                              (--whole-archive)
zephyr/arch/arch/arm/core/cortex_m/libarch__arm__core__cortex_m.a(vector_table.S.obj)
                              (--whole-archive)
zephyr/arch/arch/arm/core/cortex_m/libarch__arm__core__cortex_m.a(swap_helper.S.obj)
                              (--whole-archive)
zephyr/arch/arch/arm/core/cortex_m/libarch__arm__core__cortex_m.a(irq_manage.c.obj)
                              (--whole-archive)
zephyr/arch/arch/arm/core/cortex_m/libarch__arm__core__cortex_m.a(prep_c.c.obj)
                              (--whole-archive)
zephyr/arch/arch/arm/core/cortex_m/libarch__arm__core__cortex_m.a(thread.c.obj)
                              (--whole-archive)
zephyr/arch/arch/arm/core/cortex_m/libarch__arm__core__cortex_m.a(cpu_idle.c.obj)
                              (--whole-archive)
zephyr/arch/arch/arm/core/cortex_m/libarch__arm__core__cortex_m.a(irq_init.c.obj)
                              (--whole-archive)
zephyr/arch/arch/arm/core/cortex_m/libarch__arm__core__cortex_m.a(isr_wrapper.c.obj)
                              (--whole-archive)
zephyr/arch/arch/arm/core/cortex_m/libarch__arm__core__cortex_m.a(__aeabi_read_tp.S.obj)
                              (--whole-archive)
zephyr/arch/arch/arm/core/mpu/libarch__arm__core__mpu.a(arm_core_mpu.c.obj)
                              (--whole-archive)
[...]
Memory Configuration

Name             Origin             Length             Attributes
FLASH            0x0000000000000000 0x0000000000100000 xr
RAM              0x0000000020000000 0x0000000000040000 xw
IDT_LIST         0x00000000ffff7fff 0x0000000000008000 xw
*default*        0x0000000000000000 0xffffffffffffffff

Linker script and memory map

                0x0000000000004168                vfprintf = __l_vfprintf
                0x0000000000000000                vfscanf = __l_vfscanf
LOAD zephyr/CMakeFiles/zephyr_final.dir/misc/empty_file.c.obj
LOAD zephyr/CMakeFiles/zephyr_final.dir/isr_tables.c.obj
LOAD zephyr/CMakeFiles/offsets.dir/./arch/arm/core/offsets/offsets.c.obj
LOAD app/libapp.a
LOAD zephyr/libzephyr.a
LOAD zephyr/arch/common/libarch__common.a
LOAD zephyr/arch/arch/arm/core/libarch__arm__core.a
LOAD zephyr/arch/arch/arm/core/cortex_m/libarch__arm__core__cortex_m.a
LOAD zephyr/arch/arch/arm/core/mpu/libarch__arm__core__mpu.a
LOAD zephyr/lib/libc/picolibc/liblib__libc__picolibc.a
LOAD zephyr/lib/libc/common/liblib__libc__common.a
LOAD zephyr/lib/posix/c_lib_ext/liblib__posix__c_lib_ext.a
LOAD zephyr/soc/soc/nrf52840/libsoc__nordic.a
LOAD zephyr/drivers/clock_control/libdrivers__clock_control.a
LOAD zephyr/drivers/console/libdrivers__console.a
LOAD zephyr/drivers/gpio/libdrivers__gpio.a
LOAD zephyr/drivers/i2c/libdrivers__i2c.a
LOAD zephyr/drivers/pinctrl/libdrivers__pinctrl.a
LOAD zephyr/drivers/serial/libdrivers__serial.a
LOAD zephyr/drivers/timer/libdrivers__timer.a
LOAD modules/hal_nordic/nrfx/libnrfx.a
LOAD zephyr/kernel/libkernel.a
LOAD zephyr/arch/common/libisr_tables.a
LOAD c:\ncs\toolchains\936afb6332\opt\zephyr-sdk\arm-zephyr-eabi\bin\../lib/gcc/../../picolibc/arm-zephyr-eabi/lib/thumb/v7e-m/nofp\libc.a
LOAD c:/ncs/toolchains/936afb6332/opt/zephyr-sdk/arm-zephyr-eabi/bin/../lib/gcc/arm-zephyr-eabi/12.2.0/thumb/v7e-m/nofp\libgcc.a
                0x0000000000000020                _region_min_align = 0x20

.rel.plt        0x0000000000000000        0x0
 *(SORT_BY_ALIGNMENT(.rel.plt))
                [!provide]                        PROVIDE (__rel_iplt_start = .)
 *(SORT_BY_ALIGNMENT(.rel.iplt))
 .rel.iplt      0x0000000000000000        0x0 zephyr/CMakeFiles/zephyr_final.dir/isr_tables.c.obj
                [!provide]                        PROVIDE (__rel_iplt_end = .)

.rela.plt       0x0000000000000000        0x0
 *(SORT_BY_ALIGNMENT(.rela.plt))
                [!provide]                        PROVIDE (__rela_iplt_start = .)
 *(SORT_BY_ALIGNMENT(.rela.iplt))
                [!provide]                        PROVIDE (__rela_iplt_end = .)

.rel.dyn
 *(SORT_BY_ALIGNMENT(.rel.*))

.rela.dyn
 *(SORT_BY_ALIGNMENT(.rela.*))

/DISCARD/
 *(SORT_BY_ALIGNMENT(.plt))

/DISCARD/
 *(SORT_BY_ALIGNMENT(.iplt))
                0x0000000000000000                __rom_region_start = 0x0

rom_start       0x0000000000000000      0x100
                0x0000000000000000                __rom_start_address = .
 FILL mask 0x00
                0x0000000000000000                . = (. + (0x0 - (. - __rom_start_address)))
                0x0000000000000000                . = ALIGN (0x4)
                0x0000000000000000                . = ALIGN (0x80)
                0x0000000000000000                . = ALIGN (0x100)
                0x0000000000000000                _vector_start = .
 *(SORT_BY_ALIGNMENT(.exc_vector_table))
 *(SORT_BY_ALIGNMENT(.exc_vector_table.*))
 .exc_vector_table._vector_table_section
                0x0000000000000000       0x40 zephyr/arch/arch/arm/core/cortex_m/libarch__arm__core__cortex_m.a(vector_table.S.obj)
                0x0000000000000000                _vector_table
 *(SORT_BY_ALIGNMENT(.vectors))
                0x0000000000000100                _vector_end = .
                0x0000000000000040                . = ALIGN (0x4)
 *(SORT_BY_ALIGNMENT(.gnu.linkonce.irq_vector_table*))
 .gnu.linkonce.irq_vector_table
                0x0000000000000040       0xc0 zephyr/CMakeFiles/zephyr_final.dir/isr_tables.c.obj
                0x0000000000000040                _irq_vector_table
                0x0000000000000100                _vector_end = .

text            0x0000000000000100     0x5118
                0x0000000000000100                __text_region_start = .
 *(SORT_BY_ALIGNMENT(.text))
 *(SORT_BY_ALIGNMENT(.text.*))
 .text.drv2605l_read
                0x0000000000000100       0x48 app/libapp.a(main.c.obj)
                0x0000000000000100                drv2605l_read
 .text.drv2605l_write
                0x0000000000000148       0x3c app/libapp.a(main.c.obj)
                0x0000000000000148                drv2605l_write
 .text.drv2605l_standby
                0x0000000000000184       0x3c app/libapp.a(main.c.obj)
                0x0000000000000184                drv2605l_standby
 .text.drv2605l_mode_to_autocalibration
                0x00000000000001c0       0x3c app/libapp.a(main.c.obj)
                0x00000000000001c0                drv2605l_mode_to_autocalibration
 .text.drv2605l_print_library_info
                0x00000000000001fc       0x44 app/libapp.a(main.c.obj)
                0x00000000000001fc                drv2605l_print_library_info
 .text.drv2605l_auto_config_routine_complete
                0x0000000000000240       0x38 app/libapp.a(main.c.obj)
                0x0000000000000240                drv2605l_auto_config_routine_complete
 .text.main     0x0000000000000278      0x13c app/libapp.a(main.c.obj)
                0x0000000000000278                main
 .text.char_out
                0x00000000000003b4        0xc zephyr/libzephyr.a(printk.c.obj)
 .text.__printk_hook_install
                0x00000000000003c0        0xc zephyr/libzephyr.a(printk.c.obj)
                0x00000000000003c0                __printk_hook_install
 .text.vprintk  0x00000000000003cc       0x30 zephyr/libzephyr.a(printk.c.obj)
                0x00000000000003cc                vprintk
 .text.z_thread_entry
                0x00000000000003fc       0x34 zephyr/libzephyr.a(thread_entry.c.obj)
                0x00000000000003fc                z_thread_entry
 .text.process_event
                0x0000000000000430      0x21c zephyr/libzephyr.a(onoff.c.obj)
 .text.mem_attr_get_regions
                0x000000000000064c        0xc zephyr/libzephyr.a(mem_attr.c.obj)
                0x000000000000064c                mem_attr_get_regions
 .text.arch_bss_zero
                0x0000000000000658       0x18 zephyr/arch/common/libarch__common.a(init.c.obj)
                0x0000000000000658                arch_bss_zero
 .text.arch_data_copy
                0x0000000000000670       0x38 zephyr/arch/common/libarch__common.a(xip.c.obj)
                0x0000000000000670                arch_data_copy
 .text.z_arm_fatal_error
                0x00000000000006a8       0x60 zephyr/arch/arch/arm/core/libarch__arm__core.a(fatal.c.obj)
                0x00000000000006a8                z_arm_fatal_error
 .text.z_SysNmiOnReset
                0x0000000000000708        0x8 zephyr/arch/arch/arm/core/libarch__arm__core.a(nmi_on_reset.S.obj)
                0x0000000000000708                z_SysNmiOnReset
 .text.arch_tls_stack_setup
                0x0000000000000710       0x40 zephyr/arch/arch/arm/core/libarch__arm__core.a(tls.c.obj)
                0x0000000000000710                arch_tls_stack_setup
 .text._HandlerModeExit
                0x0000000000000750       0x20 zephyr/arch/arch/arm/core/cortex_m/libarch__arm__core__cortex_m.a(exc_exit.c.obj)
                0x0000000000000750                z_arm_int_exit
                0x0000000000000750                z_arm_exc_exit
 .text.mem_manage_fault
                0x0000000000000770       0xf0 zephyr/arch/arch/arm/core/cortex_m/libarch__arm__core__cortex_m.a(fault.c.obj)
 .text.usage_fault.constprop.0
                0x0000000000000860       0x98 zephyr/arch/arch/arm/core/cortex_m/libarch__arm__core__cortex_m.a(fault.c.obj)
 .text.bus_fault.constprop.0
                0x00000000000008f8       0xb8 zephyr/arch/arch/arm/core/cortex_m/libarch__arm__core__cortex_m.a(fault.c.obj)
 .text.z_arm_fault
                0x00000000000009b0      0x1a0 zephyr/arch/arch/arm/core/cortex_m/libarch__arm__core__cortex_m.a(fault.c.obj)
                0x00000000000009b0                z_arm_fault
 .text.z_arm_fault_init
                0x0000000000000b50       0x18 zephyr/arch/arch/arm/core/cortex_m/libarch__arm__core__cortex_m.a(fault.c.obj)
                0x0000000000000b50                z_arm_fault_init
 .text.__fault  0x0000000000000b68       0x14 zephyr/arch/arch/arm/core/cortex_m/libarch__arm__core__cortex_m.a(fault_s.S.obj)
                0x0000000000000b68                z_arm_usage_fault
                0x0000000000000b68                z_arm_mpu_fault
                0x0000000000000b68                z_arm_exc_spurious
                0x0000000000000b68                z_arm_debug_monitor
                0x0000000000000b68                z_arm_hard_fault
                0x0000000000000b68                z_arm_bus_fault
 .text._reset_section
                0x0000000000000b7c       0x44 zephyr/arch/arch/arm/core/cortex_m/libarch__arm__core__cortex_m.a(reset.S.obj)
                0x0000000000000b7c                __start
                0x0000000000000b7c                z_arm_reset
 .text.z_impl_k_thread_abort
                0x0000000000000bc0       0x2c zephyr/arch/arch/arm/core/cortex_m/libarch__arm__core__cortex_m.a(thread_abort.c.obj)
                0x0000000000000bc0                z_impl_k_thread_abort
 .text.z_arm_pendsv
                0x0000000000000bec       0x64 zephyr/arch/arch/arm/core/cortex_m/libarch__arm__core__cortex_m.a(swap_helper.S.obj)
                0x0000000000000bec                z_arm_pendsv
 .text.z_arm_svc
                0x0000000000000c50       0x24 zephyr/arch/arch/arm/core/cortex_m/libarch__arm__core__cortex_m.a(swap_helper.S.obj)
                0x0000000000000c50                z_arm_svc
 .text.arm_irq_enable
                0x0000000000000c74       0x1c zephyr/arch/arch/arm/core/cortex_m/libarch__arm__core__cortex_m.a(irq_manage.c.obj)
                0x0000000000000c74                arm_irq_enable
 .text.arm_irq_is_enabled
                0x0000000000000c90       0x1c zephyr/arch/arch/arm/core/cortex_m/libarch__arm__core__cortex_m.a(irq_manage.c.obj)
                0x0000000000000c90                arm_irq_is_enabled
 .text.arm_irq_priority_set
                0x0000000000000cac       0x30 zephyr/arch/arch/arm/core/cortex_m/libarch__arm__core__cortex_m.a(irq_manage.c.obj)
                0x0000000000000cac                arm_irq_priority_set
 .text.relocate_vector_table
                0x0000000000000cdc       0x1c zephyr/arch/arch/arm/core/cortex_m/libarch__arm__core__cortex_m.a(prep_c.c.obj)
                0x0000000000000cdc                relocate_vector_table
 .text.z_prep_c
                0x0000000000000cf8       0x38 zephyr/arch/arch/arm/core/cortex_m/libarch__arm__core__cortex_m.a(prep_c.c.obj)
                0x0000000000000cf8                z_prep_c
 .text.arch_new_thread
                0x0000000000000d30       0x38 zephyr/arch/arch/arm/core/cortex_m/libarch__arm__core__cortex_m.a(thread.c.obj)
                0x0000000000000d30                arch_new_thread
 .text.z_check_thread_stack_fail
                0x0000000000000d68       0x30 zephyr/arch/arch/arm/core/cortex_m/libarch__arm__core__cortex_m.a(thread.c.obj)
                0x0000000000000d68                z_check_thread_stack_fail
 .text.arch_switch_to_main_thread
                0x0000000000000d98       0x40 zephyr/arch/arch/arm/core/cortex_m/libarch__arm__core__cortex_m.a(thread.c.obj)
                0x0000000000000d98                arch_switch_to_main_thread
 .text.z_arm_cpu_idle_init
                0x0000000000000dd8        0xc zephyr/arch/arch/arm/core/cortex_m/libarch__arm__core__cortex_m.a(cpu_idle.c.obj)
                0x0000000000000dd8                z_arm_cpu_idle_init
 .text.z_arm_interrupt_init
                0x0000000000000de4       0x18 zephyr/arch/arch/arm/core/cortex_m/libarch__arm__core__cortex_m.a(irq_init.c.obj)
                0x0000000000000de4                z_arm_interrupt_init
 .text._isr_wrapper
                0x0000000000000dfc       0x24 zephyr/arch/arch/arm/core/cortex_m/libarch__arm__core__cortex_m.a(isr_wrapper.c.obj)
                0x0000000000000dfc                _isr_wrapper
 .text.z_arm_configure_static_mpu_regions
                0x0000000000000e20       0x18 zephyr/arch/arch/arm/core/mpu/libarch__arm__core__mpu.a(arm_core_mpu.c.obj)
                0x0000000000000e20                z_arm_configure_static_mpu_regions
 .text.z_arm_configure_dynamic_mpu_regions
                0x0000000000000e38       0x24 zephyr/arch/arch/arm/core/mpu/libarch__arm__core__mpu.a(arm_core_mpu.c.obj)
                0x0000000000000e38                z_arm_configure_dynamic_mpu_regions
 .text.region_init
                0x0000000000000e5c       0x28 zephyr/arch/arch/arm/core/mpu/libarch__arm__core__mpu.a(arm_mpu.c.obj)
 .text.mpu_configure_regions
                0x0000000000000e84       0x6c zephyr/arch/arch/arm/core/mpu/libarch__arm__core__mpu.a(arm_mpu.c.obj)
 .text.arm_core_mpu_enable
                0x0000000000000ef0       0x18 zephyr/arch/arch/arm/core/mpu/libarch__arm__core__mpu.a(arm_mpu.c.obj)
                0x0000000000000ef0                arm_core_mpu_enable
 .text.arm_core_mpu_disable
                0x0000000000000f08       0x14 zephyr/arch/arch/arm/core/mpu/libarch__arm__core__mpu.a(arm_mpu.c.obj)
                0x0000000000000f08                arm_core_mpu_disable
 .text.arm_core_mpu_configure_static_mpu_regions
                0x0000000000000f1c       0x14 zephyr/arch/arch/arm/core/mpu/libarch__arm__core__mpu.a(arm_mpu.c.obj)
                0x0000000000000f1c                arm_core_mpu_configure_static_mpu_regions
 .text.arm_core_mpu_configure_dynamic_mpu_regions
                0x0000000000000f30       0x38 zephyr/arch/arch/arm/core/mpu/libarch__arm__core__mpu.a(arm_mpu.c.obj)
                0x0000000000000f30                arm_core_mpu_configure_dynamic_mpu_regions
 .text.z_arm_mpu_init
                0x0000000000000f68      0x168 zephyr/arch/arch/arm/core/mpu/libarch__arm__core__mpu.a(arm_mpu.c.obj)
                0x0000000000000f68                z_arm_mpu_init
 .text.z_impl_zephyr_fputc
                0x00000000000010d0       0x10 zephyr/lib/libc/picolibc/liblib__libc__picolibc.a(stdio.c.obj)
                0x00000000000010d0                z_impl_zephyr_fputc
 .text.__stdout_hook_install
                0x00000000000010e0       0x18 zephyr/lib/libc/picolibc/liblib__libc__picolibc.a(stdio.c.obj)
                0x00000000000010e0                __stdout_hook_install
 .text.malloc_prepare
                0x00000000000010f8       0x24 zephyr/lib/libc/common/liblib__libc__common.a(malloc.c.obj)
 .text.nordicsemi_nrf52_init
                0x000000000000111c       0x44 zephyr/soc/soc/nrf52840/libsoc__nordic.a(soc.c.obj)
 .text.arch_busy_wait
                0x0000000000001160       0x14 zephyr/soc/soc/nrf52840/libsoc__nordic.a(soc.c.obj)
                0x0000000000001160                arch_busy_wait
 .text.onoff_stop
                0x0000000000001174       0x30 zephyr/drivers/clock_control/libdrivers__clock_control.a(clock_control_nrf.c.obj)
 .text.onoff_start
                0x00000000000011a4       0x44 zephyr/drivers/clock_control/libdrivers__clock_control.a(clock_control_nrf.c.obj)
 .text.generic_hfclk_stop
                0x00000000000011e8       0x34 zephyr/drivers/clock_control/libdrivers__clock_control.a(clock_control_nrf.c.obj)
 .text.clk_init
                0x000000000000121c       0x58 zephyr/drivers/clock_control/libdrivers__clock_control.a(clock_control_nrf.c.obj)
 .text.api_blocking_start
                0x0000000000001274       0x34 zephyr/drivers/clock_control/libdrivers__clock_control.a(clock_control_nrf.c.obj)
 .text.clkstarted_handle.constprop.0
                0x00000000000012a8       0x4c zephyr/drivers/clock_control/libdrivers__clock_control.a(clock_control_nrf.c.obj)
 .text.generic_hfclk_start
                0x00000000000012f4       0x78 zephyr/drivers/clock_control/libdrivers__clock_control.a(clock_control_nrf.c.obj)
 .text.clock_event_handler
                0x000000000000136c       0x1c zephyr/drivers/clock_control/libdrivers__clock_control.a(clock_control_nrf.c.obj)
 .text.z_nrf_clock_control_lf_on
                0x0000000000001388       0xfc zephyr/drivers/clock_control/libdrivers__clock_control.a(clock_control_nrf.c.obj)
                0x0000000000001388                z_nrf_clock_control_lf_on
 .text.uart_console_init
                0x0000000000001484       0x28 zephyr/drivers/console/libdrivers__console.a(uart_console.c.obj)
 .text.console_out
                0x00000000000014ac       0x28 zephyr/drivers/console/libdrivers__console.a(uart_console.c.obj)
 .text.gpio_nrfx_pin_interrupt_configure
                0x00000000000014d4      0x11c zephyr/drivers/gpio/libdrivers__gpio.a(gpio_nrfx.c.obj)
 .text.nrfx_gpio_handler
                0x00000000000015f0       0x4c zephyr/drivers/gpio/libdrivers__gpio.a(gpio_nrfx.c.obj)
 .text.gpio_nrfx_init
                0x000000000000163c       0x48 zephyr/drivers/gpio/libdrivers__gpio.a(gpio_nrfx.c.obj)
 .text.gpio_nrfx_pin_configure
                0x0000000000001684      0x18c zephyr/drivers/gpio/libdrivers__gpio.a(gpio_nrfx.c.obj)
 .text.event_handler
                0x0000000000001810       0x38 zephyr/drivers/i2c/libdrivers__i2c.a(i2c_nrfx_twi.c.obj)
 .text.i2c_nrfx_twi_transfer
                0x0000000000001848       0xc0 zephyr/drivers/i2c/libdrivers__i2c.a(i2c_nrfx_twi.c.obj)
 .text.i2c_nrfx_twi_init
                0x0000000000001908       0x24 zephyr/drivers/i2c/libdrivers__i2c.a(i2c_nrfx_twi_common.c.obj)
                0x0000000000001908                i2c_nrfx_twi_init
 .text.i2c_nrfx_twi_recover_bus
                0x000000000000192c       0x24 zephyr/drivers/i2c/libdrivers__i2c.a(i2c_nrfx_twi_common.c.obj)
                0x000000000000192c                i2c_nrfx_twi_recover_bus
 .text.i2c_nrfx_twi_msg_transfer
                0x0000000000001950       0x7c zephyr/drivers/i2c/libdrivers__i2c.a(i2c_nrfx_twi_common.c.obj)
                0x0000000000001950                i2c_nrfx_twi_msg_transfer
 .text.nrf_gpio_pin_port_decode
                0x00000000000019cc       0x20 zephyr/drivers/pinctrl/libdrivers__pinctrl.a(pinctrl_nrf.c.obj)
 .text.pinctrl_configure_pins
                0x00000000000019ec      0x1c4 zephyr/drivers/pinctrl/libdrivers__pinctrl.a(pinctrl_nrf.c.obj)
                0x00000000000019ec                pinctrl_configure_pins
 .text.uarte_nrfx_poll_out
                0x0000000000001bb0       0xb8 zephyr/drivers/serial/libdrivers__serial.a(uart_nrfx_uarte.c.obj)
 .text.uarte_0_init
                0x0000000000001c68       0xfc zephyr/drivers/serial/libdrivers__serial.a(uart_nrfx_uarte.c.obj)
 .text.compare_int_lock
                0x0000000000001d64       0x48 zephyr/drivers/timer/libdrivers__timer.a(nrf_rtc_timer.c.obj)
 .text.sys_clock_timeout_handler
                0x0000000000001dac       0x48 zephyr/drivers/timer/libdrivers__timer.a(nrf_rtc_timer.c.obj)
 .text.compare_int_unlock
                0x0000000000001df4       0x5c zephyr/drivers/timer/libdrivers__timer.a(nrf_rtc_timer.c.obj)
 .text.z_nrf_rtc_timer_read
                0x0000000000001e50       0x44 zephyr/drivers/timer/libdrivers__timer.a(nrf_rtc_timer.c.obj)
                0x0000000000001e50                z_nrf_rtc_timer_read
 .text.compare_set
                0x0000000000001e94      0x130 zephyr/drivers/timer/libdrivers__timer.a(nrf_rtc_timer.c.obj)
 .text.sys_clock_driver_init
                0x0000000000001fc4       0x90 zephyr/drivers/timer/libdrivers__timer.a(nrf_rtc_timer.c.obj)
 .text.rtc_nrf_isr
                0x0000000000002054       0xd4 zephyr/drivers/timer/libdrivers__timer.a(nrf_rtc_timer.c.obj)
                0x0000000000002054                rtc_nrf_isr
 .text.sys_clock_set_timeout
                0x0000000000002128       0x5c zephyr/drivers/timer/libdrivers__timer.a(nrf_rtc_timer.c.obj)
                0x0000000000002128                sys_clock_set_timeout
 .text.sys_clock_elapsed
                0x0000000000002184       0x14 zephyr/drivers/timer/libdrivers__timer.a(nrf_rtc_timer.c.obj)
                0x0000000000002184                sys_clock_elapsed
 .text.nrf52_errata_98
                0x0000000000002198       0x24 modules/hal_nordic/nrfx/libnrfx.a(system_nrf52840.c.obj)
 .text.nvmc_wait
                0x00000000000021bc       0x10 modules/hal_nordic/nrfx/libnrfx.a(system_nrf52840.c.obj)
                0x00000000000021bc                nvmc_wait
 .text.SystemInit
                0x00000000000021cc      0x1bc modules/hal_nordic/nrfx/libnrfx.a(system_nrf52840.c.obj)
                0x00000000000021cc                SystemInit
 .text.nrfx_flag32_alloc
                0x0000000000002388       0x48 modules/hal_nordic/nrfx/libnrfx.a(nrfx_flag32_allocator.c.obj)
                0x0000000000002388                nrfx_flag32_alloc
 .text.nrfx_flag32_free
                0x00000000000023d0       0x40 modules/hal_nordic/nrfx/libnrfx.a(nrfx_flag32_allocator.c.obj)
                0x00000000000023d0                nrfx_flag32_free
 .text.nrfx_gppi_channels_enable
                0x0000000000002410        0xc modules/hal_nordic/nrfx/libnrfx.a(nrfx_gppi_ppi.c.obj)
                0x0000000000002410                nrfx_gppi_channels_enable
 .text.clock_stop
                0x000000000000241c       0xc4 modules/hal_nordic/nrfx/libnrfx.a(nrfx_clock.c.obj)
 .text.nrfx_clock_init
                0x00000000000024e0       0x20 modules/hal_nordic/nrfx/libnrfx.a(nrfx_clock.c.obj)
                0x00000000000024e0                nrfx_clock_init
 .text.nrfx_clock_enable
                0x0000000000002500       0x24 modules/hal_nordic/nrfx/libnrfx.a(nrfx_clock.c.obj)
                0x0000000000002500                nrfx_clock_enable
 .text.nrfx_clock_start
                0x0000000000002524       0xa8 modules/hal_nordic/nrfx/libnrfx.a(nrfx_clock.c.obj)
                0x0000000000002524                nrfx_clock_start
 .text.nrfx_power_clock_irq_handler
                0x00000000000025cc       0x7c modules/hal_nordic/nrfx/libnrfx.a(nrfx_clock.c.obj)
                0x00000000000025cc                nrfx_power_clock_irq_handler
 .text.nrf_gpio_pin_port_decode
                0x0000000000002648       0x20 modules/hal_nordic/nrfx/libnrfx.a(nrfx_gpiote.c.obj)
 .text.get_pin_idx
                0x0000000000002668       0x14 modules/hal_nordic/nrfx/libnrfx.a(nrfx_gpiote.c.obj)
 .text.call_handler.constprop.0
                0x000000000000267c       0x40 modules/hal_nordic/nrfx/libnrfx.a(nrfx_gpiote.c.obj)
 .text.pin_te_get.constprop.0
                0x00000000000026bc       0x18 modules/hal_nordic/nrfx/libnrfx.a(nrfx_gpiote.c.obj)
 .text.pin_is_output.constprop.0
                0x00000000000026d4       0x18 modules/hal_nordic/nrfx/libnrfx.a(nrfx_gpiote.c.obj)
 .text.pin_in_use_by_te.constprop.0
                0x00000000000026ec       0x18 modules/hal_nordic/nrfx/libnrfx.a(nrfx_gpiote.c.obj)
 .text.latch_pending_read_and_check
                0x0000000000002704       0x40 modules/hal_nordic/nrfx/libnrfx.a(nrfx_gpiote.c.obj)
 .text.release_handler.isra.0
                0x0000000000002744       0x58 modules/hal_nordic/nrfx/libnrfx.a(nrfx_gpiote.c.obj)
 .text.__nrfy_internal_gpiote_events_process.constprop.0
                0x000000000000279c       0x5c modules/hal_nordic/nrfx/libnrfx.a(nrfx_gpiote.c.obj)
 .text.pin_uninit
                0x00000000000027f8       0x80 modules/hal_nordic/nrfx/libnrfx.a(nrfx_gpiote.c.obj)
 .text.nrfx_gpiote_input_configure
                0x0000000000002878      0x178 modules/hal_nordic/nrfx/libnrfx.a(nrfx_gpiote.c.obj)
                0x0000000000002878                nrfx_gpiote_input_configure
 .text.nrfx_gpiote_output_configure
                0x00000000000029f0       0xfc modules/hal_nordic/nrfx/libnrfx.a(nrfx_gpiote.c.obj)
                0x00000000000029f0                nrfx_gpiote_output_configure
 .text.nrfx_gpiote_global_callback_set
                0x0000000000002aec        0xc modules/hal_nordic/nrfx/libnrfx.a(nrfx_gpiote.c.obj)
                0x0000000000002aec                nrfx_gpiote_global_callback_set
 .text.nrfx_gpiote_channel_get
                0x0000000000002af8       0x34 modules/hal_nordic/nrfx/libnrfx.a(nrfx_gpiote.c.obj)
                0x0000000000002af8                nrfx_gpiote_channel_get
 .text.nrfx_gpiote_init
                0x0000000000002b2c       0x48 modules/hal_nordic/nrfx/libnrfx.a(nrfx_gpiote.c.obj)
                0x0000000000002b2c                nrfx_gpiote_init
 .text.nrfx_gpiote_init_check
                0x0000000000002b74       0x14 modules/hal_nordic/nrfx/libnrfx.a(nrfx_gpiote.c.obj)
                0x0000000000002b74                nrfx_gpiote_init_check
 .text.nrfx_gpiote_channel_free
                0x0000000000002b88       0x10 modules/hal_nordic/nrfx/libnrfx.a(nrfx_gpiote.c.obj)
                0x0000000000002b88                nrfx_gpiote_channel_free
 .text.nrfx_gpiote_channel_alloc
                0x0000000000002b98       0x10 modules/hal_nordic/nrfx/libnrfx.a(nrfx_gpiote.c.obj)
                0x0000000000002b98                nrfx_gpiote_channel_alloc
 .text.nrfx_gpiote_trigger_enable
                0x0000000000002ba8       0xa8 modules/hal_nordic/nrfx/libnrfx.a(nrfx_gpiote.c.obj)
                0x0000000000002ba8                nrfx_gpiote_trigger_enable
 .text.nrfx_gpiote_0_irq_handler
                0x0000000000002c50      0x1b0 modules/hal_nordic/nrfx/libnrfx.a(nrfx_gpiote.c.obj)
                0x0000000000002c50                nrfx_gpiote_0_irq_handler
 .text.nrfx_ppi_channel_alloc
                0x0000000000002e00        0xc modules/hal_nordic/nrfx/libnrfx.a(nrfx_ppi.c.obj)
                0x0000000000002e00                nrfx_ppi_channel_alloc
 .text.nrf_gpio_cfg.constprop.0
                0x0000000000002e0c       0x48 modules/hal_nordic/nrfx/libnrfx.a(nrfx_twi.c.obj)
 .text.twi_configure
                0x0000000000002e54       0x3c modules/hal_nordic/nrfx/libnrfx.a(nrfx_twi.c.obj)
 .text.twi_tx_start_transfer
                0x0000000000002e90      0x104 modules/hal_nordic/nrfx/libnrfx.a(nrfx_twi.c.obj)
 .text.twi_rx_start_transfer
                0x0000000000002f94       0xe4 modules/hal_nordic/nrfx/libnrfx.a(nrfx_twi.c.obj)
 .text.nrfx_twi_init
                0x0000000000003078       0x88 modules/hal_nordic/nrfx/libnrfx.a(nrfx_twi.c.obj)
                0x0000000000003078                nrfx_twi_init
 .text.nrfx_twi_enable
                0x0000000000003100       0x20 modules/hal_nordic/nrfx/libnrfx.a(nrfx_twi.c.obj)
                0x0000000000003100                nrfx_twi_enable
 .text.nrfx_twi_disable
                0x0000000000003120       0x38 modules/hal_nordic/nrfx/libnrfx.a(nrfx_twi.c.obj)
                0x0000000000003120                nrfx_twi_disable
 .text.nrfx_twi_xfer
                0x0000000000003158       0xdc modules/hal_nordic/nrfx/libnrfx.a(nrfx_twi.c.obj)
                0x0000000000003158                nrfx_twi_xfer
 .text.nrfx_twi_0_irq_handler
                0x0000000000003234       0xd8 modules/hal_nordic/nrfx/libnrfx.a(nrfx_twi.c.obj)
                0x0000000000003234                nrfx_twi_0_irq_handler
 .text.nrf_gpio_pin_port_decode
                0x000000000000330c       0x20 modules/hal_nordic/nrfx/libnrfx.a(nrfx_twi_twim.c.obj)
 .text.nrfx_twi_twim_bus_recover
                0x000000000000332c       0xdc modules/hal_nordic/nrfx/libnrfx.a(nrfx_twi_twim.c.obj)
                0x000000000000332c                nrfx_twi_twim_bus_recover
 .text.z_fatal_error
                0x0000000000003408       0x30 zephyr/kernel/libkernel.a(fatal.c.obj)
                0x0000000000003408                z_fatal_error
 .text.z_sys_init_run_level
                0x0000000000003438       0x30 zephyr/kernel/libkernel.a(init.c.obj)
 .text.bg_thread_main
                0x0000000000003468       0xc0 zephyr/kernel/libkernel.a(init.c.obj)
 .text.z_init_cpu
                0x0000000000003528       0x78 zephyr/kernel/libkernel.a(init.c.obj)
                0x0000000000003528                z_init_cpu
 .text.z_cstart
                0x00000000000035a0       0xcc zephyr/kernel/libkernel.a(init.c.obj)
                0x00000000000035a0                z_cstart
 .text.z_impl_k_sem_give
                0x000000000000366c       0x68 zephyr/kernel/libkernel.a(sem.c.obj)
                0x000000000000366c                z_impl_k_sem_give
 .text.z_impl_k_sem_take
                0x00000000000036d4       0x4c zephyr/kernel/libkernel.a(sem.c.obj)
                0x00000000000036d4                z_impl_k_sem_take
 .text.z_setup_new_thread
                0x0000000000003720       0xec zephyr/kernel/libkernel.a(thread.c.obj)
                0x0000000000003720                z_setup_new_thread
 .text.z_dummy_thread_init
                0x000000000000380c       0x1c zephyr/kernel/libkernel.a(thread.c.obj)
                0x000000000000380c                z_dummy_thread_init
 .text.z_swap_irqlock
                0x0000000000003828       0x34 zephyr/kernel/libkernel.a(sched.c.obj)
 .text.ready_thread
                0x000000000000385c       0x84 zephyr/kernel/libkernel.a(sched.c.obj)
 .text.unready_thread
                0x00000000000038e0       0x54 zephyr/kernel/libkernel.a(sched.c.obj)
 .text.add_thread_timeout
                0x0000000000003934       0x1c zephyr/kernel/libkernel.a(sched.c.obj)
 .text.move_thread_to_end_of_prio_q
                0x0000000000003950       0x90 zephyr/kernel/libkernel.a(sched.c.obj)
                0x0000000000003950                move_thread_to_end_of_prio_q
 .text.z_pend_curr
                0x00000000000039e0       0x44 zephyr/kernel/libkernel.a(sched.c.obj)
                0x00000000000039e0                z_pend_curr
 .text.z_reschedule
                0x0000000000003a24       0x24 zephyr/kernel/libkernel.a(sched.c.obj)
                0x0000000000003a24                z_reschedule
 .text.z_reschedule_irqlock
                0x0000000000003a48       0x28 zephyr/kernel/libkernel.a(sched.c.obj)
                0x0000000000003a48                z_reschedule_irqlock
 .text.k_sched_lock
                0x0000000000003a70       0x28 zephyr/kernel/libkernel.a(sched.c.obj)
                0x0000000000003a70                k_sched_lock
 .text.k_sched_unlock
                0x0000000000003a98       0x68 zephyr/kernel/libkernel.a(sched.c.obj)
                0x0000000000003a98                k_sched_unlock
 .text.z_sched_init
                0x0000000000003b00       0x10 zephyr/kernel/libkernel.a(sched.c.obj)
                0x0000000000003b00                z_sched_init
 .text.z_impl_k_yield
                0x0000000000003b10       0x88 zephyr/kernel/libkernel.a(sched.c.obj)
                0x0000000000003b10                z_impl_k_yield
 .text.z_tick_sleep
                0x0000000000003b98       0x78 zephyr/kernel/libkernel.a(sched.c.obj)
 .text.z_impl_k_wakeup
                0x0000000000003c10       0x48 zephyr/kernel/libkernel.a(sched.c.obj)
                0x0000000000003c10                z_impl_k_wakeup
 .text.z_impl_k_sched_current_thread_query
                0x0000000000003c58        0xc zephyr/kernel/libkernel.a(sched.c.obj)
                0x0000000000003c58                z_impl_k_sched_current_thread_query
 .text.z_thread_abort
                0x0000000000003c64      0x144 zephyr/kernel/libkernel.a(sched.c.obj)
                0x0000000000003c64                z_thread_abort
 .text.slice_timeout
                0x0000000000003da8       0x20 zephyr/kernel/libkernel.a(timeslicing.c.obj)
 .text.thread_is_sliceable
                0x0000000000003dc8       0x3c zephyr/kernel/libkernel.a(timeslicing.c.obj)
                0x0000000000003dc8                thread_is_sliceable
 .text.z_reset_time_slice
                0x0000000000003e04       0x50 zephyr/kernel/libkernel.a(timeslicing.c.obj)
                0x0000000000003e04                z_reset_time_slice
 .text.z_time_slice
                0x0000000000003e54       0x60 zephyr/kernel/libkernel.a(timeslicing.c.obj)
                0x0000000000003e54                z_time_slice
 .text.z_thread_monitor_exit
                0x0000000000003eb4       0x3c zephyr/kernel/libkernel.a(thread_monitor.c.obj)
                0x0000000000003eb4                z_thread_monitor_exit
 .text.first    0x0000000000003ef0       0x10 zephyr/kernel/libkernel.a(timeout.c.obj)
 .text.elapsed  0x0000000000003f00       0x14 zephyr/kernel/libkernel.a(timeout.c.obj)
 .text.remove_timeout
                0x0000000000003f14       0x38 zephyr/kernel/libkernel.a(timeout.c.obj)
 .text.z_add_timeout
                0x0000000000003f4c      0x120 zephyr/kernel/libkernel.a(timeout.c.obj)
                0x0000000000003f4c                z_add_timeout
 .text.sys_clock_announce
                0x000000000000406c       0xc0 zephyr/kernel/libkernel.a(timeout.c.obj)
                0x000000000000406c                sys_clock_announce
 .text.sys_clock_tick_get
                0x000000000000412c       0x30 zephyr/kernel/libkernel.a(timeout.c.obj)
                0x000000000000412c                sys_clock_tick_get
 .text.boot_banner
                0x000000000000415c        0xc zephyr/kernel/libkernel.a(banner.c.obj)
                0x000000000000415c                boot_banner
 .text.__l_vfprintf
                0x0000000000004168      0x4b8 c:\ncs\toolchains\936afb6332\opt\zephyr-sdk\arm-zephyr-eabi\bin\../lib/gcc/../../picolibc/arm-zephyr-eabi/lib/thumb/v7e-m/nofp\libc.a(libc_tinystdio_vflprintf.c.o)
                0x0000000000004168                __l_vfprintf
 .text._OffsetAbsSyms
                0x0000000000004620        0x2 zephyr/CMakeFiles/offsets.dir/./arch/arm/core/offsets/offsets.c.obj
                0x0000000000004620                _OffsetAbsSyms
 .text.chunk_size
                0x0000000000004622        0xa zephyr/libzephyr.a(heap.c.obj)
 .text.free_list_add
                0x000000000000462c       0x4e zephyr/libzephyr.a(heap.c.obj)
 .text.sys_heap_init
                0x000000000000467a       0x7a zephyr/libzephyr.a(heap.c.obj)
                0x000000000000467a                sys_heap_init
 .text.arch_printk_char_out
                0x00000000000046f4        0x4 zephyr/libzephyr.a(printk.c.obj)
                0x00000000000046f4                arch_printk_char_out
 .text.printk   0x00000000000046f8       0x1a zephyr/libzephyr.a(printk.c.obj)
                0x00000000000046f8                printk
 .text.process_recheck
                0x0000000000004712       0x38 zephyr/libzephyr.a(onoff.c.obj)
 .text.validate_args
                0x000000000000474a       0x20 zephyr/libzephyr.a(onoff.c.obj)
 .text.notify_one
                0x000000000000476a       0x2c zephyr/libzephyr.a(onoff.c.obj)
 .text.transition_complete
                0x0000000000004796       0x1a zephyr/libzephyr.a(onoff.c.obj)
 .text.onoff_manager_init
                0x00000000000047b0       0x26 zephyr/libzephyr.a(onoff.c.obj)
                0x00000000000047b0                onoff_manager_init
 .text.onoff_request
                0x00000000000047d6       0xae zephyr/libzephyr.a(onoff.c.obj)
                0x00000000000047d6                onoff_request
 .text.sys_notify_validate
                0x0000000000004884       0x22 zephyr/libzephyr.a(notify.c.obj)
                0x0000000000004884                sys_notify_validate
 .text.sys_notify_finalize
                0x00000000000048a6       0x1a zephyr/libzephyr.a(notify.c.obj)
                0x00000000000048a6                sys_notify_finalize
 .text._ConfigAbsSyms
                0x00000000000048c0        0x2 zephyr/libzephyr.a(configs.c.obj)
                0x00000000000048c0                _ConfigAbsSyms
 .text.arch_early_memset
                0x00000000000048c2        0x4 zephyr/arch/common/libarch__common.a(init.c.obj)
                0x00000000000048c2                arch_early_memset
 .text.arch_early_memcpy
                0x00000000000048c6        0x4 zephyr/arch/common/libarch__common.a(init.c.obj)
                0x00000000000048c6                arch_early_memcpy
 .text.z_do_kernel_oops
                0x00000000000048ca        0x8 zephyr/arch/arch/arm/core/libarch__arm__core.a(fatal.c.obj)
                0x00000000000048ca                z_do_kernel_oops
 .text.z_arm_nmi
                0x00000000000048d2        0xe zephyr/arch/arch/arm/core/libarch__arm__core.a(nmi.c.obj)
                0x00000000000048d2                z_arm_nmi
 .text.z_irq_spurious
                0x00000000000048e0        0x8 zephyr/arch/arch/arm/core/cortex_m/libarch__arm__core__cortex_m.a(irq_manage.c.obj)
                0x00000000000048e0                z_irq_spurious
 .text.arch_coprocessors_disable
                0x00000000000048e8        0x6 zephyr/arch/arch/arm/core/cortex_m/libarch__arm__core__cortex_m.a(thread.c.obj)
                0x00000000000048e8                arch_coprocessors_disable
 .text.arch_irq_unlock_outlined
                0x00000000000048ee        0xe zephyr/arch/arch/arm/core/cortex_m/libarch__arm__core__cortex_m.a(thread.c.obj)
                0x00000000000048ee                arch_irq_unlock_outlined
 .text.arch_cpu_idle
                0x00000000000048fc       0x1a zephyr/arch/arch/arm/core/cortex_m/libarch__arm__core__cortex_m.a(cpu_idle.c.obj)
                0x00000000000048fc                arch_cpu_idle
 .text.arch_cpu_atomic_idle
                0x0000000000004916       0x1e zephyr/arch/arch/arm/core/cortex_m/libarch__arm__core__cortex_m.a(cpu_idle.c.obj)
                0x0000000000004916                arch_cpu_atomic_idle
 .text.size_to_mpu_rasr_size
                0x0000000000004934       0x20 zephyr/arch/arch/arm/core/mpu/libarch__arm__core__mpu.a(arm_mpu.c.obj)
 .text.picolibc_put
                0x0000000000004954        0xa zephyr/lib/libc/picolibc/liblib__libc__picolibc.a(stdio.c.obj)
 .text.get_status
                0x000000000000495e       0x12 zephyr/drivers/clock_control/libdrivers__clock_control.a(clock_control_nrf.c.obj)
 .text.stop     0x0000000000004970       0x52 zephyr/drivers/clock_control/libdrivers__clock_control.a(clock_control_nrf.c.obj)
 .text.api_stop
                0x00000000000049c2        0x6 zephyr/drivers/clock_control/libdrivers__clock_control.a(clock_control_nrf.c.obj)
 .text.async_start
                0x00000000000049c8       0x5c zephyr/drivers/clock_control/libdrivers__clock_control.a(clock_control_nrf.c.obj)
 .text.api_start
                0x0000000000004a24        0xe zephyr/drivers/clock_control/libdrivers__clock_control.a(clock_control_nrf.c.obj)
 .text.onoff_started_callback
                0x0000000000004a32       0x12 zephyr/drivers/clock_control/libdrivers__clock_control.a(clock_control_nrf.c.obj)
 .text.lfclk_start
                0x0000000000004a44        0x6 zephyr/drivers/clock_control/libdrivers__clock_control.a(clock_control_nrf.c.obj)
 .text.lfclk_stop
                0x0000000000004a4a        0x6 zephyr/drivers/clock_control/libdrivers__clock_control.a(clock_control_nrf.c.obj)
 .text.blocking_start_callback
                0x0000000000004a50        0x6 zephyr/drivers/clock_control/libdrivers__clock_control.a(clock_control_nrf.c.obj)
 .text.gpio_nrfx_port_get_raw
                0x0000000000004a56        0xe zephyr/drivers/gpio/libdrivers__gpio.a(gpio_nrfx.c.obj)
 .text.gpio_nrfx_port_set_masked_raw
                0x0000000000004a64       0x18 zephyr/drivers/gpio/libdrivers__gpio.a(gpio_nrfx.c.obj)
 .text.gpio_nrfx_port_set_bits_raw
                0x0000000000004a7c        0xc zephyr/drivers/gpio/libdrivers__gpio.a(gpio_nrfx.c.obj)
 .text.gpio_nrfx_port_clear_bits_raw
                0x0000000000004a88        0xc zephyr/drivers/gpio/libdrivers__gpio.a(gpio_nrfx.c.obj)
 .text.gpio_nrfx_port_toggle_bits
                0x0000000000004a94       0x1a zephyr/drivers/gpio/libdrivers__gpio.a(gpio_nrfx.c.obj)
 .text.gpio_nrfx_manage_callback
                0x0000000000004aae       0x52 zephyr/drivers/gpio/libdrivers__gpio.a(gpio_nrfx.c.obj)
 .text.twi_0_init
                0x0000000000004b00       0x40 zephyr/drivers/i2c/libdrivers__i2c.a(i2c_nrfx_twi.c.obj)
 .text.i2c_nrfx_twi_configure
                0x0000000000004b40       0x32 zephyr/drivers/i2c/libdrivers__i2c.a(i2c_nrfx_twi_common.c.obj)
                0x0000000000004b40                i2c_nrfx_twi_configure
 .text.pinctrl_lookup_state
                0x0000000000004b72       0x26 zephyr/drivers/pinctrl/libdrivers__pinctrl.a(common.c.obj)
                0x0000000000004b72                pinctrl_lookup_state
 .text.uarte_nrfx_err_check
                0x0000000000004b98        0xe zephyr/drivers/serial/libdrivers__serial.a(uart_nrfx_uarte.c.obj)
 .text.uarte_nrfx_poll_in
                0x0000000000004ba6       0x26 zephyr/drivers/serial/libdrivers__serial.a(uart_nrfx_uarte.c.obj)
 .text.is_tx_ready.isra.0
                0x0000000000004bcc       0x20 zephyr/drivers/serial/libdrivers__serial.a(uart_nrfx_uarte.c.obj)
 .text.uarte_nrfx_isr_int
                0x0000000000004bec       0x42 zephyr/drivers/serial/libdrivers__serial.a(uart_nrfx_uarte.c.obj)
 .text.pinctrl_apply_state.isra.0
                0x0000000000004c2e       0x1e zephyr/drivers/serial/libdrivers__serial.a(uart_nrfx_uarte.c.obj)
 .text.uarte_instance_deinit
                0x0000000000004c4c        0x6 zephyr/drivers/serial/libdrivers__serial.a(uart_nrfx_uarte.c.obj)
 .text.event_clear
                0x0000000000004c52       0x18 zephyr/drivers/timer/libdrivers__timer.a(nrf_rtc_timer.c.obj)
 .text.nrfx_isr
                0x0000000000004c6a        0x2 modules/hal_nordic/nrfx/libnrfx.a(nrfx_glue.c.obj)
                0x0000000000004c6a                nrfx_isr
 .text.nrfx_busy_wait
                0x0000000000004c6c        0x4 modules/hal_nordic/nrfx/libnrfx.a(nrfx_glue.c.obj)
                0x0000000000004c6c                nrfx_busy_wait
 .text.nrfx_gppi_channel_endpoints_setup
                0x0000000000004c70       0x14 modules/hal_nordic/nrfx/libnrfx.a(nrfx_gppi_ppi.c.obj)
                0x0000000000004c70                nrfx_gppi_channel_endpoints_setup
 .text.nrfx_gppi_channel_alloc
                0x0000000000004c84        0x4 modules/hal_nordic/nrfx/libnrfx.a(nrfx_gppi_ppi.c.obj)
                0x0000000000004c84                nrfx_gppi_channel_alloc
 .text.nrfx_clock_stop
                0x0000000000004c88        0x4 modules/hal_nordic/nrfx/libnrfx.a(nrfx_clock.c.obj)
                0x0000000000004c88                nrfx_clock_stop
 .text.nrf_gpio_reconfigure
                0x0000000000004c8c       0x92 modules/hal_nordic/nrfx/libnrfx.a(nrfx_gpiote.c.obj)
 .text.nrf_gpio_cfg_sense_set
                0x0000000000004d1e       0x1e modules/hal_nordic/nrfx/libnrfx.a(nrfx_gpiote.c.obj)
 .text.pin_trigger_disable
                0x0000000000004d3c       0x48 modules/hal_nordic/nrfx/libnrfx.a(nrfx_gpiote.c.obj)
 .text.nrfx_gpiote_pin_uninit
                0x0000000000004d84        0x4 modules/hal_nordic/nrfx/libnrfx.a(nrfx_gpiote.c.obj)
                0x0000000000004d84                nrfx_gpiote_pin_uninit
 .text.nrfx_gpiote_trigger_disable
                0x0000000000004d88        0x4 modules/hal_nordic/nrfx/libnrfx.a(nrfx_gpiote.c.obj)
                0x0000000000004d88                nrfx_gpiote_trigger_disable
 .text.twi_transfer
                0x0000000000004d8c      0x130 modules/hal_nordic/nrfx/libnrfx.a(nrfx_twi.c.obj)
 .text.nrf_gpio_pin_set
                0x0000000000004ebc       0x1a modules/hal_nordic/nrfx/libnrfx.a(nrfx_twi_twim.c.obj)
 .text.z_impl_k_busy_wait
                0x0000000000004ed6        0x8 zephyr/kernel/libkernel.a(busy_wait.c.obj)
                0x0000000000004ed6                z_impl_k_busy_wait
 .text.do_device_init
                0x0000000000004ede       0x30 zephyr/kernel/libkernel.a(device.c.obj)
                0x0000000000004ede                do_device_init
 .text.z_impl_device_is_ready
                0x0000000000004f0e       0x16 zephyr/kernel/libkernel.a(device.c.obj)
                0x0000000000004f0e                z_impl_device_is_ready
 .text.arch_system_halt
                0x0000000000004f24       0x10 zephyr/kernel/libkernel.a(fatal.c.obj)
                0x0000000000004f24                arch_system_halt
 .text.k_sys_fatal_error_handler
                0x0000000000004f34        0x6 zephyr/kernel/libkernel.a(fatal.c.obj)
                0x0000000000004f34                k_sys_fatal_error_handler
 .text.idle     0x0000000000004f3a       0x16 zephyr/kernel/libkernel.a(idle.c.obj)
                0x0000000000004f3a                idle
 .text.k_is_in_isr
                0x0000000000004f50        0xc zephyr/kernel/libkernel.a(thread.c.obj)
                0x0000000000004f50                k_is_in_isr
 .text.sys_dlist_remove
                0x0000000000004f5c       0x10 zephyr/kernel/libkernel.a(sched.c.obj)
 .text.unpend_thread_no_timeout
                0x0000000000004f6c       0x14 zephyr/kernel/libkernel.a(sched.c.obj)
 .text.add_to_waitq_locked
                0x0000000000004f80       0x50 zephyr/kernel/libkernel.a(sched.c.obj)
 .text.z_ready_thread
                0x0000000000004fd0       0x1e zephyr/kernel/libkernel.a(sched.c.obj)
                0x0000000000004fd0                z_ready_thread
 .text.z_sched_wake_thread
                0x0000000000004fee       0x3a zephyr/kernel/libkernel.a(sched.c.obj)
                0x0000000000004fee                z_sched_wake_thread
 .text.z_thread_timeout
                0x0000000000005028        0x8 zephyr/kernel/libkernel.a(sched.c.obj)
                0x0000000000005028                z_thread_timeout
 .text.z_impl_k_sleep
                0x0000000000005030       0x42 zephyr/kernel/libkernel.a(sched.c.obj)
                0x0000000000005030                z_impl_k_sleep
 .text.next_timeout
                0x0000000000005072       0x2e zephyr/kernel/libkernel.a(timeout.c.obj)
 .text.z_abort_timeout
                0x00000000000050a0       0x50 zephyr/kernel/libkernel.a(timeout.c.obj)
                0x00000000000050a0                z_abort_timeout
 .text.sys_clock_tick_get_32
                0x00000000000050f0        0x8 zephyr/kernel/libkernel.a(timeout.c.obj)
                0x00000000000050f0                sys_clock_tick_get_32
 .text.memcpy   0x00000000000050f8       0x1c c:\ncs\toolchains\936afb6332\opt\zephyr-sdk\arm-zephyr-eabi\bin\../lib/gcc/../../picolibc/arm-zephyr-eabi/lib/thumb/v7e-m/nofp\libc.a(memcpy.c.o)
                0x00000000000050f8                __aeabi_memcpy
                0x00000000000050f8                __aeabi_memcpy4
                0x00000000000050f8                __aeabi_memcpy8
                0x00000000000050f8                memcpy
 .text.memset   0x0000000000005114       0x10 c:\ncs\toolchains\936afb6332\opt\zephyr-sdk\arm-zephyr-eabi\bin\../lib/gcc/../../picolibc/arm-zephyr-eabi/lib/thumb/v7e-m/nofp\libc.a(memset.c.o)
                0x0000000000005114                memset
 .text.strncpy  0x0000000000005124       0x20 c:\ncs\toolchains\936afb6332\opt\zephyr-sdk\arm-zephyr-eabi\bin\../lib/gcc/../../picolibc/arm-zephyr-eabi/lib/thumb/v7e-m/nofp\libc.a(libc_string_strncpy.c.o)
                0x0000000000005124                strncpy
 .text.strnlen  0x0000000000005144       0x18 c:\ncs\toolchains\936afb6332\opt\zephyr-sdk\arm-zephyr-eabi\bin\../lib/gcc/../../picolibc/arm-zephyr-eabi/lib/thumb/v7e-m/nofp\libc.a(libc_string_strnlen.c.o)
                0x0000000000005144                strnlen
 .text.__ultoa_invert
                0x000000000000515c       0xae c:\ncs\toolchains\936afb6332\opt\zephyr-sdk\arm-zephyr-eabi\bin\../lib/gcc/../../picolibc/arm-zephyr-eabi/lib/thumb/v7e-m/nofp\libc.a(libc_tinystdio_vflprintf.c.o)
 *(SORT_BY_ALIGNMENT(.TEXT.*))
 *fill*         0x000000000000520a        0x2 
 .TEXT.__aeabi_read_tp
                0x000000000000520c        0xc zephyr/arch/arch/arm/core/cortex_m/libarch__arm__core__cortex_m.a(__aeabi_read_tp.S.obj)
                0x000000000000520c                __aeabi_read_tp
 *(SORT_BY_ALIGNMENT(.gnu.linkonce.t.*))
 *(SORT_BY_ALIGNMENT(.glue_7t))
 .glue_7t       0x0000000000005218        0x0 linker stubs
 *(SORT_BY_ALIGNMENT(.glue_7))
 .glue_7        0x0000000000005218        0x0 linker stubs
 *(SORT_BY_ALIGNMENT(.vfp11_veneer))
 .vfp11_veneer  0x0000000000005218        0x0 linker stubs
 *(SORT_BY_ALIGNMENT(.v4_bx))
 .v4_bx         0x0000000000005218        0x0 linker stubs
                0x0000000000005218                . = ALIGN (0x4)
                0x0000000000005218                __text_region_end = .

.ARM.exidx      0x0000000000005218        0x0
                0x0000000000005218                __exidx_start = .
 *(SORT_BY_ALIGNMENT(.ARM.exidx*) SORT_BY_ALIGNMENT(gnu.linkonce.armexidx.*))
                0x0000000000005218                __exidx_end = .
                0x0000000000005218                __rodata_region_start = .

initlevel       0x0000000000005218       0x48
                0x0000000000005218                __init_start = .
                0x0000000000005218                __init_EARLY_start = .
 *(SORT_BY_NAME(SORT_BY_ALIGNMENT(.z_init_EARLY_P_?_*)))
 *(SORT_BY_NAME(SORT_BY_ALIGNMENT(.z_init_EARLY_P_??_*)))
 *(SORT_BY_NAME(SORT_BY_ALIGNMENT(.z_init_EARLY_P_???_*)))
                0x0000000000005218                __init_PRE_KERNEL_1_start = .
 *(SORT_BY_NAME(SORT_BY_ALIGNMENT(.z_init_PRE_KERNEL_1_P_?_*)))
 .z_init_PRE_KERNEL_1_P_0_SUB_0_
                0x0000000000005218        0x8 zephyr/soc/soc/nrf52840/libsoc__nordic.a(soc.c.obj)
 *(SORT_BY_NAME(SORT_BY_ALIGNMENT(.z_init_PRE_KERNEL_1_P_??_*)))
 .z_init_PRE_KERNEL_1_P_30_SUB_00077_
                0x0000000000005220        0x8 zephyr/drivers/clock_control/libdrivers__clock_control.a(clock_control_nrf.c.obj)
 .z_init_PRE_KERNEL_1_P_40_SUB_00011_
                0x0000000000005228        0x8 zephyr/drivers/gpio/libdrivers__gpio.a(gpio_nrfx.c.obj)
 .z_init_PRE_KERNEL_1_P_40_SUB_00107_
                0x0000000000005230        0x8 zephyr/drivers/gpio/libdrivers__gpio.a(gpio_nrfx.c.obj)
 .z_init_PRE_KERNEL_1_P_50_SUB_00115_
                0x0000000000005238        0x8 zephyr/drivers/serial/libdrivers__serial.a(uart_nrfx_uarte.c.obj)
 .z_init_PRE_KERNEL_1_P_60_SUB_0_
                0x0000000000005240        0x8 zephyr/drivers/console/libdrivers__console.a(uart_console.c.obj)
 *(SORT_BY_NAME(SORT_BY_ALIGNMENT(.z_init_PRE_KERNEL_1_P_???_*)))
                0x0000000000005248                __init_PRE_KERNEL_2_start = .
 *(SORT_BY_NAME(SORT_BY_ALIGNMENT(.z_init_PRE_KERNEL_2_P_?_*)))
 .z_init_PRE_KERNEL_2_P_0_SUB_0_
                0x0000000000005248        0x8 zephyr/drivers/timer/libdrivers__timer.a(nrf_rtc_timer.c.obj)
 *(SORT_BY_NAME(SORT_BY_ALIGNMENT(.z_init_PRE_KERNEL_2_P_??_*)))
 *(SORT_BY_NAME(SORT_BY_ALIGNMENT(.z_init_PRE_KERNEL_2_P_???_*)))
                0x0000000000005250                __init_POST_KERNEL_start = .
 *(SORT_BY_NAME(SORT_BY_ALIGNMENT(.z_init_POST_KERNEL_P_?_*)))
 *(SORT_BY_NAME(SORT_BY_ALIGNMENT(.z_init_POST_KERNEL_P_??_*)))
 .z_init_POST_KERNEL_P_35_SUB_0_
                0x0000000000005250        0x8 zephyr/lib/libc/common/liblib__libc__common.a(malloc.c.obj)
 .z_init_POST_KERNEL_P_50_SUB_00088_
                0x0000000000005258        0x8 zephyr/drivers/i2c/libdrivers__i2c.a(i2c_nrfx_twi.c.obj)
 *(SORT_BY_NAME(SORT_BY_ALIGNMENT(.z_init_POST_KERNEL_P_???_*)))
                0x0000000000005260                __init_APPLICATION_start = .
 *(SORT_BY_NAME(SORT_BY_ALIGNMENT(.z_init_APPLICATION_P_?_*)))
 *(SORT_BY_NAME(SORT_BY_ALIGNMENT(.z_init_APPLICATION_P_??_*)))
 *(SORT_BY_NAME(SORT_BY_ALIGNMENT(.z_init_APPLICATION_P_???_*)))
                0x0000000000005260                __init_SMP_start = .
 *(SORT_BY_NAME(SORT_BY_ALIGNMENT(.z_init_SMP_P_?_*)))
 *(SORT_BY_NAME(SORT_BY_ALIGNMENT(.z_init_SMP_P_??_*)))
 *(SORT_BY_NAME(SORT_BY_ALIGNMENT(.z_init_SMP_P_???_*)))
                0x0000000000005260                __init_end = .

device_area     0x0000000000005260       0xa0
                0x0000000000005260                _device_list_start = .
 *(SORT_BY_NAME(SORT_BY_ALIGNMENT(._device.static.*_?_*)))
 *(SORT_BY_NAME(SORT_BY_ALIGNMENT(._device.static.*_??_*)))
 ._device.static.1_30_
                0x0000000000005260       0x20 zephyr/drivers/clock_control/libdrivers__clock_control.a(clock_control_nrf.c.obj)
                0x0000000000005260                __device_dts_ord_77
 ._device.static.1_40_
                0x0000000000005280       0x40 zephyr/drivers/gpio/libdrivers__gpio.a(gpio_nrfx.c.obj)
                0x0000000000005280                __device_dts_ord_107
                0x00000000000052a0                __device_dts_ord_11
 ._device.static.1_50_
                0x00000000000052c0       0x20 zephyr/drivers/serial/libdrivers__serial.a(uart_nrfx_uarte.c.obj)
                0x00000000000052c0                __device_dts_ord_115
 ._device.static.3_50_
                0x00000000000052e0       0x20 zephyr/drivers/i2c/libdrivers__i2c.a(i2c_nrfx_twi.c.obj)
                0x00000000000052e0                __device_dts_ord_88
 *(SORT_BY_NAME(SORT_BY_ALIGNMENT(._device.static.*_???_*)))
 *(SORT_BY_NAME(SORT_BY_ALIGNMENT(._device.static.*_????_*)))
 *(SORT_BY_NAME(SORT_BY_ALIGNMENT(._device.static.*_?????_*)))
                0x0000000000005300                _device_list_end = .

sw_isr_table    0x0000000000005300      0x180
                0x0000000000005300                . = ALIGN (0x4)
 *(SORT_BY_ALIGNMENT(.gnu.linkonce.sw_isr_table*))
 .gnu.linkonce.sw_isr_table
                0x0000000000005300      0x180 zephyr/CMakeFiles/zephyr_final.dir/isr_tables.c.obj
                0x0000000000005300                _sw_isr_table

initlevel_error
                0x0000000000005218        0x0
 *(SORT_BY_NAME(SORT_BY_ALIGNMENT(.z_init_*)))
                0x0000000000000001                ASSERT ((SIZEOF (initlevel_error) == 0x0), Undefined initialization levels used.)

app_shmem_regions
                0x0000000000005480        0x0
                0x0000000000005480                __app_shmem_regions_start = .
 *(SORT_BY_NAME(SORT_BY_ALIGNMENT(.app_regions.*)))
                0x0000000000005480                __app_shmem_regions_end = .

k_p4wq_initparam_area
                0x0000000000005480        0x0
                0x0000000000005480                _k_p4wq_initparam_list_start = .
 *(SORT_BY_NAME(SORT_BY_ALIGNMENT(._k_p4wq_initparam.static.*)))
                0x0000000000005480                _k_p4wq_initparam_list_end = .

_static_thread_data_area
                0x0000000000005480        0x0
                0x0000000000005480                __static_thread_data_list_start = .
 *(SORT_BY_NAME(SORT_BY_ALIGNMENT(.__static_thread_data.static.*)))
                0x0000000000005480                __static_thread_data_list_end = .

device_deps     0x0000000000005480        0x0
                0x0000000000005480                __device_deps_start = .
 *(SORT_BY_NAME(SORT_BY_ALIGNMENT(.__device_deps_pass2*)))
                0x0000000000005480                __device_deps_end = .

gpio_driver_api_area
                0x0000000000005480       0x24
                0x0000000000005480                _gpio_driver_api_list_start = .
 *(SORT_BY_NAME(SORT_BY_ALIGNMENT(._gpio_driver_api.static.*)))
 ._gpio_driver_api.static.gpio_nrfx_drv_api_funcs_
                0x0000000000005480       0x24 zephyr/drivers/gpio/libdrivers__gpio.a(gpio_nrfx.c.obj)
                0x00000000000054a4                _gpio_driver_api_list_end = .

i2c_driver_api_area
                0x00000000000054a4       0x18
                0x00000000000054a4                _i2c_driver_api_list_start = .
 *(SORT_BY_NAME(SORT_BY_ALIGNMENT(._i2c_driver_api.static.*)))
 ._i2c_driver_api.static.i2c_nrfx_twi_driver_api_
                0x00000000000054a4       0x18 zephyr/drivers/i2c/libdrivers__i2c.a(i2c_nrfx_twi.c.obj)
                0x00000000000054bc                _i2c_driver_api_list_end = .

i2c_target_driver_api_area
                0x00000000000054bc        0x0
                0x00000000000054bc                _i2c_target_driver_api_list_start = .
 *(SORT_BY_NAME(SORT_BY_ALIGNMENT(._i2c_target_driver_api.static.*)))
                0x00000000000054bc                _i2c_target_driver_api_list_end = .

shared_irq_driver_api_area
                0x00000000000054bc        0x0
                0x00000000000054bc                _shared_irq_driver_api_list_start = .
 *(SORT_BY_NAME(SORT_BY_ALIGNMENT(._shared_irq_driver_api.static.*)))
                0x00000000000054bc                _shared_irq_driver_api_list_end = .

crypto_driver_api_area
                0x00000000000054bc        0x0
                0x00000000000054bc                _crypto_driver_api_list_start = .
 *(SORT_BY_NAME(SORT_BY_ALIGNMENT(._crypto_driver_api.static.*)))
                0x00000000000054bc                _crypto_driver_api_list_end = .

adc_driver_api_area
                0x00000000000054bc        0x0
                0x00000000000054bc                _adc_driver_api_list_start = .
 *(SORT_BY_NAME(SORT_BY_ALIGNMENT(._adc_driver_api.static.*)))
                0x00000000000054bc                _adc_driver_api_list_end = .

auxdisplay_driver_api_area
                0x00000000000054bc        0x0
                0x00000000000054bc                _auxdisplay_driver_api_list_start = .
 *(SORT_BY_NAME(SORT_BY_ALIGNMENT(._auxdisplay_driver_api.static.*)))
                0x00000000000054bc                _auxdisplay_driver_api_list_end = .

bbram_driver_api_area
                0x00000000000054bc        0x0
                0x00000000000054bc                _bbram_driver_api_list_start = .
 *(SORT_BY_NAME(SORT_BY_ALIGNMENT(._bbram_driver_api.static.*)))
                0x00000000000054bc                _bbram_driver_api_list_end = .

bt_hci_driver_api_area
                0x00000000000054bc        0x0
                0x00000000000054bc                _bt_hci_driver_api_list_start = .
 *(SORT_BY_NAME(SORT_BY_ALIGNMENT(._bt_hci_driver_api.static.*)))
                0x00000000000054bc                _bt_hci_driver_api_list_end = .

can_driver_api_area
                0x00000000000054bc        0x0
                0x00000000000054bc                _can_driver_api_list_start = .
 *(SORT_BY_NAME(SORT_BY_ALIGNMENT(._can_driver_api.static.*)))
                0x00000000000054bc                _can_driver_api_list_end = .

cellular_driver_api_area
                0x00000000000054bc        0x0
                0x00000000000054bc                _cellular_driver_api_list_start = .
 *(SORT_BY_NAME(SORT_BY_ALIGNMENT(._cellular_driver_api.static.*)))
                0x00000000000054bc                _cellular_driver_api_list_end = .

charger_driver_api_area
                0x00000000000054bc        0x0
                0x00000000000054bc                _charger_driver_api_list_start = .
 *(SORT_BY_NAME(SORT_BY_ALIGNMENT(._charger_driver_api.static.*)))
                0x00000000000054bc                _charger_driver_api_list_end = .

clock_control_driver_api_area
                0x00000000000054bc       0x1c
                0x00000000000054bc                _clock_control_driver_api_list_start = .
 *(SORT_BY_NAME(SORT_BY_ALIGNMENT(._clock_control_driver_api.static.*)))
 ._clock_control_driver_api.static.clock_control_api_
                0x00000000000054bc       0x1c zephyr/drivers/clock_control/libdrivers__clock_control.a(clock_control_nrf.c.obj)
                0x00000000000054d8                _clock_control_driver_api_list_end = .

comparator_driver_api_area
                0x00000000000054d8        0x0
                0x00000000000054d8                _comparator_driver_api_list_start = .
 *(SORT_BY_NAME(SORT_BY_ALIGNMENT(._comparator_driver_api.static.*)))
                0x00000000000054d8                _comparator_driver_api_list_end = .

coredump_driver_api_area
                0x00000000000054d8        0x0
                0x00000000000054d8                _coredump_driver_api_list_start = .
 *(SORT_BY_NAME(SORT_BY_ALIGNMENT(._coredump_driver_api.static.*)))
                0x00000000000054d8                _coredump_driver_api_list_end = .

counter_driver_api_area
                0x00000000000054d8        0x0
                0x00000000000054d8                _counter_driver_api_list_start = .
 *(SORT_BY_NAME(SORT_BY_ALIGNMENT(._counter_driver_api.static.*)))
                0x00000000000054d8                _counter_driver_api_list_end = .

crc_driver_api_area
                0x00000000000054d8        0x0
                0x00000000000054d8                _crc_driver_api_list_start = .
 *(SORT_BY_NAME(SORT_BY_ALIGNMENT(._crc_driver_api.static.*)))
                0x00000000000054d8                _crc_driver_api_list_end = .

dac_driver_api_area
                0x00000000000054d8        0x0
                0x00000000000054d8                _dac_driver_api_list_start = .
 *(SORT_BY_NAME(SORT_BY_ALIGNMENT(._dac_driver_api.static.*)))
                0x00000000000054d8                _dac_driver_api_list_end = .

dai_driver_api_area
                0x00000000000054d8        0x0
                0x00000000000054d8                _dai_driver_api_list_start = .
 *(SORT_BY_NAME(SORT_BY_ALIGNMENT(._dai_driver_api.static.*)))
                0x00000000000054d8                _dai_driver_api_list_end = .

display_driver_api_area
                0x00000000000054d8        0x0
                0x00000000000054d8                _display_driver_api_list_start = .
 *(SORT_BY_NAME(SORT_BY_ALIGNMENT(._display_driver_api.static.*)))
                0x00000000000054d8                _display_driver_api_list_end = .

dma_driver_api_area
                0x00000000000054d8        0x0
                0x00000000000054d8                _dma_driver_api_list_start = .
 *(SORT_BY_NAME(SORT_BY_ALIGNMENT(._dma_driver_api.static.*)))
                0x00000000000054d8                _dma_driver_api_list_end = .

edac_driver_api_area
                0x00000000000054d8        0x0
                0x00000000000054d8                _edac_driver_api_list_start = .
 *(SORT_BY_NAME(SORT_BY_ALIGNMENT(._edac_driver_api.static.*)))
                0x00000000000054d8                _edac_driver_api_list_end = .

eeprom_driver_api_area
                0x00000000000054d8        0x0
                0x00000000000054d8                _eeprom_driver_api_list_start = .
 *(SORT_BY_NAME(SORT_BY_ALIGNMENT(._eeprom_driver_api.static.*)))
                0x00000000000054d8                _eeprom_driver_api_list_end = .

emul_bbram_driver_api_area
                0x00000000000054d8        0x0
                0x00000000000054d8                _emul_bbram_driver_api_list_start = .
 *(SORT_BY_NAME(SORT_BY_ALIGNMENT(._emul_bbram_driver_api.static.*)))
                0x00000000000054d8                _emul_bbram_driver_api_list_end = .

fuel_gauge_emul_driver_api_area
                0x00000000000054d8        0x0
                0x00000000000054d8                _fuel_gauge_emul_driver_api_list_start = .
 *(SORT_BY_NAME(SORT_BY_ALIGNMENT(._fuel_gauge_emul_driver_api.static.*)))
                0x00000000000054d8                _fuel_gauge_emul_driver_api_list_end = .

emul_sensor_driver_api_area
                0x00000000000054d8        0x0
                0x00000000000054d8                _emul_sensor_driver_api_list_start = .
 *(SORT_BY_NAME(SORT_BY_ALIGNMENT(._emul_sensor_driver_api.static.*)))
                0x00000000000054d8                _emul_sensor_driver_api_list_end = .

entropy_driver_api_area
                0x00000000000054d8        0x0
                0x00000000000054d8                _entropy_driver_api_list_start = .
 *(SORT_BY_NAME(SORT_BY_ALIGNMENT(._entropy_driver_api.static.*)))
                0x00000000000054d8                _entropy_driver_api_list_end = .

espi_driver_api_area
                0x00000000000054d8        0x0
                0x00000000000054d8                _espi_driver_api_list_start = .
 *(SORT_BY_NAME(SORT_BY_ALIGNMENT(._espi_driver_api.static.*)))
                0x00000000000054d8                _espi_driver_api_list_end = .

espi_saf_driver_api_area
                0x00000000000054d8        0x0
                0x00000000000054d8                _espi_saf_driver_api_list_start = .
 *(SORT_BY_NAME(SORT_BY_ALIGNMENT(._espi_saf_driver_api.static.*)))
                0x00000000000054d8                _espi_saf_driver_api_list_end = .

flash_driver_api_area
                0x00000000000054d8        0x0
                0x00000000000054d8                _flash_driver_api_list_start = .
 *(SORT_BY_NAME(SORT_BY_ALIGNMENT(._flash_driver_api.static.*)))
                0x00000000000054d8                _flash_driver_api_list_end = .

fpga_driver_api_area
                0x00000000000054d8        0x0
                0x00000000000054d8                _fpga_driver_api_list_start = .
 *(SORT_BY_NAME(SORT_BY_ALIGNMENT(._fpga_driver_api.static.*)))
                0x00000000000054d8                _fpga_driver_api_list_end = .

fuel_gauge_driver_api_area
                0x00000000000054d8        0x0
                0x00000000000054d8                _fuel_gauge_driver_api_list_start = .
 *(SORT_BY_NAME(SORT_BY_ALIGNMENT(._fuel_gauge_driver_api.static.*)))
                0x00000000000054d8                _fuel_gauge_driver_api_list_end = .

gnss_driver_api_area
                0x00000000000054d8        0x0
                0x00000000000054d8                _gnss_driver_api_list_start = .
 *(SORT_BY_NAME(SORT_BY_ALIGNMENT(._gnss_driver_api.static.*)))
                0x00000000000054d8                _gnss_driver_api_list_end = .

haptics_driver_api_area
                0x00000000000054d8        0x0
                0x00000000000054d8                _haptics_driver_api_list_start = .
 *(SORT_BY_NAME(SORT_BY_ALIGNMENT(._haptics_driver_api.static.*)))
                0x00000000000054d8                _haptics_driver_api_list_end = .

hwspinlock_driver_api_area
                0x00000000000054d8        0x0
                0x00000000000054d8                _hwspinlock_driver_api_list_start = .
 *(SORT_BY_NAME(SORT_BY_ALIGNMENT(._hwspinlock_driver_api.static.*)))
                0x00000000000054d8                _hwspinlock_driver_api_list_end = .

i2s_driver_api_area
                0x00000000000054d8        0x0
                0x00000000000054d8                _i2s_driver_api_list_start = .
 *(SORT_BY_NAME(SORT_BY_ALIGNMENT(._i2s_driver_api.static.*)))
                0x00000000000054d8                _i2s_driver_api_list_end = .

i3c_driver_api_area
                0x00000000000054d8        0x0
                0x00000000000054d8                _i3c_driver_api_list_start = .
 *(SORT_BY_NAME(SORT_BY_ALIGNMENT(._i3c_driver_api.static.*)))
                0x00000000000054d8                _i3c_driver_api_list_end = .

ipm_driver_api_area
                0x00000000000054d8        0x0
                0x00000000000054d8                _ipm_driver_api_list_start = .
 *(SORT_BY_NAME(SORT_BY_ALIGNMENT(._ipm_driver_api.static.*)))
                0x00000000000054d8                _ipm_driver_api_list_end = .

led_driver_api_area
                0x00000000000054d8        0x0
                0x00000000000054d8                _led_driver_api_list_start = .
 *(SORT_BY_NAME(SORT_BY_ALIGNMENT(._led_driver_api.static.*)))
                0x00000000000054d8                _led_driver_api_list_end = .

led_strip_driver_api_area
                0x00000000000054d8        0x0
                0x00000000000054d8                _led_strip_driver_api_list_start = .
 *(SORT_BY_NAME(SORT_BY_ALIGNMENT(._led_strip_driver_api.static.*)))
                0x00000000000054d8                _led_strip_driver_api_list_end = .

lora_driver_api_area
                0x00000000000054d8        0x0
                0x00000000000054d8                _lora_driver_api_list_start = .
 *(SORT_BY_NAME(SORT_BY_ALIGNMENT(._lora_driver_api.static.*)))
                0x00000000000054d8                _lora_driver_api_list_end = .

mbox_driver_api_area
                0x00000000000054d8        0x0
                0x00000000000054d8                _mbox_driver_api_list_start = .
 *(SORT_BY_NAME(SORT_BY_ALIGNMENT(._mbox_driver_api.static.*)))
                0x00000000000054d8                _mbox_driver_api_list_end = .

mdio_driver_api_area
                0x00000000000054d8        0x0
                0x00000000000054d8                _mdio_driver_api_list_start = .
 *(SORT_BY_NAME(SORT_BY_ALIGNMENT(._mdio_driver_api.static.*)))
                0x00000000000054d8                _mdio_driver_api_list_end = .

mipi_dbi_driver_api_area
                0x00000000000054d8        0x0
                0x00000000000054d8                _mipi_dbi_driver_api_list_start = .
 *(SORT_BY_NAME(SORT_BY_ALIGNMENT(._mipi_dbi_driver_api.static.*)))
                0x00000000000054d8                _mipi_dbi_driver_api_list_end = .

mipi_dsi_driver_api_area
                0x00000000000054d8        0x0
                0x00000000000054d8                _mipi_dsi_driver_api_list_start = .
 *(SORT_BY_NAME(SORT_BY_ALIGNMENT(._mipi_dsi_driver_api.static.*)))
                0x00000000000054d8                _mipi_dsi_driver_api_list_end = .

mspi_driver_api_area
                0x00000000000054d8        0x0
                0x00000000000054d8                _mspi_driver_api_list_start = .
 *(SORT_BY_NAME(SORT_BY_ALIGNMENT(._mspi_driver_api.static.*)))
                0x00000000000054d8                _mspi_driver_api_list_end = .

opamp_driver_api_area
                0x00000000000054d8        0x0
                0x00000000000054d8                _opamp_driver_api_list_start = .
 *(SORT_BY_NAME(SORT_BY_ALIGNMENT(._opamp_driver_api.static.*)))
                0x00000000000054d8                _opamp_driver_api_list_end = .

peci_driver_api_area
                0x00000000000054d8        0x0
                0x00000000000054d8                _peci_driver_api_list_start = .
 *(SORT_BY_NAME(SORT_BY_ALIGNMENT(._peci_driver_api.static.*)))
                0x00000000000054d8                _peci_driver_api_list_end = .

ps2_driver_api_area
                0x00000000000054d8        0x0
                0x00000000000054d8                _ps2_driver_api_list_start = .
 *(SORT_BY_NAME(SORT_BY_ALIGNMENT(._ps2_driver_api.static.*)))
                0x00000000000054d8                _ps2_driver_api_list_end = .

ptp_clock_driver_api_area
                0x00000000000054d8        0x0
                0x00000000000054d8                _ptp_clock_driver_api_list_start = .
 *(SORT_BY_NAME(SORT_BY_ALIGNMENT(._ptp_clock_driver_api.static.*)))
                0x00000000000054d8                _ptp_clock_driver_api_list_end = .

pwm_driver_api_area
                0x00000000000054d8        0x0
                0x00000000000054d8                _pwm_driver_api_list_start = .
 *(SORT_BY_NAME(SORT_BY_ALIGNMENT(._pwm_driver_api.static.*)))
                0x00000000000054d8                _pwm_driver_api_list_end = .

regulator_parent_driver_api_area
                0x00000000000054d8        0x0
                0x00000000000054d8                _regulator_parent_driver_api_list_start = .
 *(SORT_BY_NAME(SORT_BY_ALIGNMENT(._regulator_parent_driver_api.static.*)))
                0x00000000000054d8                _regulator_parent_driver_api_list_end = .

regulator_driver_api_area
                0x00000000000054d8        0x0
                0x00000000000054d8                _regulator_driver_api_list_start = .
 *(SORT_BY_NAME(SORT_BY_ALIGNMENT(._regulator_driver_api.static.*)))
                0x00000000000054d8                _regulator_driver_api_list_end = .

reset_driver_api_area
                0x00000000000054d8        0x0
                0x00000000000054d8                _reset_driver_api_list_start = .
 *(SORT_BY_NAME(SORT_BY_ALIGNMENT(._reset_driver_api.static.*)))
                0x00000000000054d8                _reset_driver_api_list_end = .

retained_mem_driver_api_area
                0x00000000000054d8        0x0
                0x00000000000054d8                _retained_mem_driver_api_list_start = .
 *(SORT_BY_NAME(SORT_BY_ALIGNMENT(._retained_mem_driver_api.static.*)))
                0x00000000000054d8                _retained_mem_driver_api_list_end = .

rtc_driver_api_area
                0x00000000000054d8        0x0
                0x00000000000054d8                _rtc_driver_api_list_start = .
 *(SORT_BY_NAME(SORT_BY_ALIGNMENT(._rtc_driver_api.static.*)))
                0x00000000000054d8                _rtc_driver_api_list_end = .

sdhc_driver_api_area
                0x00000000000054d8        0x0
                0x00000000000054d8                _sdhc_driver_api_list_start = .
 *(SORT_BY_NAME(SORT_BY_ALIGNMENT(._sdhc_driver_api.static.*)))
                0x00000000000054d8                _sdhc_driver_api_list_end = .

sensor_driver_api_area
                0x00000000000054d8        0x0
                0x00000000000054d8                _sensor_driver_api_list_start = .
 *(SORT_BY_NAME(SORT_BY_ALIGNMENT(._sensor_driver_api.static.*)))
                0x00000000000054d8                _sensor_driver_api_list_end = .

smbus_driver_api_area
                0x00000000000054d8        0x0
                0x00000000000054d8                _smbus_driver_api_list_start = .
 *(SORT_BY_NAME(SORT_BY_ALIGNMENT(._smbus_driver_api.static.*)))
                0x00000000000054d8                _smbus_driver_api_list_end = .

spi_driver_api_area
                0x00000000000054d8        0x0
                0x00000000000054d8                _spi_driver_api_list_start = .
 *(SORT_BY_NAME(SORT_BY_ALIGNMENT(._spi_driver_api.static.*)))
                0x00000000000054d8                _spi_driver_api_list_end = .

stepper_driver_api_area
                0x00000000000054d8        0x0
                0x00000000000054d8                _stepper_driver_api_list_start = .
 *(SORT_BY_NAME(SORT_BY_ALIGNMENT(._stepper_driver_api.static.*)))
                0x00000000000054d8                _stepper_driver_api_list_end = .

syscon_driver_api_area
                0x00000000000054d8        0x0
                0x00000000000054d8                _syscon_driver_api_list_start = .
 *(SORT_BY_NAME(SORT_BY_ALIGNMENT(._syscon_driver_api.static.*)))
                0x00000000000054d8                _syscon_driver_api_list_end = .

tee_driver_api_area
                0x00000000000054d8        0x0
                0x00000000000054d8                _tee_driver_api_list_start = .
 *(SORT_BY_NAME(SORT_BY_ALIGNMENT(._tee_driver_api.static.*)))
                0x00000000000054d8                _tee_driver_api_list_end = .

video_driver_api_area
                0x00000000000054d8        0x0
                0x00000000000054d8                _video_driver_api_list_start = .
 *(SORT_BY_NAME(SORT_BY_ALIGNMENT(._video_driver_api.static.*)))
                0x00000000000054d8                _video_driver_api_list_end = .

virtio_driver_api_area
                0x00000000000054d8        0x0
                0x00000000000054d8                _virtio_driver_api_list_start = .
 *(SORT_BY_NAME(SORT_BY_ALIGNMENT(._virtio_driver_api.static.*)))
                0x00000000000054d8                _virtio_driver_api_list_end = .

w1_driver_api_area
                0x00000000000054d8        0x0
                0x00000000000054d8                _w1_driver_api_list_start = .
 *(SORT_BY_NAME(SORT_BY_ALIGNMENT(._w1_driver_api.static.*)))
                0x00000000000054d8                _w1_driver_api_list_end = .

wdt_driver_api_area
                0x00000000000054d8        0x0
                0x00000000000054d8                _wdt_driver_api_list_start = .
 *(SORT_BY_NAME(SORT_BY_ALIGNMENT(._wdt_driver_api.static.*)))
                0x00000000000054d8                _wdt_driver_api_list_end = .

can_transceiver_driver_api_area
                0x00000000000054d8        0x0
                0x00000000000054d8                _can_transceiver_driver_api_list_start = .
 *(SORT_BY_NAME(SORT_BY_ALIGNMENT(._can_transceiver_driver_api.static.*)))
                0x00000000000054d8                _can_transceiver_driver_api_list_end = .

nrf_clock_control_driver_api_area
                0x00000000000054d8        0x0
                0x00000000000054d8                _nrf_clock_control_driver_api_list_start = .
 *(SORT_BY_NAME(SORT_BY_ALIGNMENT(._nrf_clock_control_driver_api.static.*)))
                0x00000000000054d8                _nrf_clock_control_driver_api_list_end = .

i3c_target_driver_api_area
                0x00000000000054d8        0x0
                0x00000000000054d8                _i3c_target_driver_api_list_start = .
 *(SORT_BY_NAME(SORT_BY_ALIGNMENT(._i3c_target_driver_api.static.*)))
                0x00000000000054d8                _i3c_target_driver_api_list_end = .

its_driver_api_area
                0x00000000000054d8        0x0
                0x00000000000054d8                _its_driver_api_list_start = .
 *(SORT_BY_NAME(SORT_BY_ALIGNMENT(._its_driver_api.static.*)))
                0x00000000000054d8                _its_driver_api_list_end = .

vtd_driver_api_area
                0x00000000000054d8        0x0
                0x00000000000054d8                _vtd_driver_api_list_start = .
 *(SORT_BY_NAME(SORT_BY_ALIGNMENT(._vtd_driver_api.static.*)))
                0x00000000000054d8                _vtd_driver_api_list_end = .

renesas_elc_driver_api_area
                0x00000000000054d8        0x0
                0x00000000000054d8                _renesas_elc_driver_api_list_start = .
 *(SORT_BY_NAME(SORT_BY_ALIGNMENT(._renesas_elc_driver_api.static.*)))
                0x00000000000054d8                _renesas_elc_driver_api_list_end = .

tgpio_driver_api_area
                0x00000000000054d8        0x0
                0x00000000000054d8                _tgpio_driver_api_list_start = .
 *(SORT_BY_NAME(SORT_BY_ALIGNMENT(._tgpio_driver_api.static.*)))
                0x00000000000054d8                _tgpio_driver_api_list_end = .

pcie_ctrl_driver_api_area
                0x00000000000054d8        0x0
                0x00000000000054d8                _pcie_ctrl_driver_api_list_start = .
 *(SORT_BY_NAME(SORT_BY_ALIGNMENT(._pcie_ctrl_driver_api.static.*)))
                0x00000000000054d8                _pcie_ctrl_driver_api_list_end = .

pcie_ep_driver_api_area
                0x00000000000054d8        0x0
                0x00000000000054d8                _pcie_ep_driver_api_list_start = .
 *(SORT_BY_NAME(SORT_BY_ALIGNMENT(._pcie_ep_driver_api.static.*)))
                0x00000000000054d8                _pcie_ep_driver_api_list_end = .

psi5_driver_api_area
                0x00000000000054d8        0x0
                0x00000000000054d8                _psi5_driver_api_list_start = .
 *(SORT_BY_NAME(SORT_BY_ALIGNMENT(._psi5_driver_api.static.*)))
                0x00000000000054d8                _psi5_driver_api_list_end = .

sent_driver_api_area
                0x00000000000054d8        0x0
                0x00000000000054d8                _sent_driver_api_list_start = .
 *(SORT_BY_NAME(SORT_BY_ALIGNMENT(._sent_driver_api.static.*)))
                0x00000000000054d8                _sent_driver_api_list_end = .

svc_driver_api_area
                0x00000000000054d8        0x0
                0x00000000000054d8                _svc_driver_api_list_start = .
 *(SORT_BY_NAME(SORT_BY_ALIGNMENT(._svc_driver_api.static.*)))
                0x00000000000054d8                _svc_driver_api_list_end = .

uart_driver_api_area
                0x00000000000054d8        0xc
                0x00000000000054d8                _uart_driver_api_list_start = .
 *(SORT_BY_NAME(SORT_BY_ALIGNMENT(._uart_driver_api.static.*)))
 ._uart_driver_api.static.uart_nrfx_uarte_driver_api_
                0x00000000000054d8        0xc zephyr/drivers/serial/libdrivers__serial.a(uart_nrfx_uarte.c.obj)
                0x00000000000054e4                _uart_driver_api_list_end = .

bc12_emul_driver_api_area
                0x00000000000054e4        0x0
                0x00000000000054e4                _bc12_emul_driver_api_list_start = .
 *(SORT_BY_NAME(SORT_BY_ALIGNMENT(._bc12_emul_driver_api.static.*)))
                0x00000000000054e4                _bc12_emul_driver_api_list_end = .

bc12_driver_api_area
                0x00000000000054e4        0x0
                0x00000000000054e4                _bc12_driver_api_list_start = .
 *(SORT_BY_NAME(SORT_BY_ALIGNMENT(._bc12_driver_api.static.*)))
                0x00000000000054e4                _bc12_driver_api_list_end = .

usbc_ppc_driver_api_area
                0x00000000000054e4        0x0
                0x00000000000054e4                _usbc_ppc_driver_api_list_start = .
 *(SORT_BY_NAME(SORT_BY_ALIGNMENT(._usbc_ppc_driver_api.static.*)))
                0x00000000000054e4                _usbc_ppc_driver_api_list_end = .

tcpc_driver_api_area
                0x00000000000054e4        0x0
                0x00000000000054e4                _tcpc_driver_api_list_start = .
 *(SORT_BY_NAME(SORT_BY_ALIGNMENT(._tcpc_driver_api.static.*)))
                0x00000000000054e4                _tcpc_driver_api_list_end = .

usbc_vbus_driver_api_area
                0x00000000000054e4        0x0
                0x00000000000054e4                _usbc_vbus_driver_api_list_start = .
 *(SORT_BY_NAME(SORT_BY_ALIGNMENT(._usbc_vbus_driver_api.static.*)))
                0x00000000000054e4                _usbc_vbus_driver_api_list_end = .

ivshmem_driver_api_area
                0x00000000000054e4        0x0
                0x00000000000054e4                _ivshmem_driver_api_list_start = .
 *(SORT_BY_NAME(SORT_BY_ALIGNMENT(._ivshmem_driver_api.static.*)))
                0x00000000000054e4                _ivshmem_driver_api_list_end = .

ethphy_driver_api_area
                0x00000000000054e4        0x0
                0x00000000000054e4                _ethphy_driver_api_list_start = .
 *(SORT_BY_NAME(SORT_BY_ALIGNMENT(._ethphy_driver_api.static.*)))
                0x00000000000054e4                _ethphy_driver_api_list_end = .

ztest           0x00000000000054e4        0x0
                0x00000000000054e4                _ztest_expected_result_entry_list_start = .
 *(SORT_BY_NAME(SORT_BY_ALIGNMENT(._ztest_expected_result_entry.static.*)))
                0x00000000000054e4                _ztest_expected_result_entry_list_end = .
                0x00000000000054e4                _ztest_suite_node_list_start = .
 *(SORT_BY_NAME(SORT_BY_ALIGNMENT(._ztest_suite_node.static.*)))
                0x00000000000054e4                _ztest_suite_node_list_end = .
                0x00000000000054e4                _ztest_unit_test_list_start = .
 *(SORT_BY_NAME(SORT_BY_ALIGNMENT(._ztest_unit_test.static.*)))
                0x00000000000054e4                _ztest_unit_test_list_end = .
                0x00000000000054e4                _ztest_test_rule_list_start = .
 *(SORT_BY_NAME(SORT_BY_ALIGNMENT(._ztest_test_rule.static.*)))
                0x00000000000054e4                _ztest_test_rule_list_end = .

init_array      0x00000000000054e4        0x0
                0x00000000000054e4                __zephyr_init_array_start = .
 *(SORT_BY_INIT_PRIORITY(.init_array.*) SORT_BY_INIT_PRIORITY(.ctors.*))
 *(SORT_BY_ALIGNMENT(.init_array) SORT_BY_ALIGNMENT(.ctors))
                0x00000000000054e4                __zephyr_init_array_end = .
                0x0000000000000001                ASSERT ((__zephyr_init_array_start == __zephyr_init_array_end), GNU-style constructors required but STATIC_INIT_GNU not enabled)

bt_l2cap_fixed_chan_area
                0x00000000000054e4        0x0
                0x00000000000054e4                _bt_l2cap_fixed_chan_list_start = .
 *(SORT_BY_NAME(SORT_BY_ALIGNMENT(._bt_l2cap_fixed_chan.static.*)))
                0x00000000000054e4                _bt_l2cap_fixed_chan_list_end = .

bt_gatt_service_static_area
                0x00000000000054e4        0x0
                0x00000000000054e4                _bt_gatt_service_static_list_start = .
 *(SORT_BY_NAME(SORT_BY_ALIGNMENT(._bt_gatt_service_static.static.*)))
                0x00000000000054e4                _bt_gatt_service_static_list_end = .

log_strings_area
                0x00000000000054e4        0x0
                0x00000000000054e4                _log_strings_list_start = .
 *(SORT_BY_NAME(SORT_BY_ALIGNMENT(._log_strings.static.*)))
                0x00000000000054e4                _log_strings_list_end = .

log_stmesp_ptr_area
                0x00000000000054e4        0x0
                0x00000000000054e4                _log_stmesp_ptr_list_start = .
 *(SORT_BY_NAME(SORT_BY_ALIGNMENT(._log_stmesp_ptr.static.*)))
                0x00000000000054e4                _log_stmesp_ptr_list_end = .

log_stmesp_str_area
                0x00000000000054e4        0x0
                0x00000000000054e4                _log_stmesp_str_list_start = .
 *(SORT_BY_NAME(SORT_BY_ALIGNMENT(._log_stmesp_str.static.*)))
                0x00000000000054e4                _log_stmesp_str_list_end = .

log_const_area  0x00000000000054e4        0x0
                0x00000000000054e4                _log_const_list_start = .
 *(SORT_BY_NAME(SORT_BY_ALIGNMENT(._log_const.static.*)))
                0x00000000000054e4                _log_const_list_end = .

log_backend_area
                0x00000000000054e4        0x0
                0x00000000000054e4                _log_backend_list_start = .
 *(SORT_BY_NAME(SORT_BY_ALIGNMENT(._log_backend.static.*)))
                0x00000000000054e4                _log_backend_list_end = .

log_link_area   0x00000000000054e4        0x0
                0x00000000000054e4                _log_link_list_start = .
 *(SORT_BY_NAME(SORT_BY_ALIGNMENT(._log_link.static.*)))
                0x00000000000054e4                _log_link_list_end = .

tracing_backend_area
                0x00000000000054e4        0x0
                0x00000000000054e4                _tracing_backend_list_start = .
 *(SORT_BY_NAME(SORT_BY_ALIGNMENT(._tracing_backend.static.*)))
                0x00000000000054e4                _tracing_backend_list_end = .

zephyr_dbg_info
                0x00000000000054e4       0x44
 *(SORT_BY_ALIGNMENT(.dbg_thread_info))
 .dbg_thread_info
                0x00000000000054e4       0x44 zephyr/libzephyr.a(thread_info.c.obj)
                0x00000000000054e4                _kernel_openocd_size_t_size
                0x00000000000054e4                _kernel_thread_info_size_t_size
                0x00000000000054e8                _kernel_openocd_num_offsets
                0x00000000000054e8                _kernel_thread_info_num_offsets
                0x00000000000054ec                _kernel_openocd_offsets
                0x00000000000054ec                _kernel_thread_info_offsets

intc_table_area
                0x0000000000005528        0x0
                0x0000000000005528                _intc_table_list_start = .
 *(SORT_BY_NAME(SORT_BY_ALIGNMENT(._intc_table.static.*)))
                0x0000000000005528                _intc_table_list_end = .

symbol_to_keep  0x0000000000005528        0x0
                0x0000000000005528                __symbol_to_keep_start = .
 *(SORT_BY_NAME(SORT_BY_ALIGNMENT(.symbol_to_keep*)))
                0x0000000000005528                __symbol_to_keep_end = .

shell_area      0x0000000000005528        0x0
                0x0000000000005528                _shell_list_start = .
 *(SORT_BY_NAME(SORT_BY_ALIGNMENT(._shell.static.*)))
                0x0000000000005528                _shell_list_end = .

shell_root_cmds_area
                0x0000000000005528        0x0
                0x0000000000005528                _shell_root_cmds_list_start = .
 *(SORT_BY_NAME(SORT_BY_ALIGNMENT(._shell_root_cmds.static.*)))
                0x0000000000005528                _shell_root_cmds_list_end = .

shell_subcmds_area
                0x0000000000005528        0x0
                0x0000000000005528                _shell_subcmds_list_start = .
 *(SORT_BY_NAME(SORT_BY_ALIGNMENT(._shell_subcmds.static.*)))
                0x0000000000005528                _shell_subcmds_list_end = .

shell_dynamic_subcmds_area
                0x0000000000005528        0x0
                0x0000000000005528                _shell_dynamic_subcmds_list_start = .
 *(SORT_BY_NAME(SORT_BY_ALIGNMENT(._shell_dynamic_subcmds.static.*)))
                0x0000000000005528                _shell_dynamic_subcmds_list_end = .

cfb_font_area   0x0000000000005528        0x0
                0x0000000000005528                _cfb_font_list_start = .
 *(SORT_BY_NAME(SORT_BY_ALIGNMENT(._cfb_font.static.*)))
                0x0000000000005528                _cfb_font_list_end = .

tdata           0x0000000000005528        0x0
 *(SORT_BY_ALIGNMENT(.tdata) SORT_BY_ALIGNMENT(.tdata.*) SORT_BY_ALIGNMENT(.gnu.linkonce.td.*))

tbss            0x0000000000005528        0x4
 *(SORT_BY_ALIGNMENT(.tbss) SORT_BY_ALIGNMENT(.tbss.*) SORT_BY_ALIGNMENT(.gnu.linkonce.tb.*) SORT_BY_ALIGNMENT(.tcommon))
 .tbss.z_tls_current
                0x0000000000005528        0x4 zephyr/libzephyr.a(thread_entry.c.obj)
                0x0000000000005528                z_tls_current
                0x0000000000005528                PROVIDE (__tdata_start = LOADADDR (tdata))
                0x0000000000000001                PROVIDE (__tdata_align = ALIGNOF (tdata))
                0x0000000000000000                PROVIDE (__tdata_size = (((SIZEOF (tdata) + __tdata_align) - 0x1) & ~ ((__tdata_align - 0x1))))
                [!provide]                        PROVIDE (__tdata_end = (__tdata_start + __tdata_size))
                0x0000000000000004                PROVIDE (__tbss_align = ALIGNOF (tbss))
                [!provide]                        PROVIDE (__tbss_start = ADDR (tbss))
                0x0000000000000004                PROVIDE (__tbss_size = (((SIZEOF (tbss) + __tbss_align) - 0x1) & ~ ((__tbss_align - 0x1))))
                [!provide]                        PROVIDE (__tbss_end = (__tbss_start + __tbss_size))
                [!provide]                        PROVIDE (__tls_start = __tdata_start)
                [!provide]                        PROVIDE (__tls_end = __tbss_end)
                [!provide]                        PROVIDE (__tls_size = (__tbss_end - __tdata_start))

rodata          0x0000000000005530      0x814
 *(SORT_BY_ALIGNMENT(.rodata))
 *(SORT_BY_ALIGNMENT(.rodata.*))
 .rodata.delay_machine_code.0
                0x0000000000005530        0x6 zephyr/soc/soc/nrf52840/libsoc__nordic.a(soc.c.obj)
 *fill*         0x0000000000005536        0x2 
 .rodata.CSWTCH.40
                0x0000000000005538       0x20 app/libapp.a(main.c.obj)
 .rodata.mem_attr_region
                0x0000000000005558        0x0 zephyr/libzephyr.a(mem_attr.c.obj)
 .rodata.static_regions
                0x0000000000005558        0xc zephyr/arch/arch/arm/core/mpu/libarch__arm__core__mpu.a(arm_core_mpu.c.obj)
 .rodata.mpu_config
                0x0000000000005564        0x8 zephyr/arch/arch/arm/core/mpu/libarch__arm__core__mpu.a(arm_mpu_regions.c.obj)
                0x0000000000005564                mpu_config
 .rodata.mpu_regions
                0x000000000000556c       0x18 zephyr/arch/arch/arm/core/mpu/libarch__arm__core__mpu.a(arm_mpu_regions.c.obj)
 .rodata.transitions.0
                0x0000000000005584        0xc zephyr/drivers/clock_control/libdrivers__clock_control.a(clock_control_nrf.c.obj)
 .rodata.config
                0x0000000000005590       0x10 zephyr/drivers/clock_control/libdrivers__clock_control.a(clock_control_nrf.c.obj)
 .rodata.gpio_nrfx_p1_cfg
                0x00000000000055a0       0x18 zephyr/drivers/gpio/libdrivers__gpio.a(gpio_nrfx.c.obj)
 .rodata.gpio_nrfx_p0_cfg
                0x00000000000055b8       0x18 zephyr/drivers/gpio/libdrivers__gpio.a(gpio_nrfx.c.obj)
 .rodata.twi_0z_config
                0x00000000000055d0       0x20 zephyr/drivers/i2c/libdrivers__i2c.a(i2c_nrfx_twi.c.obj)
 .rodata.__pinctrl_dev_config__device_dts_ord_88
                0x00000000000055f0        0xc zephyr/drivers/i2c/libdrivers__i2c.a(i2c_nrfx_twi.c.obj)
 .rodata.__pinctrl_states__device_dts_ord_88
                0x00000000000055fc       0x10 zephyr/drivers/i2c/libdrivers__i2c.a(i2c_nrfx_twi.c.obj)
 .rodata.__pinctrl_state_pins_1__device_dts_ord_88
                0x000000000000560c        0x8 zephyr/drivers/i2c/libdrivers__i2c.a(i2c_nrfx_twi.c.obj)
 .rodata.__pinctrl_state_pins_0__device_dts_ord_88
                0x0000000000005614        0x8 zephyr/drivers/i2c/libdrivers__i2c.a(i2c_nrfx_twi.c.obj)
 .rodata.uarte_0z_config
                0x000000000000561c       0x20 zephyr/drivers/serial/libdrivers__serial.a(uart_nrfx_uarte.c.obj)
 .rodata.__pinctrl_dev_config__device_dts_ord_115
                0x000000000000563c        0xc zephyr/drivers/serial/libdrivers__serial.a(uart_nrfx_uarte.c.obj)
 .rodata.__pinctrl_states__device_dts_ord_115
                0x0000000000005648       0x10 zephyr/drivers/serial/libdrivers__serial.a(uart_nrfx_uarte.c.obj)
 .rodata.__pinctrl_state_pins_1__device_dts_ord_115
                0x0000000000005658       0x10 zephyr/drivers/serial/libdrivers__serial.a(uart_nrfx_uarte.c.obj)
 .rodata.__pinctrl_state_pins_0__device_dts_ord_115
                0x0000000000005668       0x10 zephyr/drivers/serial/libdrivers__serial.a(uart_nrfx_uarte.c.obj)
 .rodata.m_config
                0x0000000000005678        0x8 modules/hal_nordic/nrfx/libnrfx.a(nrfx_gpiote.c.obj)
 .rodata.levels.0
                0x0000000000005680       0x18 zephyr/kernel/libkernel.a(init.c.obj)
 .rodata.drv2605l_write_to_bit.str1.1
                0x0000000000005698        0xb app/libapp.a(main.c.obj)
 .rodata.drv2605l_print_library_info.str1.1
                0x00000000000056a3       0x1e app/libapp.a(main.c.obj)
 .rodata.drv2605l_auto_config_routine_complete.str1.1
                0x00000000000056c1       0x55 app/libapp.a(main.c.obj)
 .rodata.drv2605l_device_is_ready.str1.1
                0x0000000000005716       0x3b app/libapp.a(main.c.obj)
 .rodata.main.str1.1
                0x0000000000005751      0x105 app/libapp.a(main.c.obj)
 .rodata.str1.1
                0x0000000000005856       0x1c app/libapp.a(main.c.obj)
                                         0x1e (size before relaxing)
 .rodata.z_arm_fatal_error.str1.1
                0x0000000000005872       0xb3 zephyr/arch/arch/arm/core/libarch__arm__core.a(fatal.c.obj)
 .rodata.mem_manage_fault.str1.1
                0x0000000000005925       0xdf zephyr/arch/arch/arm/core/cortex_m/libarch__arm__core__cortex_m.a(fault.c.obj)
 .rodata.usage_fault.constprop.0.str1.1