Archive member included to satisfy reference by file (symbol)

app/libapp.a(main.c.obj)      (--whole-archive)
zephyr/libzephyr.a(validate_libc.c.obj)
                              (--whole-archive)
zephyr/libzephyr.a(heap.c.obj)
                              (--whole-archive)
zephyr/libzephyr.a(cbprintf_packaged.c.obj)
                              (--whole-archive)
zephyr/libzephyr.a(clock.c.obj)
                              (--whole-archive)
zephyr/libzephyr.a(printk.c.obj)
                              (--whole-archive)
zephyr/libzephyr.a(sem.c.obj)
                              (--whole-archive)
zephyr/libzephyr.a(thread_entry.c.obj)
                              (--whole-archive)
zephyr/libzephyr.a(cbprintf_complete.c.obj)
                              (--whole-archive)
zephyr/libzephyr.a(assert.c.obj)
                              (--whole-archive)
zephyr/libzephyr.a(mpsc_pbuf.c.obj)
                              (--whole-archive)
zephyr/libzephyr.a(dec.c.obj)
                              (--whole-archive)
zephyr/libzephyr.a(hex.c.obj)
                              (--whole-archive)
zephyr/libzephyr.a(rb.c.obj)  (--whole-archive)
zephyr/libzephyr.a(timeutil.c.obj)
                              (--whole-archive)
zephyr/libzephyr.a(bitarray.c.obj)
                              (--whole-archive)
zephyr/libzephyr.a(bitmask.c.obj)
                              (--whole-archive)
zephyr/libzephyr.a(onoff.c.obj)
                              (--whole-archive)
zephyr/libzephyr.a(notify.c.obj)
                              (--whole-archive)
zephyr/libzephyr.a(ring_buffer.c.obj)
                              (--whole-archive)
zephyr/libzephyr.a(last_section_id.c.obj)
                              (--whole-archive)
zephyr/libzephyr.a(configs.c.obj)
                              (--whole-archive)
zephyr/libzephyr.a(thread_info.c.obj)
                              (--whole-archive)
zephyr/libzephyr.a(log_core.c.obj)
                              (--whole-archive)
zephyr/libzephyr.a(log_mgmt.c.obj)
                              (--whole-archive)
zephyr/libzephyr.a(log_cache.c.obj)
                              (--whole-archive)
zephyr/libzephyr.a(log_msg.c.obj)
                              (--whole-archive)
zephyr/libzephyr.a(log_output.c.obj)
                              (--whole-archive)
zephyr/libzephyr.a(log_backend_uart.c.obj)
                              (--whole-archive)
zephyr/libzephyr.a(mem_attr.c.obj)
                              (--whole-archive)
zephyr/libzephyr.a(tracing_none.c.obj)
                              (--whole-archive)
zephyr/arch/common/libarch__common.a(sw_isr_common.c.obj)
                              (--whole-archive)
zephyr/arch/common/libarch__common.a(init.c.obj)
                              (--whole-archive)
zephyr/arch/common/libarch__common.a(xip.c.obj)
                              (--whole-archive)
zephyr/arch/arch/arm/core/libarch__arm__core.a(fatal.c.obj)
                              (--whole-archive)
zephyr/arch/arch/arm/core/libarch__arm__core.a(nmi.c.obj)
                              (--whole-archive)
zephyr/arch/arch/arm/core/libarch__arm__core.a(nmi_on_reset.S.obj)
                              (--whole-archive)
zephyr/arch/arch/arm/core/libarch__arm__core.a(tls.c.obj)
                              (--whole-archive)
zephyr/arch/arch/arm/core/cortex_m/libarch__arm__core__cortex_m.a(exc_exit.c.obj)
                              (--whole-archive)
zephyr/arch/arch/arm/core/cortex_m/libarch__arm__core__cortex_m.a(fault.c.obj)
                              (--whole-archive)
zephyr/arch/arch/arm/core/cortex_m/libarch__arm__core__cortex_m.a(fault_s.S.obj)
                              (--whole-archive)
zephyr/arch/arch/arm/core/cortex_m/libarch__arm__core__cortex_m.a(fpu.c.obj)
                              (--whole-archive)
zephyr/arch/arch/arm/core/cortex_m/libarch__arm__core__cortex_m.a(reset.S.obj)
                              (--whole-archive)
zephyr/arch/arch/arm/core/cortex_m/libarch__arm__core__cortex_m.a(scb.c.obj)
                              (--whole-archive)
zephyr/arch/arch/arm/core/cortex_m/libarch__arm__core__cortex_m.a(thread_abort.c.obj)
                              (--whole-archive)
zephyr/arch/arch/arm/core/cortex_m/libarch__arm__core__cortex_m.a(vector_table.S.obj)
                              (--whole-archive)
zephyr/arch/arch/arm/core/cortex_m/libarch__arm__core__cortex_m.a(swap_helper.S.obj)
                              (--whole-archive)
zephyr/arch/arch/arm/core/cortex_m/libarch__arm__core__cortex_m.a(irq_manage.c.obj)
                              (--whole-archive)
zephyr/arch/arch/arm/core/cortex_m/libarch__arm__core__cortex_m.a(prep_c.c.obj)
                              (--whole-archive)
zephyr/arch/arch/arm/core/cortex_m/libarch__arm__core__cortex_m.a(thread.c.obj)
                              (--whole-archive)
zephyr/arch/arch/arm/core/cortex_m/libarch__arm__core__cortex_m.a(cpu_idle.c.obj)
[...]
Memory Configuration

Name             Origin             Length             Attributes
FLASH            0x0000000000000000 0x0000000000100000 xr
RAM              0x0000000020000000 0x0000000000040000 xw
IDT_LIST         0x00000000ffff7fff 0x0000000000008000 xw
*default*        0x0000000000000000 0xffffffffffffffff

Linker script and memory map

                0x0000000000005e04                vfprintf = __l_vfprintf
                0x0000000000000000                vfscanf = __l_vfscanf
LOAD zephyr/CMakeFiles/zephyr_final.dir/misc/empty_file.c.obj
LOAD zephyr/CMakeFiles/zephyr_final.dir/isr_tables.c.obj
LOAD zephyr/CMakeFiles/offsets.dir/./arch/arm/core/offsets/offsets.c.obj
LOAD app/libapp.a
LOAD zephyr/libzephyr.a
LOAD zephyr/arch/common/libarch__common.a
LOAD zephyr/arch/arch/arm/core/libarch__arm__core.a
LOAD zephyr/arch/arch/arm/core/cortex_m/libarch__arm__core__cortex_m.a
LOAD zephyr/arch/arch/arm/core/mpu/libarch__arm__core__mpu.a
LOAD zephyr/lib/libc/picolibc/liblib__libc__picolibc.a
LOAD zephyr/lib/libc/common/liblib__libc__common.a
LOAD zephyr/lib/posix/c_lib_ext/liblib__posix__c_lib_ext.a
LOAD zephyr/soc/soc/nrf52840/libsoc__nordic.a
LOAD zephyr/drivers/clock_control/libdrivers__clock_control.a
LOAD zephyr/drivers/console/libdrivers__console.a
LOAD zephyr/drivers/gpio/libdrivers__gpio.a
LOAD zephyr/drivers/haptics/libdrivers__haptics.a
LOAD zephyr/drivers/i2c/libdrivers__i2c.a
LOAD zephyr/drivers/pinctrl/libdrivers__pinctrl.a
LOAD zephyr/drivers/serial/libdrivers__serial.a
LOAD zephyr/drivers/timer/libdrivers__timer.a
LOAD modules/hal_nordic/nrfx/libnrfx.a
LOAD zephyr/kernel/libkernel.a
LOAD zephyr/arch/common/libisr_tables.a
LOAD c:\ncs\toolchains\936afb6332\opt\zephyr-sdk\arm-zephyr-eabi\bin\../lib/gcc/../../picolibc/arm-zephyr-eabi/lib/thumb/v7e-m/nofp\libc.a
LOAD c:/ncs/toolchains/936afb6332/opt/zephyr-sdk/arm-zephyr-eabi/bin/../lib/gcc/arm-zephyr-eabi/12.2.0/thumb/v7e-m/nofp\libgcc.a
                0x0000000000000020                _region_min_align = 0x20

.rel.plt        0x0000000000000000        0x0
 *(SORT_BY_ALIGNMENT(.rel.plt))
                [!provide]                        PROVIDE (__rel_iplt_start = .)
 *(SORT_BY_ALIGNMENT(.rel.iplt))
 .rel.iplt      0x0000000000000000        0x0 zephyr/CMakeFiles/zephyr_final.dir/isr_tables.c.obj
                [!provide]                        PROVIDE (__rel_iplt_end = .)

.rela.plt       0x0000000000000000        0x0
 *(SORT_BY_ALIGNMENT(.rela.plt))
                [!provide]                        PROVIDE (__rela_iplt_start = .)
 *(SORT_BY_ALIGNMENT(.rela.iplt))
                [!provide]                        PROVIDE (__rela_iplt_end = .)

.rel.dyn
 *(SORT_BY_ALIGNMENT(.rel.*))

.rela.dyn
 *(SORT_BY_ALIGNMENT(.rela.*))

/DISCARD/
 *(SORT_BY_ALIGNMENT(.plt))

/DISCARD/
 *(SORT_BY_ALIGNMENT(.iplt))
                0x0000000000000000                __rom_region_start = 0x0

rom_start       0x0000000000000000      0x100
                0x0000000000000000                __rom_start_address = .
 FILL mask 0x00
                0x0000000000000000                . = (. + (0x0 - (. - __rom_start_address)))
                0x0000000000000000                . = ALIGN (0x4)
                0x0000000000000000                . = ALIGN (0x80)
                0x0000000000000000                . = ALIGN (0x100)
                0x0000000000000000                _vector_start = .
 *(SORT_BY_ALIGNMENT(.exc_vector_table))
 *(SORT_BY_ALIGNMENT(.exc_vector_table.*))
 .exc_vector_table._vector_table_section
                0x0000000000000000       0x40 zephyr/arch/arch/arm/core/cortex_m/libarch__arm__core__cortex_m.a(vector_table.S.obj)
                0x0000000000000000                _vector_table
 *(SORT_BY_ALIGNMENT(.vectors))
                0x0000000000000100                _vector_end = .
                0x0000000000000040                . = ALIGN (0x4)
 *(SORT_BY_ALIGNMENT(.gnu.linkonce.irq_vector_table*))
 .gnu.linkonce.irq_vector_table
                0x0000000000000040       0xc0 zephyr/CMakeFiles/zephyr_final.dir/isr_tables.c.obj
                0x0000000000000040                _irq_vector_table
                0x0000000000000100                _vector_end = .

text            0x0000000000000100     0x7b6c
                0x0000000000000100                __text_region_start = .
 *(SORT_BY_ALIGNMENT(.text))
 .text          0x0000000000000100       0x30 c:/ncs/toolchains/936afb6332/opt/zephyr-sdk/arm-zephyr-eabi/bin/../lib/gcc/arm-zephyr-eabi/12.2.0/thumb/v7e-m/nofp\libgcc.a(_aeabi_uldivmod.o)
                0x0000000000000100                __aeabi_uldivmod
 .text          0x0000000000000130        0x4 c:/ncs/toolchains/936afb6332/opt/zephyr-sdk/arm-zephyr-eabi/bin/../lib/gcc/arm-zephyr-eabi/12.2.0/thumb/v7e-m/nofp\libgcc.a(_dvmd_tls.o)
                0x0000000000000130                __aeabi_idiv0
                0x0000000000000130                __aeabi_ldiv0
 .text          0x0000000000000134       0x10 c:\ncs\toolchains\936afb6332\opt\zephyr-sdk\arm-zephyr-eabi\bin\../lib/gcc/../../picolibc/arm-zephyr-eabi/lib/thumb/v7e-m/nofp\libc.a(strlen.S.o)
                0x0000000000000134                strlen
 .text          0x0000000000000144      0x2a0 c:/ncs/toolchains/936afb6332/opt/zephyr-sdk/arm-zephyr-eabi/bin/../lib/gcc/arm-zephyr-eabi/12.2.0/thumb/v7e-m/nofp\libgcc.a(_udivmoddi4.o)
                0x0000000000000144                __udivmoddi4
 *(SORT_BY_ALIGNMENT(.text.*))
 .text.main     0x00000000000003e4       0xd0 app/libapp.a(main.c.obj)
                0x00000000000003e4                main
 .text.cbvprintf_package
                0x00000000000004b4      0x3a4 zephyr/libzephyr.a(cbprintf_packaged.c.obj)
                0x00000000000004b4                cbvprintf_package
 .text.cbprintf_package_convert
                0x0000000000000858      0x3cc zephyr/libzephyr.a(cbprintf_packaged.c.obj)
                0x0000000000000858                cbprintf_package_convert
 .text.__printk_hook_install
                0x0000000000000c24        0xc zephyr/libzephyr.a(printk.c.obj)
                0x0000000000000c24                __printk_hook_install
 .text.z_thread_entry
                0x0000000000000c30       0x34 zephyr/libzephyr.a(thread_entry.c.obj)
                0x0000000000000c30                z_thread_entry
 .text.process_event
                0x0000000000000c64      0x21c zephyr/libzephyr.a(onoff.c.obj)
 .text.activate_foreach_backend
                0x0000000000000e80       0x64 zephyr/libzephyr.a(log_core.c.obj)
 .text.enable_logger
                0x0000000000000ee4       0x5c zephyr/libzephyr.a(log_core.c.obj)
 .text.log_process_thread_timer_expiry_fn
                0x0000000000000f40        0xc zephyr/libzephyr.a(log_core.c.obj)
 .text.z_log_init
                0x0000000000000f4c       0x98 zephyr/libzephyr.a(log_core.c.obj)
 .text.log_format_func_t_get
                0x0000000000000fe4        0xc zephyr/libzephyr.a(log_core.c.obj)
                0x0000000000000fe4                log_format_func_t_get
 .text.log_set_timestamp_func
                0x0000000000000ff0       0x20 zephyr/libzephyr.a(log_core.c.obj)
                0x0000000000000ff0                log_set_timestamp_func
 .text.z_log_notify_backend_enabled
                0x0000000000001010       0x1c zephyr/libzephyr.a(log_core.c.obj)
                0x0000000000001010                z_log_notify_backend_enabled
 .text.z_log_dropped
                0x000000000000102c       0x44 zephyr/libzephyr.a(log_core.c.obj)
                0x000000000000102c                z_log_dropped
 .text.z_log_dropped_read_and_clear
                0x0000000000001070       0x20 zephyr/libzephyr.a(log_core.c.obj)
                0x0000000000001070                z_log_dropped_read_and_clear
 .text.dropped_notify
                0x0000000000001090       0x30 zephyr/libzephyr.a(log_core.c.obj)
                0x0000000000001090                dropped_notify
 .text.z_log_msg_init
                0x00000000000010c0       0x20 zephyr/libzephyr.a(log_core.c.obj)
                0x00000000000010c0                z_log_msg_init
 .text.log_core_init
                0x00000000000010e0       0x50 zephyr/libzephyr.a(log_core.c.obj)
                0x00000000000010e0                log_core_init
 .text.z_log_msg_alloc
                0x0000000000001130       0x10 zephyr/libzephyr.a(log_core.c.obj)
                0x0000000000001130                z_log_msg_alloc
 .text.z_log_msg_local_claim
                0x0000000000001140        0xc zephyr/libzephyr.a(log_core.c.obj)
                0x0000000000001140                z_log_msg_local_claim
 .text.z_log_msg_free
                0x000000000000114c       0x10 zephyr/libzephyr.a(log_core.c.obj)
                0x000000000000114c                z_log_msg_free
 .text.z_log_msg_pending
                0x000000000000115c        0xc zephyr/libzephyr.a(log_core.c.obj)
                0x000000000000115c                z_log_msg_pending
 .text.z_impl_log_process
                0x0000000000001168       0xc0 zephyr/libzephyr.a(log_core.c.obj)
                0x0000000000001168                z_impl_log_process
 .text.z_impl_log_panic
                0x0000000000001228       0x44 zephyr/libzephyr.a(log_core.c.obj)
                0x0000000000001228                z_impl_log_panic
 .text.log_process_thread_func
                0x000000000000126c       0xa4 zephyr/libzephyr.a(log_core.c.obj)
 .text.z_log_msg_post_finalize
                0x0000000000001310       0x78 zephyr/libzephyr.a(log_core.c.obj)
 .text.z_log_msg_commit
                0x0000000000001388       0x24 zephyr/libzephyr.a(log_core.c.obj)
                0x0000000000001388                z_log_msg_commit
 .text.log_source_name_get
                0x00000000000013ac       0x1c zephyr/libzephyr.a(log_mgmt.c.obj)
                0x00000000000013ac                log_source_name_get
 .text.z_impl_z_log_msg_static_create
                0x00000000000013c8      0x108 zephyr/libzephyr.a(log_msg.c.obj)
                0x00000000000013c8                z_impl_z_log_msg_static_create
 .text.z_log_msg_runtime_vcreate
                0x00000000000014d0       0xa0 zephyr/libzephyr.a(log_msg.c.obj)
                0x00000000000014d0                z_log_msg_runtime_vcreate
 .text.log_msg_get_source_id
                0x0000000000001570       0x18 zephyr/libzephyr.a(log_msg.c.obj)
                0x0000000000001570                log_msg_get_source_id
 .text.print_formatted
                0x0000000000001588       0x24 zephyr/libzephyr.a(log_output.c.obj)
 .text.newline_print
                0x00000000000015ac       0x1c zephyr/libzephyr.a(log_output.c.obj)
 .text.log_output_process
                0x00000000000015c8      0x2d4 zephyr/libzephyr.a(log_output.c.obj)
                0x00000000000015c8                log_output_process
 .text.log_output_dropped_process
                0x000000000000189c       0x58 zephyr/libzephyr.a(log_output.c.obj)
                0x000000000000189c                log_output_dropped_process
 .text.log_output_timestamp_freq_set
                0x00000000000018f4       0x2c zephyr/libzephyr.a(log_output.c.obj)
                0x00000000000018f4                log_output_timestamp_freq_set
 .text.char_out
                0x0000000000001920       0x24 zephyr/libzephyr.a(log_backend_uart.c.obj)
 .text.mem_attr_get_regions
                0x0000000000001944        0xc zephyr/libzephyr.a(mem_attr.c.obj)
                0x0000000000001944                mem_attr_get_regions
 .text.arch_bss_zero
                0x0000000000001950       0x18 zephyr/arch/common/libarch__common.a(init.c.obj)
                0x0000000000001950                arch_bss_zero
 .text.arch_data_copy
                0x0000000000001968       0x38 zephyr/arch/common/libarch__common.a(xip.c.obj)
                0x0000000000001968                arch_data_copy
 .text.z_arm_fatal_error
                0x00000000000019a0       0xb8 zephyr/arch/arch/arm/core/libarch__arm__core.a(fatal.c.obj)
                0x00000000000019a0                z_arm_fatal_error
 .text.z_SysNmiOnReset
                0x0000000000001a58        0x8 zephyr/arch/arch/arm/core/libarch__arm__core.a(nmi_on_reset.S.obj)
                0x0000000000001a58                z_SysNmiOnReset
 .text.arch_tls_stack_setup
                0x0000000000001a60       0x40 zephyr/arch/arch/arm/core/libarch__arm__core.a(tls.c.obj)
                0x0000000000001a60                arch_tls_stack_setup
 .text._HandlerModeExit
                0x0000000000001aa0       0x20 zephyr/arch/arch/arm/core/cortex_m/libarch__arm__core__cortex_m.a(exc_exit.c.obj)
                0x0000000000001aa0                z_arm_int_exit
                0x0000000000001aa0                z_arm_exc_exit
 .text.bus_fault.constprop.0
                0x0000000000001ac0       0xd0 zephyr/arch/arch/arm/core/cortex_m/libarch__arm__core__cortex_m.a(fault.c.obj)
 .text.usage_fault.constprop.0
                0x0000000000001b90       0xa8 zephyr/arch/arch/arm/core/cortex_m/libarch__arm__core__cortex_m.a(fault.c.obj)
 .text.mem_manage_fault
                0x0000000000001c38      0x104 zephyr/arch/arch/arm/core/cortex_m/libarch__arm__core__cortex_m.a(fault.c.obj)
 .text.z_arm_fault
                0x0000000000001d3c      0x1d4 zephyr/arch/arch/arm/core/cortex_m/libarch__arm__core__cortex_m.a(fault.c.obj)
                0x0000000000001d3c                z_arm_fault
 .text.z_arm_fault_init
                0x0000000000001f10       0x18 zephyr/arch/arch/arm/core/cortex_m/libarch__arm__core__cortex_m.a(fault.c.obj)
                0x0000000000001f10                z_arm_fault_init
 .text.__fault  0x0000000000001f28       0x14 zephyr/arch/arch/arm/core/cortex_m/libarch__arm__core__cortex_m.a(fault_s.S.obj)
                0x0000000000001f28                z_arm_usage_fault
                0x0000000000001f28                z_arm_mpu_fault
                0x0000000000001f28                z_arm_exc_spurious
                0x0000000000001f28                z_arm_debug_monitor
                0x0000000000001f28                z_arm_hard_fault
                0x0000000000001f28                z_arm_bus_fault
 .text._reset_section
                0x0000000000001f3c       0x44 zephyr/arch/arch/arm/core/cortex_m/libarch__arm__core__cortex_m.a(reset.S.obj)
                0x0000000000001f3c                __start
                0x0000000000001f3c                z_arm_reset
 .text.z_impl_k_thread_abort
                0x0000000000001f80       0x2c zephyr/arch/arch/arm/core/cortex_m/libarch__arm__core__cortex_m.a(thread_abort.c.obj)
                0x0000000000001f80                z_impl_k_thread_abort
 .text.z_arm_pendsv
                0x0000000000001fac       0x64 zephyr/arch/arch/arm/core/cortex_m/libarch__arm__core__cortex_m.a(swap_helper.S.obj)
                0x0000000000001fac                z_arm_pendsv
 .text.z_arm_svc
                0x0000000000002010       0x24 zephyr/arch/arch/arm/core/cortex_m/libarch__arm__core__cortex_m.a(swap_helper.S.obj)
                0x0000000000002010                z_arm_svc
 .text.arm_irq_enable
                0x0000000000002034       0x1c zephyr/arch/arch/arm/core/cortex_m/libarch__arm__core__cortex_m.a(irq_manage.c.obj)
                0x0000000000002034                arm_irq_enable
 .text.arm_irq_is_enabled
                0x0000000000002050       0x1c zephyr/arch/arch/arm/core/cortex_m/libarch__arm__core__cortex_m.a(irq_manage.c.obj)
                0x0000000000002050                arm_irq_is_enabled
 .text.arm_irq_priority_set
                0x000000000000206c       0x30 zephyr/arch/arch/arm/core/cortex_m/libarch__arm__core__cortex_m.a(irq_manage.c.obj)
                0x000000000000206c                arm_irq_priority_set
 .text.relocate_vector_table
                0x000000000000209c       0x1c zephyr/arch/arch/arm/core/cortex_m/libarch__arm__core__cortex_m.a(prep_c.c.obj)
                0x000000000000209c                relocate_vector_table
 .text.z_prep_c
                0x00000000000020b8       0x38 zephyr/arch/arch/arm/core/cortex_m/libarch__arm__core__cortex_m.a(prep_c.c.obj)
                0x00000000000020b8                z_prep_c
 .text.arch_new_thread
                0x00000000000020f0       0x38 zephyr/arch/arch/arm/core/cortex_m/libarch__arm__core__cortex_m.a(thread.c.obj)
                0x00000000000020f0                arch_new_thread
 .text.z_check_thread_stack_fail
                0x0000000000002128       0x30 zephyr/arch/arch/arm/core/cortex_m/libarch__arm__core__cortex_m.a(thread.c.obj)
                0x0000000000002128                z_check_thread_stack_fail
 .text.arch_switch_to_main_thread
                0x0000000000002158       0x40 zephyr/arch/arch/arm/core/cortex_m/libarch__arm__core__cortex_m.a(thread.c.obj)
                0x0000000000002158                arch_switch_to_main_thread
 .text.z_arm_cpu_idle_init
                0x0000000000002198        0xc zephyr/arch/arch/arm/core/cortex_m/libarch__arm__core__cortex_m.a(cpu_idle.c.obj)
                0x0000000000002198                z_arm_cpu_idle_init
 .text.z_arm_interrupt_init
                0x00000000000021a4       0x18 zephyr/arch/arch/arm/core/cortex_m/libarch__arm__core__cortex_m.a(irq_init.c.obj)
                0x00000000000021a4                z_arm_interrupt_init
 .text._isr_wrapper
                0x00000000000021bc       0x24 zephyr/arch/arch/arm/core/cortex_m/libarch__arm__core__cortex_m.a(isr_wrapper.c.obj)
                0x00000000000021bc                _isr_wrapper
 .text.z_arm_configure_static_mpu_regions
                0x00000000000021e0       0x18 zephyr/arch/arch/arm/core/mpu/libarch__arm__core__mpu.a(arm_core_mpu.c.obj)
                0x00000000000021e0                z_arm_configure_static_mpu_regions
 .text.z_arm_configure_dynamic_mpu_regions
                0x00000000000021f8       0x24 zephyr/arch/arch/arm/core/mpu/libarch__arm__core__mpu.a(arm_core_mpu.c.obj)
                0x00000000000021f8                z_arm_configure_dynamic_mpu_regions
 .text.region_allocate_and_init
                0x000000000000221c       0x54 zephyr/arch/arch/arm/core/mpu/libarch__arm__core__mpu.a(arm_mpu.c.obj)
 .text.mpu_configure_regions
                0x0000000000002270       0x68 zephyr/arch/arch/arm/core/mpu/libarch__arm__core__mpu.a(arm_mpu.c.obj)
 .text.arm_core_mpu_enable
                0x00000000000022d8       0x18 zephyr/arch/arch/arm/core/mpu/libarch__arm__core__mpu.a(arm_mpu.c.obj)
                0x00000000000022d8                arm_core_mpu_enable
 .text.arm_core_mpu_disable
                0x00000000000022f0       0x14 zephyr/arch/arch/arm/core/mpu/libarch__arm__core__mpu.a(arm_mpu.c.obj)
                0x00000000000022f0                arm_core_mpu_disable
 .text.arm_core_mpu_configure_static_mpu_regions
                0x0000000000002304       0x14 zephyr/arch/arch/arm/core/mpu/libarch__arm__core__mpu.a(arm_mpu.c.obj)
                0x0000000000002304                arm_core_mpu_configure_static_mpu_regions
 .text.arm_core_mpu_configure_dynamic_mpu_regions
                0x0000000000002318       0x38 zephyr/arch/arch/arm/core/mpu/libarch__arm__core__mpu.a(arm_mpu.c.obj)
                0x0000000000002318                arm_core_mpu_configure_dynamic_mpu_regions
 .text.z_arm_mpu_init
                0x0000000000002350      0x17c zephyr/arch/arch/arm/core/mpu/libarch__arm__core__mpu.a(arm_mpu.c.obj)
                0x0000000000002350                z_arm_mpu_init
 .text.cbvprintf
                0x00000000000024cc       0x38 zephyr/lib/libc/picolibc/liblib__libc__picolibc.a(cbprintf.c.obj)
                0x00000000000024cc                cbvprintf
 .text.z_impl_zephyr_fputc
                0x0000000000002504       0x10 zephyr/lib/libc/picolibc/liblib__libc__picolibc.a(stdio.c.obj)
                0x0000000000002504                z_impl_zephyr_fputc
 .text.__stdout_hook_install
                0x0000000000002514       0x18 zephyr/lib/libc/picolibc/liblib__libc__picolibc.a(stdio.c.obj)
                0x0000000000002514                __stdout_hook_install
 .text.malloc_prepare
                0x000000000000252c       0x24 zephyr/lib/libc/common/liblib__libc__common.a(malloc.c.obj)
 .text.nordicsemi_nrf52_init
                0x0000000000002550       0x44 zephyr/soc/soc/nrf52840/libsoc__nordic.a(soc.c.obj)
 .text.arch_busy_wait
                0x0000000000002594       0x14 zephyr/soc/soc/nrf52840/libsoc__nordic.a(soc.c.obj)
                0x0000000000002594                arch_busy_wait
 .text.onoff_stop
                0x00000000000025a8       0x30 zephyr/drivers/clock_control/libdrivers__clock_control.a(clock_control_nrf.c.obj)
 .text.onoff_start
                0x00000000000025d8       0x44 zephyr/drivers/clock_control/libdrivers__clock_control.a(clock_control_nrf.c.obj)
 .text.generic_hfclk_stop
                0x000000000000261c       0x34 zephyr/drivers/clock_control/libdrivers__clock_control.a(clock_control_nrf.c.obj)
 .text.clk_init
                0x0000000000002650       0x58 zephyr/drivers/clock_control/libdrivers__clock_control.a(clock_control_nrf.c.obj)
 .text.api_blocking_start
                0x00000000000026a8       0x34 zephyr/drivers/clock_control/libdrivers__clock_control.a(clock_control_nrf.c.obj)
 .text.clkstarted_handle.constprop.0
                0x00000000000026dc       0x4c zephyr/drivers/clock_control/libdrivers__clock_control.a(clock_control_nrf.c.obj)
 .text.generic_hfclk_start
                0x0000000000002728       0x78 zephyr/drivers/clock_control/libdrivers__clock_control.a(clock_control_nrf.c.obj)
 .text.clock_event_handler
                0x00000000000027a0       0x1c zephyr/drivers/clock_control/libdrivers__clock_control.a(clock_control_nrf.c.obj)
 .text.z_nrf_clock_control_lf_on
                0x00000000000027bc       0xfc zephyr/drivers/clock_control/libdrivers__clock_control.a(clock_control_nrf.c.obj)
                0x00000000000027bc                z_nrf_clock_control_lf_on
 .text.uart_console_init
                0x00000000000028b8       0x28 zephyr/drivers/console/libdrivers__console.a(uart_console.c.obj)
 .text.console_out
                0x00000000000028e0       0x28 zephyr/drivers/console/libdrivers__console.a(uart_console.c.obj)
 .text.gpio_nrfx_pin_interrupt_configure
                0x0000000000002908      0x11c zephyr/drivers/gpio/libdrivers__gpio.a(gpio_nrfx.c.obj)
 .text.nrfx_gpio_handler
                0x0000000000002a24       0x4c zephyr/drivers/gpio/libdrivers__gpio.a(gpio_nrfx.c.obj)
 .text.gpio_nrfx_init
                0x0000000000002a70       0x48 zephyr/drivers/gpio/libdrivers__gpio.a(gpio_nrfx.c.obj)
 .text.gpio_nrfx_pin_configure
                0x0000000000002ab8      0x18c zephyr/drivers/gpio/libdrivers__gpio.a(gpio_nrfx.c.obj)
 .text.drv2605_init
                0x0000000000002c44      0x184 zephyr/drivers/haptics/libdrivers__haptics.a(drv2605.c.obj)
 .text.event_handler
                0x0000000000002dc8       0x38 zephyr/drivers/i2c/libdrivers__i2c.a(i2c_nrfx_twi.c.obj)
 .text.i2c_nrfx_twi_transfer
                0x0000000000002e00       0xc0 zephyr/drivers/i2c/libdrivers__i2c.a(i2c_nrfx_twi.c.obj)
 .text.i2c_nrfx_twi_init
                0x0000000000002ec0       0x60 zephyr/drivers/i2c/libdrivers__i2c.a(i2c_nrfx_twi_common.c.obj)
                0x0000000000002ec0                i2c_nrfx_twi_init
 .text.i2c_nrfx_twi_configure
                0x0000000000002f20       0x48 zephyr/drivers/i2c/libdrivers__i2c.a(i2c_nrfx_twi_common.c.obj)
                0x0000000000002f20                i2c_nrfx_twi_configure
 .text.i2c_nrfx_twi_recover_bus
                0x0000000000002f68       0x24 zephyr/drivers/i2c/libdrivers__i2c.a(i2c_nrfx_twi_common.c.obj)
                0x0000000000002f68                i2c_nrfx_twi_recover_bus
 .text.i2c_nrfx_twi_msg_transfer
                0x0000000000002f8c       0x90 zephyr/drivers/i2c/libdrivers__i2c.a(i2c_nrfx_twi_common.c.obj)
                0x0000000000002f8c                i2c_nrfx_twi_msg_transfer
 .text.nrf_gpio_pin_port_decode
                0x000000000000301c       0x20 zephyr/drivers/pinctrl/libdrivers__pinctrl.a(pinctrl_nrf.c.obj)
 .text.pinctrl_configure_pins
                0x000000000000303c      0x1c4 zephyr/drivers/pinctrl/libdrivers__pinctrl.a(pinctrl_nrf.c.obj)
                0x000000000000303c                pinctrl_configure_pins
 .text.uarte_nrfx_poll_out
                0x0000000000003200       0xb8 zephyr/drivers/serial/libdrivers__serial.a(uart_nrfx_uarte.c.obj)
 .text.uarte_0_init
                0x00000000000032b8      0x10c zephyr/drivers/serial/libdrivers__serial.a(uart_nrfx_uarte.c.obj)
 .text.compare_int_lock
                0x00000000000033c4       0x48 zephyr/drivers/timer/libdrivers__timer.a(nrf_rtc_timer.c.obj)
 .text.sys_clock_timeout_handler
                0x000000000000340c       0x48 zephyr/drivers/timer/libdrivers__timer.a(nrf_rtc_timer.c.obj)
 .text.compare_int_unlock
                0x0000000000003454       0x5c zephyr/drivers/timer/libdrivers__timer.a(nrf_rtc_timer.c.obj)
 .text.z_nrf_rtc_timer_read
                0x00000000000034b0       0x44 zephyr/drivers/timer/libdrivers__timer.a(nrf_rtc_timer.c.obj)
                0x00000000000034b0                z_nrf_rtc_timer_read
 .text.compare_set
                0x00000000000034f4      0x130 zephyr/drivers/timer/libdrivers__timer.a(nrf_rtc_timer.c.obj)
 .text.sys_clock_driver_init
                0x0000000000003624       0x90 zephyr/drivers/timer/libdrivers__timer.a(nrf_rtc_timer.c.obj)
 .text.rtc_nrf_isr
                0x00000000000036b4       0xd4 zephyr/drivers/timer/libdrivers__timer.a(nrf_rtc_timer.c.obj)
                0x00000000000036b4                rtc_nrf_isr
 .text.sys_clock_set_timeout
                0x0000000000003788       0x5c zephyr/drivers/timer/libdrivers__timer.a(nrf_rtc_timer.c.obj)
                0x0000000000003788                sys_clock_set_timeout
 .text.sys_clock_elapsed
                0x00000000000037e4       0x14 zephyr/drivers/timer/libdrivers__timer.a(nrf_rtc_timer.c.obj)
                0x00000000000037e4                sys_clock_elapsed
 .text.nrf52_errata_98
                0x00000000000037f8       0x24 modules/hal_nordic/nrfx/libnrfx.a(system_nrf52840.c.obj)
 .text.nvmc_wait
                0x000000000000381c       0x10 modules/hal_nordic/nrfx/libnrfx.a(system_nrf52840.c.obj)
                0x000000000000381c                nvmc_wait
 .text.SystemInit
                0x000000000000382c      0x1bc modules/hal_nordic/nrfx/libnrfx.a(system_nrf52840.c.obj)
                0x000000000000382c                SystemInit
 .text.nrfx_flag32_alloc
                0x00000000000039e8       0x48 modules/hal_nordic/nrfx/libnrfx.a(nrfx_flag32_allocator.c.obj)
                0x00000000000039e8                nrfx_flag32_alloc
 .text.nrfx_flag32_free
                0x0000000000003a30       0x40 modules/hal_nordic/nrfx/libnrfx.a(nrfx_flag32_allocator.c.obj)
                0x0000000000003a30                nrfx_flag32_free
 .text.nrfx_gppi_channels_enable
                0x0000000000003a70        0xc modules/hal_nordic/nrfx/libnrfx.a(nrfx_gppi_ppi.c.obj)
                0x0000000000003a70                nrfx_gppi_channels_enable
 .text.clock_stop
                0x0000000000003a7c       0xc4 modules/hal_nordic/nrfx/libnrfx.a(nrfx_clock.c.obj)
 .text.nrfx_clock_init
                0x0000000000003b40       0x20 modules/hal_nordic/nrfx/libnrfx.a(nrfx_clock.c.obj)
                0x0000000000003b40                nrfx_clock_init
 .text.nrfx_clock_enable
                0x0000000000003b60       0x24 modules/hal_nordic/nrfx/libnrfx.a(nrfx_clock.c.obj)
                0x0000000000003b60                nrfx_clock_enable
 .text.nrfx_clock_start
                0x0000000000003b84       0xa8 modules/hal_nordic/nrfx/libnrfx.a(nrfx_clock.c.obj)
                0x0000000000003b84                nrfx_clock_start
 .text.nrfx_power_clock_irq_handler
                0x0000000000003c2c       0x7c modules/hal_nordic/nrfx/libnrfx.a(nrfx_clock.c.obj)
                0x0000000000003c2c                nrfx_power_clock_irq_handler
 .text.nrf_gpio_pin_port_decode
                0x0000000000003ca8       0x20 modules/hal_nordic/nrfx/libnrfx.a(nrfx_gpiote.c.obj)
 .text.get_pin_idx
                0x0000000000003cc8       0x14 modules/hal_nordic/nrfx/libnrfx.a(nrfx_gpiote.c.obj)
 .text.call_handler.constprop.0
                0x0000000000003cdc       0x40 modules/hal_nordic/nrfx/libnrfx.a(nrfx_gpiote.c.obj)
 .text.pin_te_get.constprop.0
                0x0000000000003d1c       0x18 modules/hal_nordic/nrfx/libnrfx.a(nrfx_gpiote.c.obj)
 .text.pin_is_output.constprop.0
                0x0000000000003d34       0x18 modules/hal_nordic/nrfx/libnrfx.a(nrfx_gpiote.c.obj)
 .text.pin_in_use_by_te.constprop.0
                0x0000000000003d4c       0x18 modules/hal_nordic/nrfx/libnrfx.a(nrfx_gpiote.c.obj)
 .text.latch_pending_read_and_check
                0x0000000000003d64       0x40 modules/hal_nordic/nrfx/libnrfx.a(nrfx_gpiote.c.obj)
 .text.release_handler.isra.0
                0x0000000000003da4       0x58 modules/hal_nordic/nrfx/libnrfx.a(nrfx_gpiote.c.obj)
 .text.__nrfy_internal_gpiote_events_process.constprop.0
                0x0000000000003dfc       0x5c modules/hal_nordic/nrfx/libnrfx.a(nrfx_gpiote.c.obj)
 .text.pin_uninit
                0x0000000000003e58       0x80 modules/hal_nordic/nrfx/libnrfx.a(nrfx_gpiote.c.obj)
 .text.nrfx_gpiote_input_configure
                0x0000000000003ed8      0x178 modules/hal_nordic/nrfx/libnrfx.a(nrfx_gpiote.c.obj)
                0x0000000000003ed8                nrfx_gpiote_input_configure
 .text.nrfx_gpiote_output_configure
                0x0000000000004050       0xfc modules/hal_nordic/nrfx/libnrfx.a(nrfx_gpiote.c.obj)
                0x0000000000004050                nrfx_gpiote_output_configure
 .text.nrfx_gpiote_global_callback_set
                0x000000000000414c        0xc modules/hal_nordic/nrfx/libnrfx.a(nrfx_gpiote.c.obj)
                0x000000000000414c                nrfx_gpiote_global_callback_set
 .text.nrfx_gpiote_channel_get
                0x0000000000004158       0x34 modules/hal_nordic/nrfx/libnrfx.a(nrfx_gpiote.c.obj)
                0x0000000000004158                nrfx_gpiote_channel_get
 .text.nrfx_gpiote_init
                0x000000000000418c       0x48 modules/hal_nordic/nrfx/libnrfx.a(nrfx_gpiote.c.obj)
                0x000000000000418c                nrfx_gpiote_init
 .text.nrfx_gpiote_init_check
                0x00000000000041d4       0x14 modules/hal_nordic/nrfx/libnrfx.a(nrfx_gpiote.c.obj)
                0x00000000000041d4                nrfx_gpiote_init_check
 .text.nrfx_gpiote_channel_free
                0x00000000000041e8       0x10 modules/hal_nordic/nrfx/libnrfx.a(nrfx_gpiote.c.obj)
                0x00000000000041e8                nrfx_gpiote_channel_free
 .text.nrfx_gpiote_channel_alloc
                0x00000000000041f8       0x10 modules/hal_nordic/nrfx/libnrfx.a(nrfx_gpiote.c.obj)
                0x00000000000041f8                nrfx_gpiote_channel_alloc
 .text.nrfx_gpiote_trigger_enable
                0x0000000000004208       0xa8 modules/hal_nordic/nrfx/libnrfx.a(nrfx_gpiote.c.obj)
                0x0000000000004208                nrfx_gpiote_trigger_enable
 .text.nrfx_gpiote_0_irq_handler
                0x00000000000042b0      0x1b0 modules/hal_nordic/nrfx/libnrfx.a(nrfx_gpiote.c.obj)
                0x00000000000042b0                nrfx_gpiote_0_irq_handler
 .text.nrfx_ppi_channel_alloc
                0x0000000000004460        0xc modules/hal_nordic/nrfx/libnrfx.a(nrfx_ppi.c.obj)
                0x0000000000004460                nrfx_ppi_channel_alloc
 .text.nrf_gpio_cfg.constprop.0
                0x000000000000446c       0x48 modules/hal_nordic/nrfx/libnrfx.a(nrfx_twi.c.obj)
 .text.twi_configure
                0x00000000000044b4       0x3c modules/hal_nordic/nrfx/libnrfx.a(nrfx_twi.c.obj)
 .text.twi_tx_start_transfer
                0x00000000000044f0      0x104 modules/hal_nordic/nrfx/libnrfx.a(nrfx_twi.c.obj)
 .text.twi_rx_start_transfer
                0x00000000000045f4       0xe4 modules/hal_nordic/nrfx/libnrfx.a(nrfx_twi.c.obj)
 .text.nrfx_twi_init
                0x00000000000046d8       0x88 modules/hal_nordic/nrfx/libnrfx.a(nrfx_twi.c.obj)
                0x00000000000046d8                nrfx_twi_init
 .text.nrfx_twi_enable
                0x0000000000004760       0x20 modules/hal_nordic/nrfx/libnrfx.a(nrfx_twi.c.obj)
                0x0000000000004760                nrfx_twi_enable
 .text.nrfx_twi_disable
                0x0000000000004780       0x38 modules/hal_nordic/nrfx/libnrfx.a(nrfx_twi.c.obj)
                0x0000000000004780                nrfx_twi_disable
 .text.nrfx_twi_xfer
                0x00000000000047b8       0xdc modules/hal_nordic/nrfx/libnrfx.a(nrfx_twi.c.obj)
                0x00000000000047b8                nrfx_twi_xfer
 .text.nrfx_twi_0_irq_handler
                0x0000000000004894       0xd8 modules/hal_nordic/nrfx/libnrfx.a(nrfx_twi.c.obj)
                0x0000000000004894                nrfx_twi_0_irq_handler
 .text.nrf_gpio_pin_port_decode
                0x000000000000496c       0x20 modules/hal_nordic/nrfx/libnrfx.a(nrfx_twi_twim.c.obj)
 .text.nrfx_twi_twim_bus_recover
                0x000000000000498c       0xdc modules/hal_nordic/nrfx/libnrfx.a(nrfx_twi_twim.c.obj)
                0x000000000000498c                nrfx_twi_twim_bus_recover
 .text.k_sys_fatal_error_handler
                0x0000000000004a68       0x20 zephyr/kernel/libkernel.a(fatal.c.obj)
                0x0000000000004a68                k_sys_fatal_error_handler
 .text.z_fatal_error
                0x0000000000004a88       0xe8 zephyr/kernel/libkernel.a(fatal.c.obj)
                0x0000000000004a88                z_fatal_error
 .text.z_sys_init_run_level
                0x0000000000004b70       0x30 zephyr/kernel/libkernel.a(init.c.obj)
 .text.bg_thread_main
                0x0000000000004ba0       0xc0 zephyr/kernel/libkernel.a(init.c.obj)
 .text.z_init_cpu
                0x0000000000004c60       0x78 zephyr/kernel/libkernel.a(init.c.obj)
                0x0000000000004c60                z_init_cpu
 .text.z_cstart
                0x0000000000004cd8       0xd0 zephyr/kernel/libkernel.a(init.c.obj)
                0x0000000000004cd8                z_cstart
 .text.z_impl_k_sem_give
                0x0000000000004da8       0x68 zephyr/kernel/libkernel.a(sem.c.obj)
                0x0000000000004da8                z_impl_k_sem_give
 .text.z_impl_k_sem_take
                0x0000000000004e10       0x4c zephyr/kernel/libkernel.a(sem.c.obj)
                0x0000000000004e10                z_impl_k_sem_take
 .text.work_queue_main
                0x0000000000004e5c      0x14c zephyr/kernel/libkernel.a(work.c.obj)
 .text.submit_to_queue_locked
                0x0000000000004fa8       0xb8 zephyr/kernel/libkernel.a(work.c.obj)
 .text.k_work_submit
                0x0000000000005060        0xc zephyr/kernel/libkernel.a(work.c.obj)
                0x0000000000005060                k_work_submit
 .text.k_work_queue_start
                0x000000000000506c       0x80 zephyr/kernel/libkernel.a(work.c.obj)
                0x000000000000506c                k_work_queue_start
 .text.z_impl_k_thread_name_set
                0x00000000000050ec       0x20 zephyr/kernel/libkernel.a(thread.c.obj)
                0x00000000000050ec                z_impl_k_thread_name_set
 .text.z_setup_new_thread
                0x000000000000510c       0xec zephyr/kernel/libkernel.a(thread.c.obj)
                0x000000000000510c                z_setup_new_thread
 .text.z_impl_k_thread_create
                0x00000000000051f8       0x58 zephyr/kernel/libkernel.a(thread.c.obj)
                0x00000000000051f8                z_impl_k_thread_create
 .text.z_dummy_thread_init
                0x0000000000005250       0x1c zephyr/kernel/libkernel.a(thread.c.obj)
                0x0000000000005250                z_dummy_thread_init
 .text.z_swap_irqlock
                0x000000000000526c       0x34 zephyr/kernel/libkernel.a(sched.c.obj)
 .text.ready_thread
                0x00000000000052a0       0x84 zephyr/kernel/libkernel.a(sched.c.obj)
 .text.unready_thread
                0x0000000000005324       0x54 zephyr/kernel/libkernel.a(sched.c.obj)
 .text.add_thread_timeout
                0x0000000000005378       0x1c zephyr/kernel/libkernel.a(sched.c.obj)
 .text.move_thread_to_end_of_prio_q
                0x0000000000005394       0x90 zephyr/kernel/libkernel.a(sched.c.obj)
                0x0000000000005394                move_thread_to_end_of_prio_q
 .text.z_pend_curr
                0x0000000000005424       0x44 zephyr/kernel/libkernel.a(sched.c.obj)
                0x0000000000005424                z_pend_curr
 .text.z_reschedule
                0x0000000000005468       0x24 zephyr/kernel/libkernel.a(sched.c.obj)
                0x0000000000005468                z_reschedule
 .text.z_reschedule_irqlock
                0x000000000000548c       0x28 zephyr/kernel/libkernel.a(sched.c.obj)
                0x000000000000548c                z_reschedule_irqlock
 .text.k_sched_lock
                0x00000000000054b4       0x28 zephyr/kernel/libkernel.a(sched.c.obj)
                0x00000000000054b4                k_sched_lock
 .text.k_sched_unlock
                0x00000000000054dc       0x68 zephyr/kernel/libkernel.a(sched.c.obj)
                0x00000000000054dc                k_sched_unlock
 .text.z_sched_init
                0x0000000000005544       0x10 zephyr/kernel/libkernel.a(sched.c.obj)
                0x0000000000005544                z_sched_init
 .text.z_impl_k_yield
                0x0000000000005554       0x88 zephyr/kernel/libkernel.a(sched.c.obj)
                0x0000000000005554                z_impl_k_yield
 .text.z_tick_sleep
                0x00000000000055dc       0x78 zephyr/kernel/libkernel.a(sched.c.obj)
 .text.z_impl_k_usleep
                0x0000000000005654       0x3c zephyr/kernel/libkernel.a(sched.c.obj)
                0x0000000000005654                z_impl_k_usleep
 .text.z_impl_k_wakeup
                0x0000000000005690       0x48 zephyr/kernel/libkernel.a(sched.c.obj)
                0x0000000000005690                z_impl_k_wakeup
 .text.z_impl_k_sched_current_thread_query
                0x00000000000056d8        0xc zephyr/kernel/libkernel.a(sched.c.obj)
                0x00000000000056d8                z_impl_k_sched_current_thread_query
 .text.z_thread_abort
                0x00000000000056e4      0x144 zephyr/kernel/libkernel.a(sched.c.obj)
                0x00000000000056e4                z_thread_abort
 .text.z_sched_wait
                0x0000000000005828       0x24 zephyr/kernel/libkernel.a(sched.c.obj)
                0x0000000000005828                z_sched_wait
 .text.slice_timeout
                0x000000000000584c       0x20 zephyr/kernel/libkernel.a(timeslicing.c.obj)
 .text.thread_is_sliceable
                0x000000000000586c       0x3c zephyr/kernel/libkernel.a(timeslicing.c.obj)
                0x000000000000586c                thread_is_sliceable
 .text.z_reset_time_slice
                0x00000000000058a8       0x50 zephyr/kernel/libkernel.a(timeslicing.c.obj)
                0x00000000000058a8                z_reset_time_slice
 .text.z_time_slice
                0x00000000000058f8       0x60 zephyr/kernel/libkernel.a(timeslicing.c.obj)
                0x00000000000058f8                z_time_slice
 .text.z_thread_monitor_exit
                0x0000000000005958       0x3c zephyr/kernel/libkernel.a(thread_monitor.c.obj)
                0x0000000000005958                z_thread_monitor_exit
 .text.first    0x0000000000005994       0x10 zephyr/kernel/libkernel.a(timeout.c.obj)
 .text.elapsed  0x00000000000059a4       0x14 zephyr/kernel/libkernel.a(timeout.c.obj)
 .text.remove_timeout
                0x00000000000059b8       0x38 zephyr/kernel/libkernel.a(timeout.c.obj)
 .text.z_add_timeout
                0x00000000000059f0      0x120 zephyr/kernel/libkernel.a(timeout.c.obj)
                0x00000000000059f0                z_add_timeout
 .text.sys_clock_announce
                0x0000000000005b10       0xc0 zephyr/kernel/libkernel.a(timeout.c.obj)
                0x0000000000005b10                sys_clock_announce
 .text.sys_clock_tick_get
                0x0000000000005bd0       0x30 zephyr/kernel/libkernel.a(timeout.c.obj)
                0x0000000000005bd0                sys_clock_tick_get
 .text.z_timer_expiration_handler
                0x0000000000005c00      0x104 zephyr/kernel/libkernel.a(timer.c.obj)
                0x0000000000005c00                z_timer_expiration_handler
 .text.z_impl_k_timer_start
                0x0000000000005d04       0x70 zephyr/kernel/libkernel.a(timer.c.obj)
                0x0000000000005d04                z_impl_k_timer_start
 .text.boot_banner
                0x0000000000005d74        0xc zephyr/kernel/libkernel.a(banner.c.obj)
                0x0000000000005d74                boot_banner
 .text.k_sys_work_q_init
                0x0000000000005d80       0x2c zephyr/kernel/libkernel.a(system_work_q.c.obj)
 .text.snprintf
                0x0000000000005dac       0x58 c:\ncs\toolchains\936afb6332\opt\zephyr-sdk\arm-zephyr-eabi\bin\../lib/gcc/../../picolibc/arm-zephyr-eabi/lib/thumb/v7e-m/nofp\libc.a(libc_tinystdio_snprintf.c.o)
                0x0000000000005dac                snprintf
 .text.__l_vfprintf
                0x0000000000005e04      0x4b8 c:\ncs\toolchains\936afb6332\opt\zephyr-sdk\arm-zephyr-eabi\bin\../lib/gcc/../../picolibc/arm-zephyr-eabi/lib/thumb/v7e-m/nofp\libc.a(libc_tinystdio_vflprintf.c.o)
                0x0000000000005e04                __l_vfprintf
 .text._OffsetAbsSyms
                0x00000000000062bc        0x2 zephyr/CMakeFiles/offsets.dir/./arch/arm/core/offsets/offsets.c.obj
                0x00000000000062bc                _OffsetAbsSyms
 .text.chunk_size
                0x00000000000062be        0xa zephyr/libzephyr.a(heap.c.obj)
 .text.free_list_add
                0x00000000000062c8       0x4e zephyr/libzephyr.a(heap.c.obj)
 .text.sys_heap_init
                0x0000000000006316       0x7a zephyr/libzephyr.a(heap.c.obj)
                0x0000000000006316                sys_heap_init
 .text.cbpprintf_external
                0x0000000000006390       0x62 zephyr/libzephyr.a(cbprintf_packaged.c.obj)
                0x0000000000006390                cbpprintf_external
 .text.is_ptr   0x00000000000063f2       0x4a zephyr/libzephyr.a(cbprintf_packaged.c.obj)
                0x00000000000063f2                is_ptr
 .text.arch_printk_char_out
                0x000000000000643c        0x4 zephyr/libzephyr.a(printk.c.obj)
                0x000000000000643c                arch_printk_char_out
 .text.printk   0x0000000000006440       0x1a zephyr/libzephyr.a(printk.c.obj)
                0x0000000000006440                printk
 .text.free_space
                0x000000000000645a       0x26 zephyr/libzephyr.a(mpsc_pbuf.c.obj)
 .text.get_usage
                0x0000000000006480       0x22 zephyr/libzephyr.a(mpsc_pbuf.c.obj)
 .text.idx_inc  0x00000000000064a2       0x1c zephyr/libzephyr.a(mpsc_pbuf.c.obj)
 .text.rd_idx_inc
                0x00000000000064be       0x18 zephyr/libzephyr.a(mpsc_pbuf.c.obj)
 .text.add_skip_item
                0x00000000000064d6       0x3a zephyr/libzephyr.a(mpsc_pbuf.c.obj)
 .text.drop_item_locked
                0x0000000000006510      0x100 zephyr/libzephyr.a(mpsc_pbuf.c.obj)
 .text.post_drop_action
                0x0000000000006610       0x36 zephyr/libzephyr.a(mpsc_pbuf.c.obj)
 .text.max_utilization_update
                0x0000000000006646       0x1a zephyr/libzephyr.a(mpsc_pbuf.c.obj)
 .text.mpsc_pbuf_init
                0x0000000000006660       0x42 zephyr/libzephyr.a(mpsc_pbuf.c.obj)
                0x0000000000006660                mpsc_pbuf_init
 .text.mpsc_pbuf_alloc
                0x00000000000066a2       0xfe zephyr/libzephyr.a(mpsc_pbuf.c.obj)
                0x00000000000066a2                mpsc_pbuf_alloc
 .text.mpsc_pbuf_commit
                0x00000000000067a0       0x3e zephyr/libzephyr.a(mpsc_pbuf.c.obj)
                0x00000000000067a0                mpsc_pbuf_commit
 .text.mpsc_pbuf_claim
                0x00000000000067de       0xa8 zephyr/libzephyr.a(mpsc_pbuf.c.obj)
                0x00000000000067de                mpsc_pbuf_claim
 .text.mpsc_pbuf_free
                0x0000000000006886       0x76 zephyr/libzephyr.a(mpsc_pbuf.c.obj)
                0x0000000000006886                mpsc_pbuf_free
 .text.mpsc_pbuf_is_pending
                0x00000000000068fc       0x32 zephyr/libzephyr.a(mpsc_pbuf.c.obj)
                0x00000000000068fc                mpsc_pbuf_is_pending
 .text.process_recheck
                0x000000000000692e       0x38 zephyr/libzephyr.a(onoff.c.obj)
 .text.validate_args
                0x0000000000006966       0x20 zephyr/libzephyr.a(onoff.c.obj)
 .text.notify_one
                0x0000000000006986       0x2c zephyr/libzephyr.a(onoff.c.obj)
 .text.transition_complete
                0x00000000000069b2       0x1a zephyr/libzephyr.a(onoff.c.obj)
 .text.onoff_manager_init
                0x00000000000069cc       0x26 zephyr/libzephyr.a(onoff.c.obj)
                0x00000000000069cc                onoff_manager_init
 .text.onoff_request
                0x00000000000069f2       0xae zephyr/libzephyr.a(onoff.c.obj)
                0x00000000000069f2                onoff_request
 .text.sys_notify_validate
                0x0000000000006aa0       0x22 zephyr/libzephyr.a(notify.c.obj)
                0x0000000000006aa0                sys_notify_validate
 .text.sys_notify_finalize
                0x0000000000006ac2       0x1a zephyr/libzephyr.a(notify.c.obj)
                0x0000000000006ac2                sys_notify_finalize
 .text._ConfigAbsSyms
                0x0000000000006adc        0x2 zephyr/libzephyr.a(configs.c.obj)
                0x0000000000006adc                _ConfigAbsSyms
 .text.log_msg_generic_get_wlen
                0x0000000000006ade       0x20 zephyr/libzephyr.a(log_core.c.obj)
 .text.dummy_timestamp
                0x0000000000006afe        0x4 zephyr/libzephyr.a(log_core.c.obj)
 .text.default_get_timestamp
                0x0000000000006b02        0x4 zephyr/libzephyr.a(log_core.c.obj)
 .text.atomic_inc
                0x0000000000006b06       0x1a zephyr/libzephyr.a(log_core.c.obj)
 .text.z_log_vprintk
                0x0000000000006b20       0x1c zephyr/libzephyr.a(log_core.c.obj)
                0x0000000000006b20                z_log_vprintk
 .text.z_log_notify_drop
                0x0000000000006b3c        0x6 zephyr/libzephyr.a(log_core.c.obj)
 .text.z_log_get_tag
                0x0000000000006b42        0x4 zephyr/libzephyr.a(log_core.c.obj)
                0x0000000000006b42                z_log_get_tag
 .text.log_backend_enable
                0x0000000000006b46       0x12 zephyr/libzephyr.a(log_mgmt.c.obj)
                0x0000000000006b46                log_backend_enable
 .text.z_cbprintf_cpy
                0x0000000000006b58       0x2e zephyr/libzephyr.a(log_msg.c.obj)
 .text.z_log_msg_finalize
                0x0000000000006b86       0x32 zephyr/libzephyr.a(log_msg.c.obj)
                0x0000000000006b86                z_log_msg_finalize
 .text.z_log_msg_simple_create
                0x0000000000006bb8       0x6e zephyr/libzephyr.a(log_msg.c.obj)
 .text.z_impl_z_log_msg_simple_create_0
                0x0000000000006c26       0x12 zephyr/libzephyr.a(log_msg.c.obj)
                0x0000000000006c26                z_impl_z_log_msg_simple_create_0
 .text.z_impl_z_log_msg_simple_create_1
                0x0000000000006c38       0x14 zephyr/libzephyr.a(log_msg.c.obj)
                0x0000000000006c38                z_impl_z_log_msg_simple_create_1
 .text.log_output_write
                0x0000000000006c4c       0x1c zephyr/libzephyr.a(log_output.c.obj)
 .text.log_output_flush
                0x0000000000006c68       0x1a zephyr/libzephyr.a(log_output.c.obj)
 .text.out_func
                0x0000000000006c82       0x36 zephyr/libzephyr.a(log_output.c.obj)
 .text.cr_out_func
                0x0000000000006cb8       0x1c zephyr/libzephyr.a(log_output.c.obj)
 .text.log_output_msg_process
                0x0000000000006cd4       0x6a zephyr/libzephyr.a(log_output.c.obj)
                0x0000000000006cd4                log_output_msg_process
 .text.format_set
                0x0000000000006d3e        0xc zephyr/libzephyr.a(log_backend_uart.c.obj)
 .text.log_backend_uart_init
                0x0000000000006d4a        0xc zephyr/libzephyr.a(log_backend_uart.c.obj)
 .text.panic    0x0000000000006d56       0x32 zephyr/libzephyr.a(log_backend_uart.c.obj)
 .text.dropped  0x0000000000006d88        0xa zephyr/libzephyr.a(log_backend_uart.c.obj)
 .text.process  0x0000000000006d92       0x1e zephyr/libzephyr.a(log_backend_uart.c.obj)
 .text.arch_early_memset
                0x0000000000006db0        0x4 zephyr/arch/common/libarch__common.a(init.c.obj)
                0x0000000000006db0                arch_early_memset
 .text.arch_early_memcpy
                0x0000000000006db4        0x4 zephyr/arch/common/libarch__common.a(init.c.obj)
                0x0000000000006db4                arch_early_memcpy
 .text.z_do_kernel_oops
                0x0000000000006db8        0x8 zephyr/arch/arch/arm/core/libarch__arm__core.a(fatal.c.obj)
                0x0000000000006db8                z_do_kernel_oops
 .text.z_arm_nmi
                0x0000000000006dc0        0xe zephyr/arch/arch/arm/core/libarch__arm__core.a(nmi.c.obj)
                0x0000000000006dc0                z_arm_nmi
 .text.z_log_msg_simple_create_0.constprop.0
                0x0000000000006dce        0x8 zephyr/arch/arch/arm/core/cortex_m/libarch__arm__core__cortex_m.a(fault.c.obj)
 .text.z_irq_spurious
                0x0000000000006dd6        0x8 zephyr/arch/arch/arm/core/cortex_m/libarch__arm__core__cortex_m.a(irq_manage.c.obj)
                0x0000000000006dd6                z_irq_spurious
 .text.arch_coprocessors_disable
                0x0000000000006dde        0x6 zephyr/arch/arch/arm/core/cortex_m/libarch__arm__core__cortex_m.a(thread.c.obj)
                0x0000000000006dde                arch_coprocessors_disable
 .text.arch_irq_unlock_outlined
                0x0000000000006de4        0xe zephyr/arch/arch/arm/core/cortex_m/libarch__arm__core__cortex_m.a(thread.c.obj)
                0x0000000000006de4                arch_irq_unlock_outlined
 .text.arch_cpu_idle
                0x0000000000006df2       0x1a zephyr/arch/arch/arm/core/cortex_m/libarch__arm__core__cortex_m.a(cpu_idle.c.obj)
                0x0000000000006df2                arch_cpu_idle
 .text.arch_cpu_atomic_idle
                0x0000000000006e0c       0x1e zephyr/arch/arch/arm/core/cortex_m/libarch__arm__core__cortex_m.a(cpu_idle.c.obj)
                0x0000000000006e0c                arch_cpu_atomic_idle
 .text.size_to_mpu_rasr_size
                0x0000000000006e2a       0x20 zephyr/arch/arch/arm/core/mpu/libarch__arm__core__mpu.a(arm_mpu.c.obj)
 .text.cbputc   0x0000000000006e4a        0xc zephyr/lib/libc/picolibc/liblib__libc__picolibc.a(cbprintf.c.obj)
 .text.picolibc_put
                0x0000000000006e56        0xa zephyr/lib/libc/picolibc/liblib__libc__picolibc.a(stdio.c.obj)
 .text.get_status
                0x0000000000006e60       0x12 zephyr/drivers/clock_control/libdrivers__clock_control.a(clock_control_nrf.c.obj)
 .text.stop     0x0000000000006e72       0x50 zephyr/drivers/clock_control/libdrivers__clock_control.a(clock_control_nrf.c.obj)
 .text.api_stop
                0x0000000000006ec2        0x6 zephyr/drivers/clock_control/libdrivers__clock_control.a(clock_control_nrf.c.obj)
 .text.async_start
                0x0000000000006ec8       0x5a zephyr/drivers/clock_control/libdrivers__clock_control.a(clock_control_nrf.c.obj)
 .text.api_start
                0x0000000000006f22        0xe zephyr/drivers/clock_control/libdrivers__clock_control.a(clock_control_nrf.c.obj)
 .text.onoff_started_callback
                0x0000000000006f30       0x12 zephyr/drivers/clock_control/libdrivers__clock_control.a(clock_control_nrf.c.obj)
 .text.lfclk_start
                0x0000000000006f42        0x6 zephyr/drivers/clock_control/libdrivers__clock_control.a(clock_control_nrf.c.obj)
 .text.lfclk_stop
                0x0000000000006f48        0x6 zephyr/drivers/clock_control/libdrivers__clock_control.a(clock_control_nrf.c.obj)
 .text.blocking_start_callback
                0x0000000000006f4e        0x6 zephyr/drivers/clock_control/libdrivers__clock_control.a(clock_control_nrf.c.obj)
 .text.gpio_nrfx_port_get_raw
                0x0000000000006f54        0xe zephyr/drivers/gpio/libdrivers__gpio.a(gpio_nrfx.c.obj)
 .text.gpio_nrfx_port_set_masked_raw
                0x0000000000006f62       0x18 zephyr/drivers/gpio/libdrivers__gpio.a(gpio_nrfx.c.obj)
 .text.gpio_nrfx_port_set_bits_raw
                0x0000000000006f7a        0xc zephyr/drivers/gpio/libdrivers__gpio.a(gpio_nrfx.c.obj)
 .text.gpio_nrfx_port_clear_bits_raw
                0x0000000000006f86        0xc zephyr/drivers/gpio/libdrivers__gpio.a(gpio_nrfx.c.obj)
 .text.gpio_nrfx_port_toggle_bits
                0x0000000000006f92       0x1a zephyr/drivers/gpio/libdrivers__gpio.a(gpio_nrfx.c.obj)
 .text.gpio_nrfx_manage_callback
                0x0000000000006fac       0x52 zephyr/drivers/gpio/libdrivers__gpio.a(gpio_nrfx.c.obj)
 .text.gpio_pin_configure_dt
                0x0000000000006ffe       0x34 zephyr/drivers/haptics/libdrivers__haptics.a(drv2605.c.obj)
 .text.gpio_pin_set_dt
                0x0000000000007032       0x28 zephyr/drivers/haptics/libdrivers__haptics.a(drv2605.c.obj)
 .text.drv2605_edge_mode_event.isra.0
                0x000000000000705a       0x20 zephyr/drivers/haptics/libdrivers__haptics.a(drv2605.c.obj)
 .text.i2c_write_read.constprop.0
                0x000000000000707a       0x36 zephyr/drivers/haptics/libdrivers__haptics.a(drv2605.c.obj)
 .text.i2c_reg_update_byte_dt
                0x00000000000070b0       0x6c zephyr/drivers/haptics/libdrivers__haptics.a(drv2605.c.obj)
 .text.drv2605_start_output
                0x000000000000711c       0x40 zephyr/drivers/haptics/libdrivers__haptics.a(drv2605.c.obj)
 .text.drv2605_stop_output
                0x000000000000715c       0x96 zephyr/drivers/haptics/libdrivers__haptics.a(drv2605.c.obj)
 .text.i2c_reg_write_byte_dt
                0x00000000000071f2       0x36 zephyr/drivers/haptics/libdrivers__haptics.a(drv2605.c.obj)
 .text.drv2605_rtp_work_handler
                0x0000000000007228       0x2e zephyr/drivers/haptics/libdrivers__haptics.a(drv2605.c.obj)
 .text.drv2605_haptic_config
                0x0000000000007256      0x11a zephyr/drivers/haptics/libdrivers__haptics.a(drv2605.c.obj)
                0x0000000000007256                drv2605_haptic_config
 .text.twi_0_init
                0x0000000000007370       0x40 zephyr/drivers/i2c/libdrivers__i2c.a(i2c_nrfx_twi.c.obj)
 .text.pinctrl_lookup_state
                0x00000000000073b0       0x26 zephyr/drivers/pinctrl/libdrivers__pinctrl.a(common.c.obj)
                0x00000000000073b0                pinctrl_lookup_state
 .text.uarte_nrfx_err_check
                0x00000000000073d6        0xe zephyr/drivers/serial/libdrivers__serial.a(uart_nrfx_uarte.c.obj)
 .text.uarte_nrfx_poll_in
                0x00000000000073e4       0x26 zephyr/drivers/serial/libdrivers__serial.a(uart_nrfx_uarte.c.obj)
 .text.is_tx_ready.isra.0
                0x000000000000740a       0x20 zephyr/drivers/serial/libdrivers__serial.a(uart_nrfx_uarte.c.obj)
 .text.uarte_nrfx_isr_int
                0x000000000000742a       0x42 zephyr/drivers/serial/libdrivers__serial.a(uart_nrfx_uarte.c.obj)
 .text.pinctrl_apply_state.isra.0
                0x000000000000746c       0x1e zephyr/drivers/serial/libdrivers__serial.a(uart_nrfx_uarte.c.obj)
 .text.uarte_instance_deinit
                0x000000000000748a        0x6 zephyr/drivers/serial/libdrivers__serial.a(uart_nrfx_uarte.c.obj)
 .text.event_clear
                0x0000000000007490       0x18 zephyr/drivers/timer/libdrivers__timer.a(nrf_rtc_timer.c.obj)
 .text.sys_clock_cycle_get_32
                0x00000000000074a8        0x8 zephyr/drivers/timer/libdrivers__timer.a(nrf_rtc_timer.c.obj)
                0x00000000000074a8                sys_clock_cycle_get_32
 .text.nrfx_isr
                0x00000000000074b0        0x2 modules/hal_nordic/nrfx/libnrfx.a(nrfx_glue.c.obj)
                0x00000000000074b0                nrfx_isr
 .text.nrfx_busy_wait
                0x00000000000074b2        0x4 modules/hal_nordic/nrfx/libnrfx.a(nrfx_glue.c.obj)
                0x00000000000074b2                nrfx_busy_wait
 .text.nrfx_gppi_channel_endpoints_setup
                0x00000000000074b6       0x14 modules/hal_nordic/nrfx/libnrfx.a(nrfx_gppi_ppi.c.obj)
                0x00000000000074b6                nrfx_gppi_channel_endpoints_setup
 .text.nrfx_gppi_channel_alloc
                0x00000000000074ca        0x4 modules/hal_nordic/nrfx/libnrfx.a(nrfx_gppi_ppi.c.obj)
                0x00000000000074ca                nrfx_gppi_channel_alloc
 .text.nrfx_clock_stop
                0x00000000000074ce        0x4 modules/hal_nordic/nrfx/libnrfx.a(nrfx_clock.c.obj)
                0x00000000000074ce                nrfx_clock_stop
 .text.nrf_gpio_reconfigure
                0x00000000000074d2       0x92 modules/hal_nordic/nrfx/libnrfx.a(nrfx_gpiote.c.obj)
 .text.nrf_gpio_cfg_sense_set
                0x0000000000007564       0x1e modules/hal_nordic/nrfx/libnrfx.a(nrfx_gpiote.c.obj)
 .text.pin_trigger_disable
                0x0000000000007582       0x48 modules/hal_nordic/nrfx/libnrfx.a(nrfx_gpiote.c.obj)
 .text.nrfx_gpiote_pin_uninit
                0x00000000000075ca        0x4 modules/hal_nordic/nrfx/libnrfx.a(nrfx_gpiote.c.obj)
                0x00000000000075ca                nrfx_gpiote_pin_uninit
 .text.nrfx_gpiote_trigger_disable
                0x00000000000075ce        0x4 modules/hal_nordic/nrfx/libnrfx.a(nrfx_gpiote.c.obj)
                0x00000000000075ce                nrfx_gpiote_trigger_disable
 .text.twi_transfer
                0x00000000000075d2      0x130 modules/hal_nordic/nrfx/libnrfx.a(nrfx_twi.c.obj)
 .text.nrf_gpio_pin_set
                0x0000000000007702       0x1a modules/hal_nordic/nrfx/libnrfx.a(nrfx_twi_twim.c.obj)
 .text.z_impl_k_busy_wait
                0x000000000000771c        0x8 zephyr/kernel/libkernel.a(busy_wait.c.obj)
                0x000000000000771c                z_impl_k_busy_wait
 .text.do_device_init
                0x0000000000007724       0x30 zephyr/kernel/libkernel.a(device.c.obj)
                0x0000000000007724                do_device_init
 .text.z_impl_device_is_ready
                0x0000000000007754       0x16 zephyr/kernel/libkernel.a(device.c.obj)
                0x0000000000007754                z_impl_device_is_ready
 .text.arch_system_halt
                0x000000000000776a       0x10 zephyr/kernel/libkernel.a(fatal.c.obj)
                0x000000000000776a                arch_system_halt
 .text.idle     0x000000000000777a       0x16 zephyr/kernel/libkernel.a(idle.c.obj)
                0x000000000000777a                idle
 .text.z_impl_k_sem_init
                0x0000000000007790       0x18 zephyr/kernel/libkernel.a(sem.c.obj)
                0x0000000000007790                z_impl_k_sem_init
 .text.flag_test_and_clear
                0x00000000000077a8       0x16 zephyr/kernel/libkernel.a(work.c.obj)
 .text.notify_queue_locked.isra.0
                0x00000000000077be        0xe zephyr/kernel/libkernel.a(work.c.obj)
 .text.cancel_async_locked
                0x00000000000077cc       0x66 zephyr/kernel/libkernel.a(work.c.obj)
 .text.k_work_init
                0x0000000000007832       0x12 zephyr/kernel/libkernel.a(work.c.obj)
                0x0000000000007832                k_work_init
 .text.z_work_submit_to_queue
                0x0000000000007844       0x26 zephyr/kernel/libkernel.a(work.c.obj)
                0x0000000000007844                z_work_submit_to_queue
 .text.k_work_submit_to_queue
                0x000000000000786a       0x20 zephyr/kernel/libkernel.a(work.c.obj)
                0x000000000000786a                k_work_submit_to_queue
 .text.k_work_cancel
                0x000000000000788a       0x1e zephyr/kernel/libkernel.a(work.c.obj)
                0x000000000000788a                k_work_cancel
 .text.k_is_in_isr
                0x00000000000078a8        0xc zephyr/kernel/libkernel.a(thread.c.obj)
                0x00000000000078a8                k_is_in_isr
 .text.k_thread_name_get
                0x00000000000078b4        0x4 zephyr/kernel/libkernel.a(thread.c.obj)
                0x00000000000078b4                k_thread_name_get
 .text.sys_dlist_remove
                0x00000000000078b8       0x10 zephyr/kernel/libkernel.a(sched.c.obj)
 .text.unpend_thread_no_timeout
                0x00000000000078c8       0x14 zephyr/kernel/libkernel.a(sched.c.obj)
 .text.add_to_waitq_locked
                0x00000000000078dc       0x50 zephyr/kernel/libkernel.a(sched.c.obj)
 .text.z_ready_thread
                0x000000000000792c       0x1e zephyr/kernel/libkernel.a(sched.c.obj)
                0x000000000000792c                z_ready_thread
 .text.z_unpend_thread_no_timeout
                0x000000000000794a       0x22 zephyr/kernel/libkernel.a(sched.c.obj)
                0x000000000000794a                z_unpend_thread_no_timeout
 .text.z_sched_wake_thread
                0x000000000000796c       0x3a zephyr/kernel/libkernel.a(sched.c.obj)
                0x000000000000796c                z_sched_wake_thread
 .text.z_thread_timeout
                0x00000000000079a6        0x8 zephyr/kernel/libkernel.a(sched.c.obj)
                0x00000000000079a6                z_thread_timeout
 .text.z_unpend1_no_timeout
                0x00000000000079ae       0x2c zephyr/kernel/libkernel.a(sched.c.obj)
                0x00000000000079ae                z_unpend1_no_timeout
 .text.z_impl_k_sleep
                0x00000000000079da       0x42 zephyr/kernel/libkernel.a(sched.c.obj)
                0x00000000000079da                z_impl_k_sleep
 .text.z_sched_wake
                0x0000000000007a1c       0x46 zephyr/kernel/libkernel.a(sched.c.obj)
                0x0000000000007a1c                z_sched_wake
 .text.next_timeout
                0x0000000000007a62       0x2e zephyr/kernel/libkernel.a(timeout.c.obj)
 .text.z_abort_timeout
                0x0000000000007a90       0x50 zephyr/kernel/libkernel.a(timeout.c.obj)
                0x0000000000007a90                z_abort_timeout
 .text.sys_clock_tick_get_32
                0x0000000000007ae0        0x8 zephyr/kernel/libkernel.a(timeout.c.obj)
                0x0000000000007ae0                sys_clock_tick_get_32
 .text.z_impl_k_uptime_ticks
                0x0000000000007ae8        0x4 zephyr/kernel/libkernel.a(timeout.c.obj)
                0x0000000000007ae8                z_impl_k_uptime_ticks
 .text.k_timer_init
                0x0000000000007aec       0x18 zephyr/kernel/libkernel.a(timer.c.obj)
                0x0000000000007aec                k_timer_init
 .text.z_impl_k_timer_stop
                0x0000000000007b04       0x38 zephyr/kernel/libkernel.a(timer.c.obj)
                0x0000000000007b04                z_impl_k_timer_stop
 .text.memcpy   0x0000000000007b3c       0x1c c:\ncs\toolchains\936afb6332\opt\zephyr-sdk\arm-zephyr-eabi\bin\../lib/gcc/../../picolibc/arm-zephyr-eabi/lib/thumb/v7e-m/nofp\libc.a(memcpy.c.o)
                0x0000000000007b3c                __aeabi_memcpy
                0x0000000000007b3c                __aeabi_memcpy4
                0x0000000000007b3c                __aeabi_memcpy8
                0x0000000000007b3c                memcpy
 .text.memset   0x0000000000007b58       0x10 c:\ncs\toolchains\936afb6332\opt\zephyr-sdk\arm-zephyr-eabi\bin\../lib/gcc/../../picolibc/arm-zephyr-eabi/lib/thumb/v7e-m/nofp\libc.a(memset.c.o)
                0x0000000000007b58                memset
 .text.strncpy  0x0000000000007b68       0x20 c:\ncs\toolchains\936afb6332\opt\zephyr-sdk\arm-zephyr-eabi\bin\../lib/gcc/../../picolibc/arm-zephyr-eabi/lib/thumb/v7e-m/nofp\libc.a(libc_string_strncpy.c.o)
                0x0000000000007b68                strncpy
 .text.strnlen  0x0000000000007b88       0x18 c:\ncs\toolchains\936afb6332\opt\zephyr-sdk\arm-zephyr-eabi\bin\../lib/gcc/../../picolibc/arm-zephyr-eabi/lib/thumb/v7e-m/nofp\libc.a(libc_string_strnlen.c.o)
                0x0000000000007b88                strnlen
 .text.__ultoa_invert
                0x0000000000007ba0       0xae c:\ncs\toolchains\936afb6332\opt\zephyr-sdk\arm-zephyr-eabi\bin\../lib/gcc/../../picolibc/arm-zephyr-eabi/lib/thumb/v7e-m/nofp\libc.a(libc_tinystdio_vflprintf.c.o)
 .text.__file_str_put
                0x0000000000007c4e       0x10 c:\ncs\toolchains\936afb6332\opt\zephyr-sdk\arm-zephyr-eabi\bin\../lib/gcc/../../picolibc/arm-zephyr-eabi/lib/thumb/v7e-m/nofp\libc.a(libc_tinystdio_filestrput.c.o)
                0x0000000000007c4e                __file_str_put
 *(SORT_BY_ALIGNMENT(.TEXT.*))
 *fill*         0x0000000000007c5e        0x2 
 .TEXT.__aeabi_read_tp
                0x0000000000007c60        0xc zephyr/arch/arch/arm/core/cortex_m/libarch__arm__core__cortex_m.a(__aeabi_read_tp.S.obj)
                0x0000000000007c60                __aeabi_read_tp
 *(SORT_BY_ALIGNMENT(.gnu.linkonce.t.*))
 *(SORT_BY_ALIGNMENT(.glue_7t))
 .glue_7t       0x0000000000007c6c        0x0 linker stubs
 *(SORT_BY_ALIGNMENT(.glue_7))
 .glue_7        0x0000000000007c6c        0x0 linker stubs
 *(SORT_BY_ALIGNMENT(.vfp11_veneer))
 .vfp11_veneer  0x0000000000007c6c        0x0 linker stubs
 *(SORT_BY_ALIGNMENT(.v4_bx))
 .v4_bx         0x0000000000007c6c        0x0 linker stubs
                0x0000000000007c6c                . = ALIGN (0x4)
                0x0000000000007c6c                __text_region_end = .

.ARM.exidx      0x0000000000007c6c        0x8
                0x0000000000007c6c                __exidx_start = .
 *(SORT_BY_ALIGNMENT(.ARM.exidx*) SORT_BY_ALIGNMENT(gnu.linkonce.armexidx.*))
 .ARM.exidx     0x0000000000007c6c        0x8 c:\ncs\toolchains\936afb6332\opt\zephyr-sdk\arm-zephyr-eabi\bin\../lib/gcc/../../picolibc/arm-zephyr-eabi/lib/thumb/v7e-m/nofp\libc.a(strlen.S.o)
 .ARM.exidx     0x0000000000007c74        0x0 c:/ncs/toolchains/936afb6332/opt/zephyr-sdk/arm-zephyr-eabi/bin/../lib/gcc/arm-zephyr-eabi/12.2.0/thumb/v7e-m/nofp\libgcc.a(_udivmoddi4.o)
                                          0x8 (size before relaxing)
                0x0000000000007c74                __exidx_end = .
                0x0000000000007c74                __rodata_region_start = .

initlevel       0x0000000000007c74       0x60
                0x0000000000007c74                __init_start = .
                0x0000000000007c74                __init_EARLY_start = .
 *(SORT_BY_NAME(SORT_BY_ALIGNMENT(.z_init_EARLY_P_?_*)))
 *(SORT_BY_NAME(SORT_BY_ALIGNMENT(.z_init_EARLY_P_??_*)))
 *(SORT_BY_NAME(SORT_BY_ALIGNMENT(.z_init_EARLY_P_???_*)))
                0x0000000000007c74                __init_PRE_KERNEL_1_start = .
 *(SORT_BY_NAME(SORT_BY_ALIGNMENT(.z_init_PRE_KERNEL_1_P_?_*)))
 .z_init_PRE_KERNEL_1_P_0_SUB_0_
                0x0000000000007c74        0x8 zephyr/soc/soc/nrf52840/libsoc__nordic.a(soc.c.obj)
 *(SORT_BY_NAME(SORT_BY_ALIGNMENT(.z_init_PRE_KERNEL_1_P_??_*)))
 .z_init_PRE_KERNEL_1_P_30_SUB_00077_
                0x0000000000007c7c        0x8 zephyr/drivers/clock_control/libdrivers__clock_control.a(clock_control_nrf.c.obj)
 .z_init_PRE_KERNEL_1_P_40_SUB_00011_
                0x0000000000007c84        0x8 zephyr/drivers/gpio/libdrivers__gpio.a(gpio_nrfx.c.obj)
 .z_init_PRE_KERNEL_1_P_40_SUB_00106_
                0x0000000000007c8c        0x8 zephyr/drivers/gpio/libdrivers__gpio.a(gpio_nrfx.c.obj)
 .z_init_PRE_KERNEL_1_P_50_SUB_00114_
                0x0000000000007c94        0x8 zephyr/drivers/serial/libdrivers__serial.a(uart_nrfx_uarte.c.obj)
 .z_init_PRE_KERNEL_1_P_60_SUB_0_
                0x0000000000007c9c        0x8 zephyr/drivers/console/libdrivers__console.a(uart_console.c.obj)
 *(SORT_BY_NAME(SORT_BY_ALIGNMENT(.z_init_PRE_KERNEL_1_P_???_*)))
                0x0000000000007ca4                __init_PRE_KERNEL_2_start = .
 *(SORT_BY_NAME(SORT_BY_ALIGNMENT(.z_init_PRE_KERNEL_2_P_?_*)))
 .z_init_PRE_KERNEL_2_P_0_SUB_0_
                0x0000000000007ca4        0x8 zephyr/drivers/timer/libdrivers__timer.a(nrf_rtc_timer.c.obj)
 *(SORT_BY_NAME(SORT_BY_ALIGNMENT(.z_init_PRE_KERNEL_2_P_??_*)))
 *(SORT_BY_NAME(SORT_BY_ALIGNMENT(.z_init_PRE_KERNEL_2_P_???_*)))
                0x0000000000007cac                __init_POST_KERNEL_start = .
 *(SORT_BY_NAME(SORT_BY_ALIGNMENT(.z_init_POST_KERNEL_P_?_*)))
 .z_init_POST_KERNEL_P_0_SUB_0_
                0x0000000000007cac        0x8 zephyr/libzephyr.a(log_core.c.obj)
 *(SORT_BY_NAME(SORT_BY_ALIGNMENT(.z_init_POST_KERNEL_P_??_*)))
 .z_init_POST_KERNEL_P_35_SUB_0_
                0x0000000000007cb4        0x8 zephyr/lib/libc/common/liblib__libc__common.a(malloc.c.obj)
 .z_init_POST_KERNEL_P_40_SUB_0_
                0x0000000000007cbc        0x8 zephyr/kernel/libkernel.a(system_work_q.c.obj)
 .z_init_POST_KERNEL_P_50_SUB_00126_
                0x0000000000007cc4        0x8 zephyr/drivers/i2c/libdrivers__i2c.a(i2c_nrfx_twi.c.obj)
 .z_init_POST_KERNEL_P_90_SUB_00127_
                0x0000000000007ccc        0x8 zephyr/drivers/haptics/libdrivers__haptics.a(drv2605.c.obj)
 *(SORT_BY_NAME(SORT_BY_ALIGNMENT(.z_init_POST_KERNEL_P_???_*)))
                0x0000000000007cd4                __init_APPLICATION_start = .
 *(SORT_BY_NAME(SORT_BY_ALIGNMENT(.z_init_APPLICATION_P_?_*)))
 *(SORT_BY_NAME(SORT_BY_ALIGNMENT(.z_init_APPLICATION_P_??_*)))
 *(SORT_BY_NAME(SORT_BY_ALIGNMENT(.z_init_APPLICATION_P_???_*)))
                0x0000000000007cd4                __init_SMP_start = .
 *(SORT_BY_NAME(SORT_BY_ALIGNMENT(.z_init_SMP_P_?_*)))
 *(SORT_BY_NAME(SORT_BY_ALIGNMENT(.z_init_SMP_P_??_*)))
 *(SORT_BY_NAME(SORT_BY_ALIGNMENT(.z_init_SMP_P_???_*)))
                0x0000000000007cd4                __init_end = .

device_area     0x0000000000007cd4       0xc0
                0x0000000000007cd4                _device_list_start = .
 *(SORT_BY_NAME(SORT_BY_ALIGNMENT(._device.static.*_?_*)))
 *(SORT_BY_NAME(SORT_BY_ALIGNMENT(._device.static.*_??_*)))
 ._device.static.1_30_
                0x0000000000007cd4       0x20 zephyr/drivers/clock_control/libdrivers__clock_control.a(clock_control_nrf.c.obj)
                0x0000000000007cd4                __device_dts_ord_77
 ._device.static.1_40_
                0x0000000000007cf4       0x40 zephyr/drivers/gpio/libdrivers__gpio.a(gpio_nrfx.c.obj)
                0x0000000000007cf4                __device_dts_ord_106
                0x0000000000007d14                __device_dts_ord_11
 ._device.static.1_50_
                0x0000000000007d34       0x20 zephyr/drivers/serial/libdrivers__serial.a(uart_nrfx_uarte.c.obj)
                0x0000000000007d34                __device_dts_ord_114
 ._device.static.3_50_
                0x0000000000007d54       0x20 zephyr/drivers/i2c/libdrivers__i2c.a(i2c_nrfx_twi.c.obj)
                0x0000000000007d54                __device_dts_ord_126
 ._device.static.3_90_
                0x0000000000007d74       0x20 zephyr/drivers/haptics/libdrivers__haptics.a(drv2605.c.obj)
                0x0000000000007d74                __device_dts_ord_127
 *(SORT_BY_NAME(SORT_BY_ALIGNMENT(._device.static.*_???_*)))
 *(SORT_BY_NAME(SORT_BY_ALIGNMENT(._device.static.*_????_*)))
 *(SORT_BY_NAME(SORT_BY_ALIGNMENT(._device.static.*_?????_*)))
                0x0000000000007d94                _device_list_end = .

sw_isr_table    0x0000000000007d94      0x180
                0x0000000000007d94                . = ALIGN (0x4)
 *(SORT_BY_ALIGNMENT(.gnu.linkonce.sw_isr_table*))
 .gnu.linkonce.sw_isr_table
                0x0000000000007d94      0x180 zephyr/CMakeFiles/zephyr_final.dir/isr_tables.c.obj
                0x0000000000007d94                _sw_isr_table

initlevel_error
                0x0000000000007c74        0x0
 *(SORT_BY_NAME(SORT_BY_ALIGNMENT(.z_init_*)))
                0x0000000000000001                ASSERT ((SIZEOF (initlevel_error) == 0x0), Undefined initialization levels used.)

app_shmem_regions
                0x0000000000007f14        0x0
                0x0000000000007f14                __app_shmem_regions_start = .
 *(SORT_BY_NAME(SORT_BY_ALIGNMENT(.app_regions.*)))
                0x0000000000007f14                __app_shmem_regions_end = .

k_p4wq_initparam_area
                0x0000000000007f14        0x0
                0x0000000000007f14                _k_p4wq_initparam_list_start = .
 *(SORT_BY_NAME(SORT_BY_ALIGNMENT(._k_p4wq_initparam.static.*)))
                0x0000000000007f14                _k_p4wq_initparam_list_end = .

_static_thread_data_area
                0x0000000000007f14        0x0
                0x0000000000007f14                __static_thread_data_list_start = .
 *(SORT_BY_NAME(SORT_BY_ALIGNMENT(.__static_thread_data.static.*)))
                0x0000000000007f14                __static_thread_data_list_end = .

device_deps     0x0000000000007f14        0x0
                0x0000000000007f14                __device_deps_start = .
 *(SORT_BY_NAME(SORT_BY_ALIGNMENT(.__device_deps_pass2*)))
                0x0000000000007f14                __device_deps_end = .

gpio_driver_api_area
                0x0000000000007f14       0x24
                0x0000000000007f14                _gpio_driver_api_list_start = .
 *(SORT_BY_NAME(SORT_BY_ALIGNMENT(._gpio_driver_api.static.*)))
 ._gpio_driver_api.static.gpio_nrfx_drv_api_funcs_
                0x0000000000007f14       0x24 zephyr/drivers/gpio/libdrivers__gpio.a(gpio_nrfx.c.obj)
                0x0000000000007f38                _gpio_driver_api_list_end = .

haptics_driver_api_area
                0x0000000000007f38        0x8
                0x0000000000007f38                _haptics_driver_api_list_start = .
 *(SORT_BY_NAME(SORT_BY_ALIGNMENT(._haptics_driver_api.static.*)))
 ._haptics_driver_api.static.drv2605_driver_api_
                0x0000000000007f38        0x8 zephyr/drivers/haptics/libdrivers__haptics.a(drv2605.c.obj)
                0x0000000000007f40                _haptics_driver_api_list_end = .

i2c_driver_api_area
                0x0000000000007f40       0x18
                0x0000000000007f40                _i2c_driver_api_list_start = .
 *(SORT_BY_NAME(SORT_BY_ALIGNMENT(._i2c_driver_api.static.*)))
 ._i2c_driver_api.static.i2c_nrfx_twi_driver_api_
                0x0000000000007f40       0x18 zephyr/drivers/i2c/libdrivers__i2c.a(i2c_nrfx_twi.c.obj)
                0x0000000000007f58                _i2c_driver_api_list_end = .

i2c_target_driver_api_area
                0x0000000000007f58        0x0
                0x0000000000007f58                _i2c_target_driver_api_list_start = .
 *(SORT_BY_NAME(SORT_BY_ALIGNMENT(._i2c_target_driver_api.static.*)))
                0x0000000000007f58                _i2c_target_driver_api_list_end = .

shared_irq_driver_api_area
                0x0000000000007f58        0x0
                0x0000000000007f58                _shared_irq_driver_api_list_start = .
 *(SORT_BY_NAME(SORT_BY_ALIGNMENT(._shared_irq_driver_api.static.*)))
                0x0000000000007f58                _shared_irq_driver_api_list_end = .

crypto_driver_api_area
                0x0000000000007f58        0x0
                0x0000000000007f58                _crypto_driver_api_list_start = .
 *(SORT_BY_NAME(SORT_BY_ALIGNMENT(._crypto_driver_api.static.*)))
                0x0000000000007f58                _crypto_driver_api_list_end = .

adc_driver_api_area
                0x0000000000007f58        0x0
                0x0000000000007f58                _adc_driver_api_list_start = .
 *(SORT_BY_NAME(SORT_BY_ALIGNMENT(._adc_driver_api.static.*)))
                0x0000000000007f58                _adc_driver_api_list_end = .

auxdisplay_driver_api_area
                0x0000000000007f58        0x0
                0x0000000000007f58                _auxdisplay_driver_api_list_start = .
 *(SORT_BY_NAME(SORT_BY_ALIGNMENT(._auxdisplay_driver_api.static.*)))
                0x0000000000007f58                _auxdisplay_driver_api_list_end = .

bbram_driver_api_area
                0x0000000000007f58        0x0
                0x0000000000007f58                _bbram_driver_api_list_start = .
 *(SORT_BY_NAME(SORT_BY_ALIGNMENT(._bbram_driver_api.static.*)))
                0x0000000000007f58                _bbram_driver_api_list_end = .

bt_hci_driver_api_area
                0x0000000000007f58        0x0
                0x0000000000007f58                _bt_hci_driver_api_list_start = .
 *(SORT_BY_NAME(SORT_BY_ALIGNMENT(._bt_hci_driver_api.static.*)))
                0x0000000000007f58                _bt_hci_driver_api_list_end = .

can_driver_api_area
                0x0000000000007f58        0x0
                0x0000000000007f58                _can_driver_api_list_start = .
 *(SORT_BY_NAME(SORT_BY_ALIGNMENT(._can_driver_api.static.*)))
                0x0000000000007f58                _can_driver_api_list_end = .

cellular_driver_api_area
                0x0000000000007f58        0x0
                0x0000000000007f58                _cellular_driver_api_list_start = .
 *(SORT_BY_NAME(SORT_BY_ALIGNMENT(._cellular_driver_api.static.*)))
                0x0000000000007f58                _cellular_driver_api_list_end = .

charger_driver_api_area
                0x0000000000007f58        0x0
                0x0000000000007f58                _charger_driver_api_list_start = .
 *(SORT_BY_NAME(SORT_BY_ALIGNMENT(._charger_driver_api.static.*)))
                0x0000000000007f58                _charger_driver_api_list_end = .

clock_control_driver_api_area
                0x0000000000007f58       0x1c
                0x0000000000007f58                _clock_control_driver_api_list_start = .
 *(SORT_BY_NAME(SORT_BY_ALIGNMENT(._clock_control_driver_api.static.*)))
 ._clock_control_driver_api.static.clock_control_api_
                0x0000000000007f58       0x1c zephyr/drivers/clock_control/libdrivers__clock_control.a(clock_control_nrf.c.obj)
                0x0000000000007f74                _clock_control_driver_api_list_end = .

comparator_driver_api_area
                0x0000000000007f74        0x0
                0x0000000000007f74                _comparator_driver_api_list_start = .
 *(SORT_BY_NAME(SORT_BY_ALIGNMENT(._comparator_driver_api.static.*)))
                0x0000000000007f74                _comparator_driver_api_list_end = .

coredump_driver_api_area
                0x0000000000007f74        0x0
                0x0000000000007f74                _coredump_driver_api_list_start = .
 *(SORT_BY_NAME(SORT_BY_ALIGNMENT(._coredump_driver_api.static.*)))
                0x0000000000007f74                _coredump_driver_api_list_end = .

counter_driver_api_area
                0x0000000000007f74        0x0
                0x0000000000007f74                _counter_driver_api_list_start = .
 *(SORT_BY_NAME(SORT_BY_ALIGNMENT(._counter_driver_api.static.*)))
                0x0000000000007f74                _counter_driver_api_list_end = .

crc_driver_api_area
                0x0000000000007f74        0x0
                0x0000000000007f74                _crc_driver_api_list_start = .
 *(SORT_BY_NAME(SORT_BY_ALIGNMENT(._crc_driver_api.static.*)))
                0x0000000000007f74                _crc_driver_api_list_end = .

dac_driver_api_area
                0x0000000000007f74        0x0
                0x0000000000007f74                _dac_driver_api_list_start = .
 *(SORT_BY_NAME(SORT_BY_ALIGNMENT(._dac_driver_api.static.*)))
                0x0000000000007f74                _dac_driver_api_list_end = .

dai_driver_api_area
                0x0000000000007f74        0x0
                0x0000000000007f74                _dai_driver_api_list_start = .
 *(SORT_BY_NAME(SORT_BY_ALIGNMENT(._dai_driver_api.static.*)))
                0x0000000000007f74                _dai_driver_api_list_end = .

display_driver_api_area
                0x0000000000007f74        0x0
                0x0000000000007f74                _display_driver_api_list_start = .
 *(SORT_BY_NAME(SORT_BY_ALIGNMENT(._display_driver_api.static.*)))
                0x0000000000007f74                _display_driver_api_list_end = .

dma_driver_api_area
                0x0000000000007f74        0x0
                0x0000000000007f74                _dma_driver_api_list_start = .
 *(SORT_BY_NAME(SORT_BY_ALIGNMENT(._dma_driver_api.static.*)))
                0x0000000000007f74                _dma_driver_api_list_end = .

edac_driver_api_area
                0x0000000000007f74        0x0
                0x0000000000007f74                _edac_driver_api_list_start = .
 *(SORT_BY_NAME(SORT_BY_ALIGNMENT(._edac_driver_api.static.*)))
                0x0000000000007f74                _edac_driver_api_list_end = .

eeprom_driver_api_area
                0x0000000000007f74        0x0
                0x0000000000007f74                _eeprom_driver_api_list_start = .
 *(SORT_BY_NAME(SORT_BY_ALIGNMENT(._eeprom_driver_api.static.*)))
                0x0000000000007f74                _eeprom_driver_api_list_end = .

emul_bbram_driver_api_area
                0x0000000000007f74        0x0
                0x0000000000007f74                _emul_bbram_driver_api_list_start = .
 *(SORT_BY_NAME(SORT_BY_ALIGNMENT(._emul_bbram_driver_api.static.*)))
                0x0000000000007f74                _emul_bbram_driver_api_list_end = .

fuel_gauge_emul_driver_api_area
                0x0000000000007f74        0x0
                0x0000000000007f74                _fuel_gauge_emul_driver_api_list_start = .
 *(SORT_BY_NAME(SORT_BY_ALIGNMENT(._fuel_gauge_emul_driver_api.static.*)))
                0x0000000000007f74                _fuel_gauge_emul_driver_api_list_end = .

emul_sensor_driver_api_area
                0x0000000000007f74        0x0
                0x0000000000007f74                _emul_sensor_driver_api_list_start = .
 *(SORT_BY_NAME(SORT_BY_ALIGNMENT(._emul_sensor_driver_api.static.*)))
                0x0000000000007f74                _emul_sensor_driver_api_list_end = .

entropy_driver_api_area
                0x0000000000007f74        0x0
                0x0000000000007f74                _entropy_driver_api_list_start = .
 *(SORT_BY_NAME(SORT_BY_ALIGNMENT(._entropy_driver_api.static.*)))
                0x0000000000007f74                _entropy_driver_api_list_end = .

espi_driver_api_area
                0x0000000000007f74        0x0
                0x0000000000007f74                _espi_driver_api_list_start = .
 *(SORT_BY_NAME(SORT_BY_ALIGNMENT(._espi_driver_api.static.*)))
                0x0000000000007f74                _espi_driver_api_list_end = .

espi_saf_driver_api_area
                0x0000000000007f74        0x0
                0x0000000000007f74                _espi_saf_driver_api_list_start = .
 *(SORT_BY_NAME(SORT_BY_ALIGNMENT(._espi_saf_driver_api.static.*)))
                0x0000000000007f74                _espi_saf_driver_api_list_end = .

flash_driver_api_area
                0x0000000000007f74        0x0
                0x0000000000007f74                _flash_driver_api_list_start = .
 *(SORT_BY_NAME(SORT_BY_ALIGNMENT(._flash_driver_api.static.*)))
                0x0000000000007f74                _flash_driver_api_list_end = .

fpga_driver_api_area
                0x0000000000007f74        0x0
                0x0000000000007f74                _fpga_driver_api_list_start = .
 *(SORT_BY_NAME(SORT_BY_ALIGNMENT(._fpga_driver_api.static.*)))
                0x0000000000007f74                _fpga_driver_api_list_end = .

fuel_gauge_driver_api_area
                0x0000000000007f74        0x0
                0x0000000000007f74                _fuel_gauge_driver_api_list_start = .
 *(SORT_BY_NAME(SORT_BY_ALIGNMENT(._fuel_gauge_driver_api.static.*)))
                0x0000000000007f74                _fuel_gauge_driver_api_list_end = .

gnss_driver_api_area
                0x0000000000007f74        0x0
                0x0000000000007f74                _gnss_driver_api_list_start = .
 *(SORT_BY_NAME(SORT_BY_ALIGNMENT(._gnss_driver_api.static.*)))
                0x0000000000007f74                _gnss_driver_api_list_end = .

hwspinlock_driver_api_area
                0x0000000000007f74        0x0
                0x0000000000007f74                _hwspinlock_driver_api_list_start = .
 *(SORT_BY_NAME(SORT_BY_ALIGNMENT(._hwspinlock_driver_api.static.*)))
                0x0000000000007f74                _hwspinlock_driver_api_list_end = .

i2s_driver_api_area
                0x0000000000007f74        0x0
                0x0000000000007f74                _i2s_driver_api_list_start = .
 *(SORT_BY_NAME(SORT_BY_ALIGNMENT(._i2s_driver_api.static.*)))
                0x0000000000007f74                _i2s_driver_api_list_end = .

i3c_driver_api_area
                0x0000000000007f74        0x0
                0x0000000000007f74                _i3c_driver_api_list_start = .
 *(SORT_BY_NAME(SORT_BY_ALIGNMENT(._i3c_driver_api.static.*)))
                0x0000000000007f74                _i3c_driver_api_list_end = .

ipm_driver_api_area
                0x0000000000007f74        0x0
                0x0000000000007f74                _ipm_driver_api_list_start = .
 *(SORT_BY_NAME(SORT_BY_ALIGNMENT(._ipm_driver_api.static.*)))
                0x0000000000007f74                _ipm_driver_api_list_end = .

led_driver_api_area
                0x0000000000007f74        0x0
                0x0000000000007f74                _led_driver_api_list_start = .
 *(SORT_BY_NAME(SORT_BY_ALIGNMENT(._led_driver_api.static.*)))
                0x0000000000007f74                _led_driver_api_list_end = .

led_strip_driver_api_area
                0x0000000000007f74        0x0
                0x0000000000007f74                _led_strip_driver_api_list_start = .
 *(SORT_BY_NAME(SORT_BY_ALIGNMENT(._led_strip_driver_api.static.*)))
                0x0000000000007f74                _led_strip_driver_api_list_end = .

lora_driver_api_area
                0x0000000000007f74        0x0
                0x0000000000007f74                _lora_driver_api_list_start = .
 *(SORT_BY_NAME(SORT_BY_ALIGNMENT(._lora_driver_api.static.*)))
                0x0000000000007f74                _lora_driver_api_list_end = .

mbox_driver_api_area
                0x0000000000007f74        0x0
                0x0000000000007f74                _mbox_driver_api_list_start = .
 *(SORT_BY_NAME(SORT_BY_ALIGNMENT(._mbox_driver_api.static.*)))
                0x0000000000007f74                _mbox_driver_api_list_end = .

mdio_driver_api_area
                0x0000000000007f74        0x0
                0x0000000000007f74                _mdio_driver_api_list_start = .
 *(SORT_BY_NAME(SORT_BY_ALIGNMENT(._mdio_driver_api.static.*)))
                0x0000000000007f74                _mdio_driver_api_list_end = .

mipi_dbi_driver_api_area
                0x0000000000007f74        0x0
                0x0000000000007f74                _mipi_dbi_driver_api_list_start = .
 *(SORT_BY_NAME(SORT_BY_ALIGNMENT(._mipi_dbi_driver_api.static.*)))
                0x0000000000007f74                _mipi_dbi_driver_api_list_end = .

mipi_dsi_driver_api_area
                0x0000000000007f74        0x0
                0x0000000000007f74                _mipi_dsi_driver_api_list_start = .
 *(SORT_BY_NAME(SORT_BY_ALIGNMENT(._mipi_dsi_driver_api.static.*)))
                0x0000000000007f74                _mipi_dsi_driver_api_list_end = .

mspi_driver_api_area
                0x0000000000007f74        0x0
                0x0000000000007f74                _mspi_driver_api_list_start = .
 *(SORT_BY_NAME(SORT_BY_ALIGNMENT(._mspi_driver_api.static.*)))
                0x0000000000007f74                _mspi_driver_api_list_end = .

opamp_driver_api_area
                0x0000000000007f74        0x0
                0x0000000000007f74                _opamp_driver_api_list_start = .
 *(SORT_BY_NAME(SORT_BY_ALIGNMENT(._opamp_driver_api.static.*)))
                0x0000000000007f74                _opamp_driver_api_list_end = .

peci_driver_api_area
                0x0000000000007f74        0x0
                0x0000000000007f74                _peci_driver_api_list_start = .
 *(SORT_BY_NAME(SORT_BY_ALIGNMENT(._peci_driver_api.static.*)))
                0x0000000000007f74                _peci_driver_api_list_end = .

ps2_driver_api_area
                0x0000000000007f74        0x0
                0x0000000000007f74                _ps2_driver_api_list_start = .
 *(SORT_BY_NAME(SORT_BY_ALIGNMENT(._ps2_driver_api.static.*)))
                0x0000000000007f74                _ps2_driver_api_list_end = .

ptp_clock_driver_api_area
                0x0000000000007f74        0x0
                0x0000000000007f74                _ptp_clock_driver_api_list_start = .
 *(SORT_BY_NAME(SORT_BY_ALIGNMENT(._ptp_clock_driver_api.static.*)))
                0x0000000000007f74                _ptp_clock_driver_api_list_end = .

pwm_driver_api_area
                0x0000000000007f74        0x0
                0x0000000000007f74                _pwm_driver_api_list_start = .
 *(SORT_BY_NAME(SORT_BY_ALIGNMENT(._pwm_driver_api.static.*)))
                0x0000000000007f74                _pwm_driver_api_list_end = .

regulator_parent_driver_api_area
                0x0000000000007f74        0x0
                0x0000000000007f74                _regulator_parent_driver_api_list_start = .
 *(SORT_BY_NAME(SORT_BY_ALIGNMENT(._regulator_parent_driver_api.static.*)))
                0x0000000000007f74                _regulator_parent_driver_api_list_end = .

regulator_driver_api_area
                0x0000000000007f74        0x0
                0x0000000000007f74                _regulator_driver_api_list_start = .
 *(SORT_BY_NAME(SORT_BY_ALIGNMENT(._regulator_driver_api.static.*)))
                0x0000000000007f74                _regulator_driver_api_list_end = .

reset_driver_api_area
                0x0000000000007f74        0x0
                0x0000000000007f74                _reset_driver_api_list_start = .
 *(SORT_BY_NAME(SORT_BY_ALIGNMENT(._reset_driver_api.static.*)))
                0x0000000000007f74                _reset_driver_api_list_end = .

retained_mem_driver_api_area
                0x0000000000007f74        0x0
                0x0000000000007f74                _retained_mem_driver_api_list_start = .
 *(SORT_BY_NAME(SORT_BY_ALIGNMENT(._retained_mem_driver_api.static.*)))
                0x0000000000007f74                _retained_mem_driver_api_list_end = .

rtc_driver_api_area
                0x0000000000007f74        0x0
                0x0000000000007f74                _rtc_driver_api_list_start = .
 *(SORT_BY_NAME(SORT_BY_ALIGNMENT(._rtc_driver_api.static.*)))
                0x0000000000007f74                _rtc_driver_api_list_end = .

sdhc_driver_api_area
                0x0000000000007f74        0x0
                0x0000000000007f74                _sdhc_driver_api_list_start = .
 *(SORT_BY_NAME(SORT_BY_ALIGNMENT(._sdhc_driver_api.static.*)))
                0x0000000000007f74                _sdhc_driver_api_list_end = .

sensor_driver_api_area
                0x0000000000007f74        0x0
                0x0000000000007f74                _sensor_driver_api_list_start = .
 *(SORT_BY_NAME(SORT_BY_ALIGNMENT(._sensor_driver_api.static.*)))
                0x0000000000007f74                _sensor_driver_api_list_end = .

smbus_driver_api_area
                0x0000000000007f74        0x0
                0x0000000000007f74                _smbus_driver_api_list_start = .
 *(SORT_BY_NAME(SORT_BY_ALIGNMENT(._smbus_driver_api.static.*)))
                0x0000000000007f74                _smbus_driver_api_list_end = .

spi_driver_api_area
                0x0000000000007f74        0x0
                0x0000000000007f74                _spi_driver_api_list_start = .
 *(SORT_BY_NAME(SORT_BY_ALIGNMENT(._spi_driver_api.static.*)))
                0x0000000000007f74                _spi_driver_api_list_end = .

stepper_driver_api_area
                0x0000000000007f74        0x0
                0x0000000000007f74                _stepper_driver_api_list_start = .
 *(SORT_BY_NAME(SORT_BY_ALIGNMENT(._stepper_driver_api.static.*)))
                0x0000000000007f74                _stepper_driver_api_list_end = .

syscon_driver_api_area
                0x0000000000007f74        0x0
                0x0000000000007f74                _syscon_driver_api_list_start = .
 *(SORT_BY_NAME(SORT_BY_ALIGNMENT(._syscon_driver_api.static.*)))
                0x0000000000007f74                _syscon_driver_api_list_end = .

tee_driver_api_area
                0x0000000000007f74        0x0
                0x0000000000007f74                _tee_driver_api_list_start = .
 *(SORT_BY_NAME(SORT_BY_ALIGNMENT(._tee_driver_api.static.*)))
                0x0000000000007f74                _tee_driver_api_list_end = .

video_driver_api_area
                0x0000000000007f74        0x0
                0x0000000000007f74                _video_driver_api_list_start = .
 *(SORT_BY_NAME(SORT_BY_ALIGNMENT(._video_driver_api.static.*)))
                0x0000000000007f74                _video_driver_api_list_end = .

virtio_driver_api_area
                0x0000000000007f74        0x0
                0x0000000000007f74                _virtio_driver_api_list_start = .
 *(SORT_BY_NAME(SORT_BY_ALIGNMENT(._virtio_driver_api.static.*)))
                0x0000000000007f74                _virtio_driver_api_list_end = .

w1_driver_api_area
                0x0000000000007f74        0x0
                0x0000000000007f74                _w1_driver_api_list_start = .
 *(SORT_BY_NAME(SORT_BY_ALIGNMENT(._w1_driver_api.static.*)))
                0x0000000000007f74                _w1_driver_api_list_end = .

wdt_driver_api_area
                0x0000000000007f74        0x0
                0x0000000000007f74                _wdt_driver_api_list_start = .
 *(SORT_BY_NAME(SORT_BY_ALIGNMENT(._wdt_driver_api.static.*)))
                0x0000000000007f74                _wdt_driver_api_list_end = .

can_transceiver_driver_api_area
                0x0000000000007f74        0x0
                0x0000000000007f74                _can_transceiver_driver_api_list_start = .
 *(SORT_BY_NAME(SORT_BY_ALIGNMENT(._can_transceiver_driver_api.static.*)))
                0x0000000000007f74                _can_transceiver_driver_api_list_end = .

nrf_clock_control_driver_api_area